 PhysXCooking_64

 Timestamp is 608171a5 (Thu Apr 22 21:52:53 2021)

 Preferred load address is 0000000180000000

 Start         Length     Name                   Class
 0001:00000000 000003c0H .text$di                CODE
 0001:000003c0 0002f290H .text$mn                CODE
 0001:0002f650 00000036H .text$mn$00             CODE
 0001:0002f686 00000092H .text$x                 CODE
 0002:00000000 000001c8H .idata$5                DATA
 0002:000001c8 00000028H .00cfg                  DATA
 0002:000001f0 00000008H .CRT$XCA                DATA
 0002:000001f8 000001e0H .CRT$XCU                DATA
 0002:000003d8 00000008H .CRT$XCZ                DATA
 0002:000003e0 00000008H .CRT$XIA                DATA
 0002:000003e8 00000008H .CRT$XIZ                DATA
 0002:000003f0 00000008H .CRT$XPA                DATA
 0002:000003f8 00000008H .CRT$XPZ                DATA
 0002:00000400 00000008H .CRT$XTA                DATA
 0002:00000408 00000008H .CRT$XTZ                DATA
 0002:00000410 00000000H .gehcont$y              DATA
 0002:00000410 00000000H .gfids$y                DATA
 0002:00000410 00002270H .rdata                  DATA
 0002:00002680 00000008H .rdata$CastGuardVftablesA DATA
 0002:00002688 00000008H .rdata$CastGuardVftablesC DATA
 0002:00002690 00000074H .rdata$r                DATA
 0002:00002704 00000414H .rdata$zzzdbg           DATA
 0002:00002b18 00000008H .rtc$IAA                DATA
 0002:00002b20 00000008H .rtc$IZZ                DATA
 0002:00002b28 00000008H .rtc$TAA                DATA
 0002:00002b30 00000008H .rtc$TZZ                DATA
 0002:00002b38 00003ba0H .xdata                  DATA
 0002:000066d8 00000040H .didat$2                DATA
 0002:00006718 00000020H .didat$3                DATA
 0002:00006738 00000198H .didat$4                DATA
 0002:000068d0 000009c0H .didat$6                DATA
 0002:00007290 000001a0H .didat$7                DATA
 0002:00007430 00001d00H .edata                  DATA
 0002:00009130 00000078H .idata$2                DATA
 0002:000091a8 00000018H .idata$3                DATA
 0002:000091c0 000001c8H .idata$4                DATA
 0002:00009388 00000476H .idata$6                DATA
 0003:00000000 00000070H .data                   DATA
 0003:00000070 00000630H .data$r                 DATA
 0003:000006a0 00000020H .data$rs                DATA
 0003:000006c0 000001a0H .didat$5                DATA
 0003:00000860 000004a0H .bss                    DATA
 0004:00000000 000023e8H .pdata                  DATA
 0005:00000000 00002208H _RDATA                  DATA
 0006:00000000 000000a0H .rsrc$01                DATA
 0006:000000a0 000004b0H .rsrc$02                DATA

  Address         Publics by Value              Rva+Base               Lib:Object

 0000:00000000       __guard_fids_count         0000000000000000     <absolute>
 0000:00000000       __guard_eh_cont_count      0000000000000000     <absolute>
 0000:00000000       __hybrid_auxiliary_iat_copy 0000000000000000     <absolute>
 0000:00000000       __arm64x_redirection_metadata_count 0000000000000000     <absolute>
 0000:00000000       __x64_code_ranges_to_entry_points_count 0000000000000000     <absolute>
 0000:00000000       __arm64x_extra_rfe_table_size 0000000000000000     <absolute>
 0000:00000000       __enclave_config           0000000000000000     <absolute>
 0000:00000000       __volatile_metadata        0000000000000000     <absolute>
 0000:00000000       ___safe_se_handler_table   0000000000000000     <absolute>
 0000:00000000       __guard_check_icall_a64n_fptr 0000000000000000     <absolute>
 0000:00000000       __arm64x_redirection_metadata 0000000000000000     <absolute>
 0000:00000000       __guard_longjmp_table      0000000000000000     <absolute>
 0000:00000000       __arm64x_extra_rfe_table   0000000000000000     <absolute>
 0000:00000000       __hybrid_auxiliary_iat     0000000000000000     <absolute>
 0000:00000000       __guard_iat_count          0000000000000000     <absolute>
 0000:00000000       __guard_iat_table          0000000000000000     <absolute>
 0000:00000000       __hybrid_code_map          0000000000000000     <absolute>
 0000:00000000       __AbsoluteZero             0000000000000000     <absolute>
 0000:00000000       __guard_eh_cont_table      0000000000000000     <absolute>
 0000:00000000       __dynamic_value_reloc_table 0000000000000000     <absolute>
 0000:00000000       ___safe_se_handler_count   0000000000000000     <absolute>
 0000:00000000       __arm64x_native_entrypoint 0000000000000000     <absolute>
 0000:00000000       __guard_longjmp_count      0000000000000000     <absolute>
 0000:00000000       __x64_code_ranges_to_entry_points 0000000000000000     <absolute>
 0000:00000000       __guard_fids_table         0000000000000000     <absolute>
 0000:00000000       __hybrid_code_map_count    0000000000000000     <absolute>
 0000:00000100       __guard_flags              0000000000000100     <absolute>
 0000:00000000       __ImageBase                0000000180000000     <linker-defined>
 0001:000003c0       ?ComputeNbBoundaryEdges@AdjTriangle@physx@@QEBAIXZ 00000001800013c0 f   Adjacencies.obj
 0001:00000410       ?ComputeNbNeighbors@AdjTriangle@physx@@QEBAIXZ 0000000180001410 f   Adjacencies.obj
 0001:00000460       ?HasNeighbor@AdjTriangle@physx@@QEBA_NIPEAI@Z 0000000180001460 f   Adjacencies.obj
 0001:000004d0       ?Flip@AdjTriangle@physx@@QEAAXXZ 00000001800014d0 f   Adjacencies.obj
 0001:000004f0       ??0Adjacencies@physx@@QEAA@XZ 00000001800014f0 f   Adjacencies.obj
 0001:00000510       ??1Adjacencies@physx@@QEAA@XZ 0000000180001510 f   Adjacencies.obj
 0001:00000580       ?Load@Adjacencies@physx@@QEAA_NAEAVPxInputStream@2@@Z 0000000180001580 f   Adjacencies.obj
 0001:00000660       ?ComputeNbBoundaryEdges@Adjacencies@physx@@QEBAIXZ 0000000180001660 f   Adjacencies.obj
 0001:000006e0       ?GetBoundaryVertices@Adjacencies@physx@@QEBA_NIPEA_NPEBU?$TriangleT@I@Gu@2@@Z 00000001800016e0 f   Adjacencies.obj
 0001:00000850       ?MakeLastRef@Adjacencies@physx@@QEAA_NAEAVAdjTriangle@2@IPEAU?$TriangleT@I@Gu@2@@Z 0000000180001850 f   Adjacencies.obj
 0001:00000aa0       ?AssignNewEdgeCode@Adjacencies@physx@@AEAAXIE@Z 0000000180001aa0 f   Adjacencies.obj
 0001:00000af0       ??0AdjacenciesBuilder@physx@@QEAA@XZ 0000000180001af0 f   Adjacencies.obj
 0001:00000b10       ??1AdjacenciesBuilder@physx@@QEAA@XZ 0000000180001b10 f   Adjacencies.obj
 0001:00000b20       ?Init@AdjacenciesBuilder@physx@@QEAA_NAEBUADJACENCIESCREATE@2@@Z 0000000180001b20 f   Adjacencies.obj
 0001:00000e90       ??$?_UV?$ReflectionAllocator@VAdjTriangle@physx@@@shdfnd@physx@@@UserAllocated@shdfnd@physx@@SAPEAX_KV?$ReflectionAllocator@VAdjTriangle@physx@@@12@PEBDH@Z 0000000180001e90 f i Adjacencies.obj
 0001:00000f30       ??0AdjEdge@@QEAA@XZ        0000000180001f30 f i Adjacencies.obj
 0001:00000f40       ??0AdjTriangle@physx@@QEAA@XZ 0000000180001f40 f i Adjacencies.obj
 0001:00000f50       ??0Allocator@shdfnd@physx@@QEAA@PEBD@Z 0000000180001f50 f i Adjacencies.obj
 0001:00000f60       ??0PxFoundation@physx@@QEAA@AEBV01@@Z 0000000180001f60 f i Adjacencies.obj
 0001:00000f70       ??0PxFoundation@physx@@QEAA@XZ 0000000180001f70 f i Adjacencies.obj
 0001:00000f80       ??1AdjEdge@@QEAA@XZ        0000000180001f80 f i Adjacencies.obj
 0001:00000f90       ??1AdjTriangle@physx@@QEAA@XZ 0000000180001f90 f i Adjacencies.obj
 0001:00000fa0       ??1PxFoundation@physx@@MEAA@XZ 0000000180001fa0 f i Adjacencies.obj
 0001:00000fb0       ??4Allocator@shdfnd@physx@@QEAAAEAV012@$$QEAV012@@Z 0000000180001fb0 f i Adjacencies.obj
 0001:00000fc0       ??4Allocator@shdfnd@physx@@QEAAAEAV012@AEBV012@@Z 0000000180001fc0 f i Adjacencies.obj
 0001:00000fd0       ??4MutexImpl@shdfnd@physx@@QEAAAEAV012@AEBV012@@Z 0000000180001fd0 f i Adjacencies.obj
 0001:00000fe0       ??4PxFoundation@physx@@QEAAAEAV01@AEBV01@@Z 0000000180001fe0 f i Adjacencies.obj
 0001:00000ff0       ??_EAdjEdge@@QEAAPEAXI@Z   0000000180001ff0 f i Adjacencies.obj
 0001:00001070       ??_EAdjTriangle@physx@@QEAAPEAXI@Z 0000000180002070 f i Adjacencies.obj
 0001:000010f0       ??_EPxFoundation@physx@@MEAAPEAXI@Z 00000001800020f0 f i Adjacencies.obj
 0001:00001180       ??_FAllocator@shdfnd@physx@@QEAAXXZ 0000000180002180 f i Adjacencies.obj
 0001:00001190       ??_GPxFoundation@physx@@MEAAPEAXI@Z 0000000180002190 f i Adjacencies.obj
 0001:000011c0       ??_H@YAXPEAX_K1P6APEAX0@Z@Z 00000001800021c0 f i Adjacencies.obj
 0001:00001210       ??_I@YAXPEAX_K1P6AX0@Z@Z   0000000180002210 f i Adjacencies.obj
 0001:000014d0       ?GetNbHits@RadixSort@Cm@physx@@QEBAIXZ 00000001800024d0 f i Adjacencies.obj
 0001:000014e0       ?GetNbTotalCalls@RadixSort@Cm@physx@@QEBAIXZ 00000001800024e0 f i Adjacencies.obj
 0001:000014f0       ?GetRanks@RadixSort@Cm@physx@@QEBAPEBIXZ 00000001800024f0 f i Adjacencies.obj
 0001:00001500       ?GetRecyclable@RadixSort@Cm@physx@@QEBAPEAIXZ 0000000180002500 f i Adjacencies.obj
 0001:00001750       ?__empty_global_delete@@YAXPEAX@Z 0000000180002750 f i Adjacencies.obj
 0001:00001760       ?__empty_global_delete@@YAXPEAX_K@Z 0000000180002760 f i Adjacencies.obj
 0001:00001770       ?getAllocator@Foundation@shdfnd@physx@@QEAAAEAVPxAllocatorCallback@3@XZ 0000000180002770 f i Adjacencies.obj
 0001:00001780       ?getAllocatorCallback@Foundation@shdfnd@physx@@UEAAAEAVPxAllocatorCallback@3@XZ 0000000180002780 f i Adjacencies.obj
 0001:00001790       ?getErrorCallback@Foundation@shdfnd@physx@@UEAAAEAVPxErrorCallback@3@XZ 0000000180002790 f i Adjacencies.obj
 0001:000017a0       ?getErrorLevel@Foundation@shdfnd@physx@@UEBA?AW4Enum@PxErrorCode@3@XZ 00000001800027a0 f i Adjacencies.obj
 0001:000017b0       ?getInternalErrorCallback@Foundation@shdfnd@physx@@QEAAAEAVPxErrorCallback@3@XZ 00000001800027b0 f i Adjacencies.obj
 0001:000017c0       ?getNamedAllocMap@Foundation@shdfnd@physx@@QEAAAEAV?$HashMap@PEBVNamedAllocator@shdfnd@physx@@PEBDU?$Hash@PEBVNamedAllocator@shdfnd@physx@@@23@VNonTrackingAllocator@23@@23@XZ 00000001800027c0 f i Adjacencies.obj
 0001:000017d0       ?getNamedAllocMutex@Foundation@shdfnd@physx@@QEAAAEAV?$MutexT@VAllocator@shdfnd@physx@@@23@XZ 00000001800027d0 f i Adjacencies.obj
 0001:000017e0       ?getReportAllocationNames@Foundation@shdfnd@physx@@UEBA_NXZ 00000001800027e0 f i Adjacencies.obj
 0001:000017f0       ?getTempAllocFreeTable@Foundation@shdfnd@physx@@QEAAAEAV?$Array@PEATTempAllocatorChunk@shdfnd@physx@@VAllocator@23@@23@XZ 00000001800027f0 f i Adjacencies.obj
 0001:00001800       ?getTempAllocMutex@Foundation@shdfnd@physx@@QEAAAEAV?$MutexT@VAllocator@shdfnd@physx@@@23@XZ 0000000180002800 f i Adjacencies.obj
 0001:00001810       ?invalidateRanks@RadixSort@Cm@physx@@QEAAXXZ 0000000180002810 f i Adjacencies.obj
 0001:00001820       ?setErrorLevel@Foundation@shdfnd@physx@@UEAAXW4Enum@PxErrorCode@3@@Z 0000000180002820 f i Adjacencies.obj
 0001:00001830       ?setReportAllocationNames@Foundation@shdfnd@physx@@UEAAX_N@Z 0000000180002830 f i Adjacencies.obj
 0001:00001840       PxCreateCooking            0000000180002840 f   Cooking.obj
 0001:00001930       ?release@Cooking@physx@@UEAAXXZ 0000000180002930 f   Cooking.obj
 0001:00001960       ?setParams@Cooking@physx@@UEAAXAEBUPxCookingParams@2@@Z 0000000180002960 f   Cooking.obj
 0001:000019c0       ?getParams@Cooking@physx@@UEBAAEBUPxCookingParams@2@XZ 00000001800029c0 f   Cooking.obj
 0001:000019d0       ?platformMismatch@Cooking@physx@@UEBA_NXZ 00000001800029d0 f   Cooking.obj
 0001:000019e0       ?cookTriangleMesh@Cooking@physx@@UEBA_NAEBVPxTriangleMeshDesc@2@AEAVPxOutputStream@2@PEAW4Enum@PxTriangleMeshCookingResult@2@@Z 00000001800029e0 f   Cooking.obj
 0001:00001b20       ?createTriangleMesh@Cooking@physx@@UEBAPEAVPxTriangleMesh@2@AEBVPxTriangleMeshDesc@2@AEAVPxPhysicsInsertionCallback@2@PEAW4Enum@PxTriangleMeshCookingResult@2@@Z 0000000180002b20 f   Cooking.obj
 0001:00001c80       ?validateTriangleMesh@Cooking@physx@@UEBA_NAEBVPxTriangleMeshDesc@2@@Z 0000000180002c80 f   Cooking.obj
 0001:00001d90       ?cookConvexMesh@Cooking@physx@@UEBA_NAEBVPxConvexMeshDesc@2@AEAVPxOutputStream@2@PEAW4Enum@PxConvexMeshCookingResult@2@@Z 0000000180002d90 f   Cooking.obj
 0001:00001f80       ?createConvexMesh@Cooking@physx@@UEBAPEAVPxConvexMesh@2@AEBVPxConvexMeshDesc@2@AEAVPxPhysicsInsertionCallback@2@PEAW4Enum@PxConvexMeshCookingResult@2@@Z 0000000180002f80 f   Cooking.obj
 0001:00002180       ?validateConvexMesh@Cooking@physx@@UEBA_NAEBVPxConvexMeshDesc@2@@Z 0000000180003180 f   Cooking.obj
 0001:000021f0       ?computeHullPolygons@Cooking@physx@@UEBA_NAEBVPxSimpleTriangleMesh@2@AEAVPxAllocatorCallback@2@AEAIAEAPEAVPxVec3@2@2AEAPEAI2AEAPEAUPxHullPolygon@2@@Z 00000001800031f0 f   Cooking.obj
 0001:000023d0       ?cookHeightField@Cooking@physx@@UEBA_NAEBVPxHeightFieldDesc@2@AEAVPxOutputStream@2@@Z 00000001800033d0 f   Cooking.obj
 0001:000024b0       ?createHeightField@Cooking@physx@@UEBAPEAVPxHeightField@2@AEBVPxHeightFieldDesc@2@AEAVPxPhysicsInsertionCallback@2@@Z 00000001800034b0 f   Cooking.obj
 0001:00002610       ?cookBVHStructure@Cooking@physx@@UEBA_NAEBVPxBVHStructureDesc@2@AEAVPxOutputStream@2@@Z 0000000180003610 f   Cooking.obj
 0001:000026c0       ?createBVHStructure@Cooking@physx@@UEBAPEAVPxBVHStructure@2@AEBVPxBVHStructureDesc@2@AEAVPxPhysicsInsertionCallback@2@@Z 00000001800036c0 f   Cooking.obj
 0001:00002770       ?cookConvexMeshInternal@Cooking@physx@@AEBA_NAEBVPxConvexMeshDesc@2@AEAVConvexMeshBuilder@2@PEAVConvexHullLib@2@PEAW4Enum@PxConvexMeshCookingResult@2@@Z 0000000180003770 f   Cooking.obj
 0001:000029e0       ?cookTriangleMesh@Cooking@physx@@AEBA_NAEAVTriangleMeshBuilder@2@AEBVPxTriangleMeshDesc@2@AEAVPxOutputStream@2@PEAW4Enum@PxTriangleMeshCookingResult@2@@Z 00000001800039e0 f   Cooking.obj
 0001:00002a80       ?createTriangleMesh@Cooking@physx@@AEBAPEAVPxTriangleMesh@2@AEAVTriangleMeshBuilder@2@AEBVPxTriangleMeshDesc@2@AEAVPxPhysicsInsertionCallback@2@PEAW4Enum@PxTriangleMeshCookingResult@2@@Z 0000000180003a80 f   Cooking.obj
 0001:00002b30       ??0DebugText@Cm@physx@@QEAA@$$QEAU012@@Z 0000000180003b30 f i Cooking.obj
 0001:00002c10       ??0DebugText@Cm@physx@@QEAA@AEBU012@@Z 0000000180003c10 f i Cooking.obj
 0001:00002cf0       ??0HeightFieldData@Gu@physx@@QEAA@$$QEAU012@@Z 0000000180003cf0 f i Cooking.obj
 0001:00002d50       ??0HeightFieldData@Gu@physx@@QEAA@AEBU012@@Z 0000000180003d50 f i Cooking.obj
 0001:00002db0       ??0HeightFieldData@Gu@physx@@QEAA@W4PxEMPTY@2@@Z 0000000180003db0 f i Cooking.obj
 0001:00002dc0       ??0HeightFieldData@Gu@physx@@QEAA@XZ 0000000180003dc0 f i Cooking.obj
 0001:00002dd0       ??0RenderOutput@Cm@physx@@QEAA@AEAVRenderBuffer@12@@Z 0000000180003dd0 f i Cooking.obj
 0001:00002e20       ??0RenderOutput@Cm@physx@@QEAA@AEBV012@@Z 0000000180003e20 f i Cooking.obj
 0001:00002ec0       ??1HeightFieldData@Gu@physx@@QEAA@XZ 0000000180003ec0 f i Cooking.obj
 0001:00002ed0       ??1PxBase@physx@@MEAA@XZ   0000000180003ed0 f i Cooking.obj
 0001:00002ee0       ??1PxConvexMesh@physx@@MEAA@XZ 0000000180003ee0 f i Cooking.obj
 0001:00002ef0       ??1PxCooking@physx@@MEAA@XZ 0000000180003ef0 f i Cooking.obj
 0001:00002f00       ??1PxHeightField@physx@@MEAA@XZ 0000000180003f00 f i Cooking.obj
 0001:00002f10       ??4DebugText@Cm@physx@@QEAAAEAU012@$$QEAU012@@Z 0000000180003f10 f i Cooking.obj
 0001:00003040       ??4DebugText@Cm@physx@@QEAAAEAU012@AEBU012@@Z 0000000180004040 f i Cooking.obj
 0001:00003170       ??4FPUGuard@shdfnd@physx@@QEAAAEAV012@AEBV012@@Z 0000000180004170 f i Cooking.obj
 0001:00003190       ??4HeightFieldData@Gu@physx@@QEAAAEAU012@$$QEAU012@@Z 0000000180004190 f i Cooking.obj
 0001:000031f0       ??4HeightFieldData@Gu@physx@@QEAAAEAU012@AEBU012@@Z 00000001800041f0 f i Cooking.obj
 0001:00003250       ??_ECooking@physx@@UEAAPEAXI@Z 0000000180004250 f i Cooking.obj
 0001:00003250       ??_GCooking@physx@@UEAAPEAXI@Z 0000000180004250 f i Cooking.obj
 0001:000032a0       ??_EPxBase@physx@@MEAAPEAXI@Z 00000001800042a0 f i Cooking.obj
 0001:000032a0       ??_GPxBase@physx@@MEAAPEAXI@Z 00000001800042a0 f i Cooking.obj
 0001:000032d0       ??_GPxCooking@physx@@MEAAPEAXI@Z 00000001800042d0 f i Cooking.obj
 0001:000032d0       ??_EPxCooking@physx@@MEAAPEAXI@Z 00000001800042d0 f i Cooking.obj
 0001:00003300       ?allocate@?$Array@UPxDebugLine@physx@@V?$ReflectionAllocator@UPxDebugLine@physx@@@shdfnd@2@@shdfnd@physx@@IEAAPEAUPxDebugLine@3@I@Z 0000000180004300 f i Cooking.obj
 0001:000033a0       ?copy@?$Array@UPxDebugLine@physx@@V?$ReflectionAllocator@UPxDebugLine@physx@@@shdfnd@2@@shdfnd@physx@@KAXPEAUPxDebugLine@3@0PEBU43@@Z 00000001800043a0 f i Cooking.obj
 0001:00003550       ?getConcreteTypeName@PxConvexMesh@physx@@UEBAPEBDXZ 0000000180004550 f i Cooking.obj
 0001:00003560       ?getConcreteTypeName@PxHeightField@physx@@UEBAPEBDXZ 0000000180004560 f i Cooking.obj
 0001:00003570       ?getConvexEdgeThreshold@HeightField@Gu@physx@@UEBAMXZ 0000000180004570 f i Cooking.obj
 0001:00003580       ?getFlags@HeightField@Gu@physx@@UEBA?AV?$PxFlags@W4Enum@PxHeightFieldFlag@physx@@G@3@XZ 0000000180004580 f i Cooking.obj
 0001:00003590       ?getFormat@HeightField@Gu@physx@@UEBA?AW4Enum@PxHeightFieldFormat@3@XZ 0000000180004590 f i Cooking.obj
 0001:000035a0       ?getHeight@HeightField@Gu@physx@@UEBAMMM@Z 00000001800045a0 f i Cooking.obj
 0001:000035e0       ?getHeightInternal2@HeightField@Gu@physx@@QEBAMIMM@Z 00000001800045e0 f i Cooking.obj
 0001:00003750       ?getIndexBuffer@ConvexMesh@Gu@physx@@UEBAPEBEXZ 0000000180004750 f i Cooking.obj
 0001:00003790       ?getNbColumns@HeightField@Gu@physx@@UEBAIXZ 0000000180004790 f i Cooking.obj
 0001:000037a0       ?getNbPolygons@ConvexMesh@Gu@physx@@UEBAIXZ 00000001800047a0 f i Cooking.obj
 0001:000037b0       ?getNbRows@HeightField@Gu@physx@@UEBAIXZ 00000001800047b0 f i Cooking.obj
 0001:000037c0       ?getNbVertices@ConvexMesh@Gu@physx@@UEBAIXZ 00000001800047c0 f i Cooking.obj
 0001:000037d0       ?getPaddedBounds@HeightFieldData@Gu@physx@@QEBAAEBVCenterExtentsPadded@23@XZ 00000001800047d0 f i Cooking.obj
 0001:000037e0       ?getSample@HeightField@Gu@physx@@UEBAAEBUPxHeightFieldSample@3@II@Z 00000001800047e0 f i Cooking.obj
 0001:000037f0       ?getSampleStride@HeightField@Gu@physx@@UEBAIXZ 00000001800047f0 f i Cooking.obj
 0001:00003800       ?getTimestamp@HeightField@Gu@physx@@UEBAIXZ 0000000180004800 f i Cooking.obj
 0001:00003810       ?getTriangleMaterialIndex@HeightField@Gu@physx@@UEBAGI@Z 0000000180004810 f i Cooking.obj
 0001:00003840       ?getTriangleNormal@HeightField@Gu@physx@@UEBA?AVPxVec3@3@I@Z 0000000180004840 f i Cooking.obj
 0001:00003940       ?getVertices@ConvexMesh@Gu@physx@@UEBAPEBVPxVec3@3@XZ 0000000180004940 f i Cooking.obj
 0001:00003960       ?isKindOf@PxBase@physx@@MEBA_NPEBD@Z 0000000180004960 f i Cooking.obj
 0001:00003990       ?isKindOf@PxConvexMesh@physx@@MEBA_NPEBD@Z 0000000180004990 f i Cooking.obj
 0001:000039e0       ?isKindOf@PxHeightField@physx@@MEBA_NPEBD@Z 00000001800049e0 f i Cooking.obj
 0001:00003a30       ?isReleasable@PxBase@physx@@UEBA_NXZ 0000000180004a30 f i Cooking.obj
 0001:00003a40       ?outputSegment@RenderOutput@Cm@physx@@QEAAXAEBVPxVec3@3@0@Z 0000000180004a40 f i Cooking.obj
 0001:00003b00       ?preExportDataReset@ConvexMesh@Gu@physx@@QEAAXXZ 0000000180004b00 f i Cooking.obj
 0001:00003b10       ?preExportDataReset@HeightField@Gu@physx@@QEAAXXZ 0000000180004b10 f i Cooking.obj
 0001:00003b20       ?recreate@?$Array@UPxDebugLine@physx@@V?$ReflectionAllocator@UPxDebugLine@physx@@@shdfnd@2@@shdfnd@physx@@IEAAXI@Z 0000000180004b20 f i Cooking.obj
 0001:00003bb0       ?reserveSegments@RenderOutput@Cm@physx@@QEAAPEAUPxDebugLine@3@I@Z 0000000180004bb0 f i Cooking.obj
 0001:00003c20       ??0ReducedVertexCloud@physx@@QEAA@PEBVPxVec3@1@I@Z 0000000180004c20 f   CookingUtils.obj
 0001:00003c40       ??1ReducedVertexCloud@physx@@QEAA@XZ 0000000180004c40 f   CookingUtils.obj
 0001:00003c50       ?Clean@ReducedVertexCloud@physx@@QEAAAEAV12@XZ 0000000180004c50 f   CookingUtils.obj
 0001:00003cc0       ?Reduce@ReducedVertexCloud@physx@@QEAA_NPEAUREDUCEDCLOUD@2@@Z 0000000180004cc0 f   CookingUtils.obj
 0001:00003fe0       ??0EdgeList@Gu@physx@@QEAA@XZ 0000000180004fe0 f   EdgeList.obj
 0001:00004000       ??1EdgeList@Gu@physx@@QEAA@XZ 0000000180005000 f   EdgeList.obj
 0001:000040b0       ?load@EdgeList@Gu@physx@@QEAA_NAEAVPxInputStream@3@@Z 00000001800050b0 f   EdgeList.obj
 0001:000042a0       ??0EdgeListBuilder@Gu@physx@@QEAA@XZ 00000001800052a0 f   EdgeList.obj
 0001:000042c0       ??1EdgeListBuilder@Gu@physx@@QEAA@XZ 00000001800052c0 f   EdgeList.obj
 0001:000042d0       ?init@EdgeListBuilder@Gu@physx@@QEAA_NAEBUEDGELISTCREATE@23@@Z 00000001800052d0 f   EdgeList.obj
 0001:00004410       ?createFacesToEdges@EdgeListBuilder@Gu@physx@@AEAA_NIPEBIPEBG@Z 0000000180005410 f   EdgeList.obj
 0001:00004890       ?createEdgesToFaces@EdgeListBuilder@Gu@physx@@AEAA_NIPEBIPEBG@Z 0000000180005890 f   EdgeList.obj
 0001:00004af0       ?computeActiveEdges@EdgeListBuilder@Gu@physx@@AEAA_NIPEBIPEBGPEBVPxVec3@3@M@Z 0000000180005af0 f   EdgeList.obj
 0001:00006130       ??$?_UI@@YAPEAX_KV?$ReflectionAllocator@I@shdfnd@physx@@PEBDH@Z 0000000180007130 f i EdgeList.obj
 0001:000061d0       ??0PxVec3@physx@@QEAA@XZ   00000001800071d0 f i EdgeList.obj
 0001:000061e0       ??0MeshCleaner@physx@@QEAA@IPEBVPxVec3@1@IPEBIM@Z 00000001800071e0 f   MeshCleaner.obj
 0001:00006b80       ??1MeshCleaner@physx@@QEAA@XZ 0000000180007b80 f   MeshCleaner.obj
 0001:00006c10       ?createQuantizer@physx@@YAPEAVQuantizer@1@XZ 0000000180007c10 f   Quantizer.obj
 0001:00006cc0       ?kmeans_cluster3d@@YAIPEBVPxVec3@physx@@IIPEAV12@PEAIMM@Z 0000000180007cc0 f   Quantizer.obj
 0001:00006cd0       ??$kmeans_cluster@VPxVec3@physx@@M@@YAIPEBVPxVec3@physx@@IIPEAV01@PEAIMM@Z 0000000180007cd0 f i Quantizer.obj
 0001:000075f0       ??1Quantizer@physx@@MEAA@XZ 00000001800085f0 f i Quantizer.obj
 0001:00007600       ??1QuantizerImpl@@EEAA@XZ  0000000180008600 f i Quantizer.obj
 0001:00007680       ??_GQuantizer@physx@@MEAAPEAXI@Z 0000000180008680 f i Quantizer.obj
 0001:00007680       ??_EQuantizer@physx@@MEAAPEAXI@Z 0000000180008680 f i Quantizer.obj
 0001:000076b0       ??_GQuantizerImpl@@EEAAPEAXI@Z 00000001800086b0 f i Quantizer.obj
 0001:000076b0       ??_EQuantizerImpl@@EEAAPEAXI@Z 00000001800086b0 f i Quantizer.obj
 0001:00007780       ?getDenormalizeCenter@QuantizerImpl@@UEBAAEBVPxVec3@physx@@XZ 0000000180008780 f i Quantizer.obj
 0001:00007790       ?getDenormalizeScale@QuantizerImpl@@UEBAAEBVPxVec3@physx@@XZ 0000000180008790 f i Quantizer.obj
 0001:000077a0       ?growAndPushBack@?$Array@VPxVec3@physx@@V?$ReflectionAllocator@VPxVec3@physx@@@shdfnd@2@@shdfnd@physx@@IEAAAEAVPxVec3@3@AEBV43@@Z 00000001800087a0 f i Quantizer.obj
 0001:00007970       ?kmeansQuantize3D@QuantizerImpl@@UEAAPEBVPxVec3@physx@@IPEBV23@I_NIAEAI@Z 0000000180008970 f i Quantizer.obj
 0001:00007bd0       ?normalizeInput@QuantizerImpl@@AEAAXIPEBVPxVec3@physx@@I@Z 0000000180008bd0 f i Quantizer.obj
 0001:00008000       ?release@QuantizerImpl@@UEAAXXZ 0000000180009000 f i Quantizer.obj
 0001:00008020       ??0BVHStructureBuilder@physx@@QEAA@XZ 0000000180009020 f   BVHStructureBuilder.obj
 0001:00008040       ??1BVHStructureBuilder@physx@@QEAA@XZ 0000000180009040 f   BVHStructureBuilder.obj
 0001:000080d0       ?loadFromDesc@BVHStructureBuilder@physx@@QEAA_NAEBVPxBVHStructureDesc@2@@Z 00000001800090d0 f   BVHStructureBuilder.obj
 0001:000085a0       ?save@BVHStructureBuilder@physx@@QEBA_NAEAVPxOutputStream@2@_N@Z 00000001800095a0 f   BVHStructureBuilder.obj
 0001:00008730       ?moveData@BVHStructureBuilder@physx@@QEAAXAEAUBVHStructureData@Gu@2@@Z 0000000180009730 f   BVHStructureBuilder.obj
 0001:00008770       ?flatten@@YAXAEBVNodeAllocator@Gu@physx@@PEAUBVHNode@23@@Z 0000000180009770 f   BVHStructureBuilder.obj
 0001:00008920       ??$copy@V?$ReflectionAllocator@USlab@NodeAllocator@Gu@physx@@@shdfnd@physx@@@?$Array@USlab@NodeAllocator@Gu@physx@@V?$ReflectionAllocator@USlab@NodeAllocator@Gu@physx@@@shdfnd@4@@shdfnd@physx@@IEAAXAEBV012@@Z 0000000180009920 f i BVHStructureBuilder.obj
 0001:000089a0       ??0AABBTreeBuildNode@Gu@physx@@QEAA@AEBV012@@Z 00000001800099a0 f i BVHStructureBuilder.obj
 0001:000089e0       ??0AABBTreeBuildNode@Gu@physx@@QEAA@XZ 00000001800099e0 f i BVHStructureBuilder.obj
 0001:000089f0       ??0AABBTreeBuildParams@Gu@physx@@QEAA@IIPEBVPxBounds3@2@@Z 00000001800099f0 f i BVHStructureBuilder.obj
 0001:00008a10       ??0BuildStats@Gu@physx@@QEAA@XZ 0000000180009a10 f i BVHStructureBuilder.obj
 0001:00008a20       ??0NodeAllocator@Gu@physx@@QEAA@AEBV012@@Z 0000000180009a20 f i BVHStructureBuilder.obj
 0001:00008a60       ??1AABBTreeBuildNode@Gu@physx@@QEAA@XZ 0000000180009a60 f i BVHStructureBuilder.obj
 0001:00008a70       ??1AABBTreeBuildParams@Gu@physx@@QEAA@XZ 0000000180009a70 f i BVHStructureBuilder.obj
 0001:00008ad0       ??4AABBTreeBuildNode@Gu@physx@@QEAAAEAV012@AEBV012@@Z 0000000180009ad0 f i BVHStructureBuilder.obj
 0001:00008b10       ??4AABBTreeBuildParams@Gu@physx@@QEAAAEAV012@AEBV012@@Z 0000000180009b10 f i BVHStructureBuilder.obj
 0001:00008b30       ??4BuildStats@Gu@physx@@QEAAAEAU012@$$QEAU012@@Z 0000000180009b30 f i BVHStructureBuilder.obj
 0001:00008b40       ??4BuildStats@Gu@physx@@QEAAAEAU012@AEBU012@@Z 0000000180009b40 f i BVHStructureBuilder.obj
 0001:00008b50       ??4NodeAllocator@Gu@physx@@QEAAAEAV012@AEBV012@@Z 0000000180009b50 f i BVHStructureBuilder.obj
 0001:00008c00       ??_FAABBTreeBuildParams@Gu@physx@@QEAAXXZ 0000000180009c00 f i BVHStructureBuilder.obj
 0001:00008c20       ?__global_array_delete@@YAXPEAX@Z 0000000180009c20 f i BVHStructureBuilder.obj
 0001:00008c30       ?__global_array_delete@@YAXPEAX_K@Z 0000000180009c30 f i BVHStructureBuilder.obj
 0001:00008c40       ?__global_delete@@YAXPEAX@Z 0000000180009c40 f i BVHStructureBuilder.obj
 0001:00008c50       ?__global_delete@@YAXPEAX_K@Z 0000000180009c50 f i BVHStructureBuilder.obj
 0001:00008c60       ?allocate@?$Array@USlab@NodeAllocator@Gu@physx@@V?$ReflectionAllocator@USlab@NodeAllocator@Gu@physx@@@shdfnd@4@@shdfnd@physx@@IEAAPEAUSlab@NodeAllocator@Gu@3@I@Z 0000000180009c60 f i BVHStructureBuilder.obj
 0001:00008d00       ?getAABB@AABBTreeBuildNode@Gu@physx@@QEBAAEBVPxBounds3@3@XZ 0000000180009d00 f i BVHStructureBuilder.obj
 0001:00008d10       ?getCount@BuildStats@Gu@physx@@QEBAIXZ 0000000180009d10 f i BVHStructureBuilder.obj
 0001:00008d20       ?getNbPrimitives@AABBTreeBuildNode@Gu@physx@@QEBAIXZ 0000000180009d20 f i BVHStructureBuilder.obj
 0001:00008d30       ?getNbRuntimePrimitives@AABBTreeBuildNode@Gu@physx@@QEBAIXZ 0000000180009d30 f i BVHStructureBuilder.obj
 0001:00008d40       ?getNeg@AABBTreeBuildNode@Gu@physx@@QEBAPEBV123@XZ 0000000180009d40 f i BVHStructureBuilder.obj
 0001:00008d60       ?getPos@AABBTreeBuildNode@Gu@physx@@QEBAPEBV123@XZ 0000000180009d60 f i BVHStructureBuilder.obj
 0001:00008d70       ?getPrimitives@AABBTreeBuildNode@Gu@physx@@QEAAPEAIPEAI@Z 0000000180009d70 f i BVHStructureBuilder.obj
 0001:00008d80       ?getPrimitives@AABBTreeBuildNode@Gu@physx@@QEBAPEBIPEBI@Z 0000000180009d80 f i BVHStructureBuilder.obj
 0001:00008d90       ?increaseCount@BuildStats@Gu@physx@@QEAAXI@Z 0000000180009d90 f i BVHStructureBuilder.obj
 0001:00008da0       ?isLeaf@AABBTreeBuildNode@Gu@physx@@QEBA_NXZ 0000000180009da0 f i BVHStructureBuilder.obj
 0001:00008db0       ?recreate@?$Array@USlab@NodeAllocator@Gu@physx@@V?$ReflectionAllocator@USlab@NodeAllocator@Gu@physx@@@shdfnd@4@@shdfnd@physx@@IEAAXI@Z 0000000180009db0 f i BVHStructureBuilder.obj
 0001:00008e60       ?reset@AABBTreeBuildParams@Gu@physx@@QEAAXXZ 0000000180009e60 f i BVHStructureBuilder.obj
 0001:00008ec0       ?reset@BuildStats@Gu@physx@@QEAAXXZ 0000000180009ec0 f i BVHStructureBuilder.obj
 0001:00008ed0       ?setCount@BuildStats@Gu@physx@@QEAAXI@Z 0000000180009ed0 f i BVHStructureBuilder.obj
 0001:00008ee0       ?setNbRunTimePrimitives@AABBTreeBuildNode@Gu@physx@@QEAAXI@Z 0000000180009ee0 f i BVHStructureBuilder.obj
 0001:00008ef0       ?saveHeightField@physx@@YA_NAEBVHeightField@Gu@1@AEAVPxOutputStream@1@_N@Z 0000000180009ef0 f   HeightFieldCooking.obj
 0001:00009130       ?buildFromTriangles@RTreeCooker@physx@@SAXAEAURTree@Gu@2@PEBVPxVec3@2@IPEBGPEBIIAEAV?$Array@IV?$ReflectionAllocator@I@shdfnd@physx@@@shdfnd@2@PEAURemapCallback@12@MW4Enum@PxMeshCookingHint@2@@Z 000000018000a130 f   RTreeCooking.obj
 0001:000093d0       ??$partition@UBoundsLTE@physx@@@quickSelect@physx@@YAIPEIAIIIIAEBUBoundsLTE@1@@Z 000000018000a3d0 f i RTreeCooking.obj
 0001:00009550       ??$quickSelectFirstK@UBoundsLTE@physx@@@quickSelect@physx@@YAXPEIAIIIIAEBUBoundsLTE@1@@Z 000000018000a550 f i RTreeCooking.obj
 0001:00009730       ??$smallSort@I$$CBUSortBoundsPredicate@physx@@@internal@shdfnd@physx@@YAXPEAIHHAEBUSortBoundsPredicate@2@@Z 000000018000a730 f i RTreeCooking.obj
 0001:00009a00       ??$sort@I@shdfnd@physx@@YAXPEAII@Z 000000018000aa00 f i RTreeCooking.obj
 0001:00009a20       ??$sort@IU?$Less@I@shdfnd@physx@@V?$ReflectionAllocator@I@23@@shdfnd@physx@@YAXPEAIIAEBU?$Less@I@01@AEBV?$ReflectionAllocator@I@01@I@Z 000000018000aa20 f i RTreeCooking.obj
 0001:00009e70       ??$sort@IUSortBoundsPredicate@physx@@@shdfnd@physx@@YAXPEAIIAEBUSortBoundsPredicate@1@@Z 000000018000ae70 f i RTreeCooking.obj
 0001:00009e90       ??$sort@IUSortBoundsPredicate@physx@@V?$ReflectionAllocator@I@shdfnd@2@@shdfnd@physx@@YAXPEAIIAEBUSortBoundsPredicate@1@AEBV?$ReflectionAllocator@I@01@I@Z 000000018000ae90 f i RTreeCooking.obj
 0001:0000a390       ?allocate@?$Array@UInterval@physx@@V?$InlineAllocator@$0CAAA@V?$ReflectionAllocator@UInterval@physx@@@shdfnd@physx@@@shdfnd@2@@shdfnd@physx@@IEAAPEAUInterval@3@I@Z 000000018000b390 f i RTreeCooking.obj
 0001:0000a450       ?allocate@?$Array@UPxBounds3V@physx@@V?$ReflectionAllocator@UPxBounds3V@physx@@@shdfnd@2@@shdfnd@physx@@IEAAPEAUPxBounds3V@3@I@Z 000000018000b450 f i RTreeCooking.obj
 0001:0000a4f0       ?allocate@?$Array@URTreeNodeNQ@physx@@V?$ReflectionAllocator@URTreeNodeNQ@physx@@@shdfnd@2@@shdfnd@physx@@IEAAPEAURTreeNodeNQ@3@I@Z 000000018000b4f0 f i RTreeCooking.obj
 0001:0000a590       ?allocate@?$Array@URTreeNodeQ@Gu@physx@@V?$ReflectionAllocator@URTreeNodeQ@Gu@physx@@@shdfnd@3@@shdfnd@physx@@IEAAPEAURTreeNodeQ@Gu@3@I@Z 000000018000b590 f i RTreeCooking.obj
 0001:0000a630       ?allocate@?$Array@VPxVec3@physx@@V?$ReflectionAllocator@VPxVec3@physx@@@shdfnd@2@@shdfnd@physx@@IEAAPEAVPxVec3@3@I@Z 000000018000b630 f i RTreeCooking.obj
 0001:0000a6d0       ?allocate@?$ReflectionAllocator@I@shdfnd@physx@@QEAAPEAX_KPEBDH@Z 000000018000b6d0 f i RTreeCooking.obj
 0001:0000b3a0       ?copy@?$Array@URTreeNodeNQ@physx@@V?$ReflectionAllocator@URTreeNodeNQ@physx@@@shdfnd@2@@shdfnd@physx@@KAXPEAURTreeNodeNQ@3@0PEBU43@@Z 000000018000c3a0 f i RTreeCooking.obj
 0001:0000b560       ?copy@?$Array@VPxVec3@physx@@V?$ReflectionAllocator@VPxVec3@physx@@@shdfnd@2@@shdfnd@physx@@KAXPEAVPxVec3@3@0PEBV43@@Z 000000018000c560 f i RTreeCooking.obj
 0001:0000b630       ?growAndPushBack@?$Array@IV?$ReflectionAllocator@I@shdfnd@physx@@@shdfnd@physx@@IEAAAEAIAEBI@Z 000000018000c630 f i RTreeCooking.obj
 0001:0000b700       ?growAndPushBack@?$Array@UInterval@physx@@V?$InlineAllocator@$0CAAA@V?$ReflectionAllocator@UInterval@physx@@@shdfnd@physx@@@shdfnd@2@@shdfnd@physx@@IEAAAEAUInterval@3@AEBU43@@Z 000000018000c700 f i RTreeCooking.obj
 0001:0000b7e0       ?growAndPushBack@?$Array@UPxBounds3V@physx@@V?$ReflectionAllocator@UPxBounds3V@physx@@@shdfnd@2@@shdfnd@physx@@IEAAAEAUPxBounds3V@3@AEBU43@@Z 000000018000c7e0 f i RTreeCooking.obj
 0001:0000b8b0       ?growAndPushBack@?$Array@URTreeNodeNQ@physx@@V?$ReflectionAllocator@URTreeNodeNQ@physx@@@shdfnd@2@@shdfnd@physx@@IEAAAEAURTreeNodeNQ@3@AEBU43@@Z 000000018000c8b0 f i RTreeCooking.obj
 0001:0000b980       ?growAndPushBack@?$Array@URTreeNodeQ@Gu@physx@@V?$ReflectionAllocator@URTreeNodeQ@Gu@physx@@@shdfnd@3@@shdfnd@physx@@IEAAAEAURTreeNodeQ@Gu@3@AEBU453@@Z 000000018000c980 f i RTreeCooking.obj
 0001:0000ba60       ?recreate@?$Array@IV?$ReflectionAllocator@I@shdfnd@physx@@@shdfnd@physx@@IEAAXI@Z 000000018000ca60 f i RTreeCooking.obj
 0001:0000bb20       ?recreate@?$Array@UPxBounds3V@physx@@V?$ReflectionAllocator@UPxBounds3V@physx@@@shdfnd@2@@shdfnd@physx@@IEAAXI@Z 000000018000cb20 f i RTreeCooking.obj
 0001:0000bbd0       ?recreate@?$Array@URTreeNodeNQ@physx@@V?$ReflectionAllocator@URTreeNodeNQ@physx@@@shdfnd@2@@shdfnd@physx@@IEAAXI@Z 000000018000cbd0 f i RTreeCooking.obj
 0001:0000bc60       ?recreate@?$Array@URTreeNodeQ@Gu@physx@@V?$ReflectionAllocator@URTreeNodeQ@Gu@physx@@@shdfnd@3@@shdfnd@physx@@IEAAXI@Z 000000018000cc60 f i RTreeCooking.obj
 0001:0000bd20       ?recreate@?$Array@VPxVec3@physx@@V?$ReflectionAllocator@VPxVec3@physx@@@shdfnd@2@@shdfnd@physx@@IEAAXI@Z 000000018000cd20 f i RTreeCooking.obj
 0001:0000bdb0       ?resize@?$Array@IV?$ReflectionAllocator@I@shdfnd@physx@@@shdfnd@physx@@QEAAXIAEBI@Z 000000018000cdb0 f i RTreeCooking.obj
 0001:0000be70       ?resizeUninitialized@?$Array@URTreeNodeNQ@physx@@V?$ReflectionAllocator@URTreeNodeNQ@physx@@@shdfnd@2@@shdfnd@physx@@QEAAXI@Z 000000018000ce70 f i RTreeCooking.obj
 0001:0000beb0       ?sort4@SubSortQuick@physx@@QEAAXPEIAIIAEAV?$Array@URTreeNodeNQ@physx@@V?$ReflectionAllocator@URTreeNodeNQ@physx@@@shdfnd@2@@shdfnd@2@AEAIAEAUPxBounds3V@2@I@Z 000000018000ceb0 f i RTreeCooking.obj
 0001:0000c240       ?sort4@SubSortSAH@physx@@QEAAXPEAIIAEAV?$Array@URTreeNodeNQ@physx@@V?$ReflectionAllocator@URTreeNodeNQ@physx@@@shdfnd@2@@shdfnd@2@AEAIIPEAURTreeNodeNQ@2@@Z 000000018000d240 f i RTreeCooking.obj
 0001:0000ca90       ?split@SubSortSAH@physx@@QEAAIPEAII@Z 000000018000da90 f i RTreeCooking.obj
 0001:0000d490       ?computeLocalBounds@MeshBulider@physx@@IEAAXAEAVMeshDataBase@Gu@2@@Z 000000018000e490 f   MeshBuilder.obj
 0001:0000d520       ??0TriangleMeshBuilder@physx@@QEAA@AEAVTriangleMeshData@Gu@1@AEBUPxCookingParams@1@@Z 000000018000e520 f   TriangleMeshBuilder.obj
 0001:0000d550       ??1TriangleMeshBuilder@physx@@UEAA@XZ 000000018000e550 f   TriangleMeshBuilder.obj
 0001:0000d5c0       ?cleanMesh@TriangleMeshBuilder@physx@@QEAA_N_NPEAW4Enum@PxTriangleMeshCookingResult@2@@Z 000000018000e5c0 f   TriangleMeshBuilder.obj
 0001:0000dac0       ?remapTopology@TriangleMeshBuilder@physx@@QEAAXPEBI@Z 000000018000eac0 f   TriangleMeshBuilder.obj
 0001:0000ddc0       ?createSharedEdgeData@TriangleMeshBuilder@physx@@QEAAX_N0@Z 000000018000edc0 f   TriangleMeshBuilder.obj
 0001:0000e280       ?recordTriangleIndices@TriangleMeshBuilder@physx@@QEAAXXZ 000000018000f280 f   TriangleMeshBuilder.obj
 0001:0000e380       ?createGRBMidPhaseAndData@TriangleMeshBuilder@physx@@QEAAXI@Z 000000018000f380 f   TriangleMeshBuilder.obj
 0001:0000e610       ?createGRBData@TriangleMeshBuilder@physx@@QEAAXXZ 000000018000f610 f   TriangleMeshBuilder.obj
 0001:0000e710       ?loadFromDesc@TriangleMeshBuilder@physx@@QEAA_NAEBVPxTriangleMeshDesc@2@PEAW4Enum@PxTriangleMeshCookingResult@2@_N@Z 000000018000f710 f   TriangleMeshBuilder.obj
 0001:0000eb90       ?save@TriangleMeshBuilder@physx@@QEBA_NAEAVPxOutputStream@2@_NAEBUPxCookingParams@2@@Z 000000018000fb90 f   TriangleMeshBuilder.obj
 0001:0000f160       ?checkMeshIndicesSize@TriangleMeshBuilder@physx@@QEAAXXZ 0000000180010160 f   TriangleMeshBuilder.obj
 0001:0000f270       ?importMesh@TriangleMeshBuilder@physx@@IEAA_NAEBVPxTriangleMeshDesc@2@AEBUPxCookingParams@2@PEAW4Enum@PxTriangleMeshCookingResult@2@_N@Z 0000000180010270 f   TriangleMeshBuilder.obj
 0001:0000f5f0       ?releaseEdgeList@TriangleMeshBuilder@physx@@IEAAXXZ 00000001800105f0 f   TriangleMeshBuilder.obj
 0001:0000f650       ?createEdgeList@TriangleMeshBuilder@physx@@IEAAXXZ 0000000180010650 f   TriangleMeshBuilder.obj
 0001:0000f770       ??0RTreeTriangleMeshBuilder@physx@@QEAA@AEBUPxCookingParams@1@@Z 0000000180010770 f   TriangleMeshBuilder.obj
 0001:0000f830       ??1RTreeTriangleMeshBuilder@physx@@UEAA@XZ 0000000180010830 f   TriangleMeshBuilder.obj
 0001:0000f860       ?createMidPhaseStructure@RTreeTriangleMeshBuilder@physx@@UEAAXXZ 0000000180010860 f   TriangleMeshBuilder.obj
 0001:0000f940       ?saveMidPhaseStructure@RTreeTriangleMeshBuilder@physx@@UEBAXAEAVPxOutputStream@2@_N@Z 0000000180010940 f   TriangleMeshBuilder.obj
 0001:0000fb80       ??0BV4TriangleMeshBuilder@physx@@QEAA@AEBUPxCookingParams@1@@Z 0000000180010b80 f   TriangleMeshBuilder.obj
 0001:0000fc50       ??1BV4TriangleMeshBuilder@physx@@UEAA@XZ 0000000180010c50 f   TriangleMeshBuilder.obj
 0001:0000fcb0       ?createMidPhaseStructure@BV4TriangleMeshBuilder@physx@@UEAAXXZ 0000000180010cb0 f   TriangleMeshBuilder.obj
 0001:0000ff80       ?saveMidPhaseStructure@BV4TriangleMeshBuilder@physx@@UEBAXAEAVPxOutputStream@2@_N@Z 0000000180010f80 f   TriangleMeshBuilder.obj
 0001:00010120       ?onMeshIndexFormatChange@BV4TriangleMeshBuilder@physx@@UEAAXXZ 0000000180011120 f   TriangleMeshBuilder.obj
 0001:00010160       ?createMidPhaseStructure@BV32TriangleMeshBuilder@physx@@SAXAEBUPxCookingParams@2@AEAVTriangleMeshData@Gu@2@AEAVBV32Tree@52@@Z 0000000180011160 f   TriangleMeshBuilder.obj
 0001:00010340       ?saveMidPhaseStructure@BV32TriangleMeshBuilder@physx@@SAXPEAVBV32Tree@Gu@2@AEAVPxOutputStream@2@_N@Z 0000000180011340 f   TriangleMeshBuilder.obj
 0001:000104e0       ?findSharpVertices@GrbTrimeshCookerHelper@physx@@YAXAEAV?$Array@USortedNeighbor@GrbTrimeshCookerHelper@physx@@V?$ReflectionAllocator@USortedNeighbor@GrbTrimeshCookerHelper@physx@@@shdfnd@3@@shdfnd@2@AEAV?$Array@USharpEdgeRange@GrbTrimeshCookerHelper@physx@@V?$ReflectionAllocator@USharpEdgeRange@GrbTrimeshCookerHelper@physx@@@shdfnd@3@@42@PEBUuint3@2@PEBUuint4@2@II@Z 00000001800114e0 f   TriangleMeshBuilder.obj
 0001:00010880       ?buildVertexConnectionNew_p1@GrbTrimeshCookerHelper@physx@@YAIAEAV?$Array@USortedNeighbor@GrbTrimeshCookerHelper@physx@@V?$ReflectionAllocator@USortedNeighbor@GrbTrimeshCookerHelper@physx@@@shdfnd@3@@shdfnd@2@AEAV?$Array@USharpEdgeRange@GrbTrimeshCookerHelper@physx@@V?$ReflectionAllocator@USharpEdgeRange@GrbTrimeshCookerHelper@physx@@@shdfnd@3@@42@PEBUuint3@2@PEBUuint4@2@II@Z 0000000180011880 f   TriangleMeshBuilder.obj
 0001:00010a00       ?buildVertexConnectionNew_p2@GrbTrimeshCookerHelper@physx@@YAXPEAI00AEAV?$Array@USortedNeighbor@GrbTrimeshCookerHelper@physx@@V?$ReflectionAllocator@USortedNeighbor@GrbTrimeshCookerHelper@physx@@@shdfnd@3@@shdfnd@2@AEAV?$Array@USharpEdgeRange@GrbTrimeshCookerHelper@physx@@V?$ReflectionAllocator@USharpEdgeRange@GrbTrimeshCookerHelper@physx@@@shdfnd@3@@42@I@Z 0000000180011a00 f   TriangleMeshBuilder.obj
 0001:00010ab0       ??$?_UG@@YAPEAX_KV?$ReflectionAllocator@G@shdfnd@physx@@PEBDH@Z 0000000180011ab0 f i TriangleMeshBuilder.obj
 0001:00010b50       ??$median3@USortedNeighbor@GrbTrimeshCookerHelper@physx@@$$CBU?$Less@USortedNeighbor@GrbTrimeshCookerHelper@physx@@@shdfnd@3@@internal@shdfnd@physx@@YAXPEAUSortedNeighbor@GrbTrimeshCookerHelper@2@HHAEBU?$Less@USortedNeighbor@GrbTrimeshCookerHelper@physx@@@12@@Z 0000000180011b50 f i TriangleMeshBuilder.obj
 0001:00010c80       ??$sort@UEdgeTriLookup@physx@@@shdfnd@physx@@YAXPEAUEdgeTriLookup@1@I@Z 0000000180011c80 f i TriangleMeshBuilder.obj
 0001:00010ca0       ??$sort@UEdgeTriLookup@physx@@U?$Less@UEdgeTriLookup@physx@@@shdfnd@2@V?$ReflectionAllocator@UEdgeTriLookup@physx@@@42@@shdfnd@physx@@YAXPEAUEdgeTriLookup@1@IAEBU?$Less@UEdgeTriLookup@physx@@@01@AEBV?$ReflectionAllocator@UEdgeTriLookup@physx@@@01@I@Z 0000000180011ca0 f i TriangleMeshBuilder.obj
 0001:00011220       ??$sort@USortedNeighbor@GrbTrimeshCookerHelper@physx@@@shdfnd@physx@@YAXPEAUSortedNeighbor@GrbTrimeshCookerHelper@1@I@Z 0000000180012220 f i TriangleMeshBuilder.obj
 0001:00011240       ??$sort@USortedNeighbor@GrbTrimeshCookerHelper@physx@@U?$Less@USortedNeighbor@GrbTrimeshCookerHelper@physx@@@shdfnd@3@V?$ReflectionAllocator@USortedNeighbor@GrbTrimeshCookerHelper@physx@@@53@@shdfnd@physx@@YAXPEAUSortedNeighbor@GrbTrimeshCookerHelper@1@IAEBU?$Less@USortedNeighbor@GrbTrimeshCookerHelper@physx@@@01@AEBV?$ReflectionAllocator@USortedNeighbor@GrbTrimeshCookerHelper@physx@@@01@I@Z 0000000180012240 f i TriangleMeshBuilder.obj
 0001:00011740       ??0PxVec4@physx@@QEAA@XZ   0000000180012740 f i TriangleMeshBuilder.obj
 0001:00011750       ??1BV4TriangleData@Gu@physx@@UEAA@XZ 0000000180012750 f i TriangleMeshBuilder.obj
 0001:00011790       ??1MeshDataBase@Gu@physx@@UEAA@XZ 0000000180012790 f i TriangleMeshBuilder.obj
 0001:00011870       ??1RTreeTriangleData@Gu@physx@@UEAA@XZ 0000000180012870 f i TriangleMeshBuilder.obj
 0001:000118e0       ??1RemapCallback@RTreeCooker@physx@@UEAA@XZ 00000001800128e0 f i TriangleMeshBuilder.obj
 0001:000118f0       ??1TriangleMeshData@Gu@physx@@UEAA@XZ 00000001800128f0 f i TriangleMeshBuilder.obj
 0001:000119c0       ??_EBV4TriangleData@Gu@physx@@UEAAPEAXI@Z 00000001800129c0 f i TriangleMeshBuilder.obj
 0001:000119c0       ??_GBV4TriangleData@Gu@physx@@UEAAPEAXI@Z 00000001800129c0 f i TriangleMeshBuilder.obj
 0001:00011a40       ??_EBV4TriangleMeshBuilder@physx@@UEAAPEAXI@Z 0000000180012a40 f i TriangleMeshBuilder.obj
 0001:00011a40       ??_GBV4TriangleMeshBuilder@physx@@UEAAPEAXI@Z 0000000180012a40 f i TriangleMeshBuilder.obj
 0001:00011ac0       ??_GMeshDataBase@Gu@physx@@UEAAPEAXI@Z 0000000180012ac0 f i TriangleMeshBuilder.obj
 0001:00011ac0       ??_EMeshDataBase@Gu@physx@@UEAAPEAXI@Z 0000000180012ac0 f i TriangleMeshBuilder.obj
 0001:00011b20       ??_ERTreeCookerRemap@physx@@UEAAPEAXI@Z 0000000180012b20 f i TriangleMeshBuilder.obj
 0001:00011b20       ??_GRTreeCookerRemap@physx@@UEAAPEAXI@Z 0000000180012b20 f i TriangleMeshBuilder.obj
 0001:00011b50       ??_ERTreeTriangleData@Gu@physx@@UEAAPEAXI@Z 0000000180012b50 f i TriangleMeshBuilder.obj
 0001:00011b50       ??_GRTreeTriangleData@Gu@physx@@UEAAPEAXI@Z 0000000180012b50 f i TriangleMeshBuilder.obj
 0001:00011bb0       ??_ERTreeTriangleMeshBuilder@physx@@UEAAPEAXI@Z 0000000180012bb0 f i TriangleMeshBuilder.obj
 0001:00011bb0       ??_GRTreeTriangleMeshBuilder@physx@@UEAAPEAXI@Z 0000000180012bb0 f i TriangleMeshBuilder.obj
 0001:00011c00       ??_GRemapCallback@RTreeCooker@physx@@UEAAPEAXI@Z 0000000180012c00 f i TriangleMeshBuilder.obj
 0001:00011c00       ??_ERemapCallback@RTreeCooker@physx@@UEAAPEAXI@Z 0000000180012c00 f i TriangleMeshBuilder.obj
 0001:00011c30       ??_ETriangleMeshBuilder@physx@@UEAAPEAXI@Z 0000000180012c30 f i TriangleMeshBuilder.obj
 0001:00011c30       ??_GTriangleMeshBuilder@physx@@UEAAPEAXI@Z 0000000180012c30 f i TriangleMeshBuilder.obj
 0001:00011c70       ??_GTriangleMeshData@Gu@physx@@UEAAPEAXI@Z 0000000180012c70 f i TriangleMeshBuilder.obj
 0001:00011c70       ??_ETriangleMeshData@Gu@physx@@UEAAPEAXI@Z 0000000180012c70 f i TriangleMeshBuilder.obj
 0001:00011cd0       ?allocate@?$ReflectionAllocator@USortedNeighbor@GrbTrimeshCookerHelper@physx@@@shdfnd@physx@@QEAAPEAX_KPEBDH@Z 0000000180012cd0 f i TriangleMeshBuilder.obj
 0001:00011d70       ?allocateTriangles@TriangleMeshData@Gu@physx@@QEAAPEAXI_NI@Z 0000000180012d70 f i TriangleMeshBuilder.obj
 0001:00011e50       ?allocateVertices@MeshDataBase@Gu@physx@@QEAAPEAVPxVec3@3@I@Z 0000000180012e50 f i TriangleMeshBuilder.obj
 0001:00012580       ?getMidphaseID@BV4TriangleMeshBuilder@physx@@UEBA?AW4Enum@PxMeshMidPhase@2@XZ 0000000180013580 f i TriangleMeshBuilder.obj
 0001:00012590       ?getMidphaseID@RTreeTriangleMeshBuilder@physx@@UEBA?AW4Enum@PxMeshMidPhase@2@XZ 0000000180013590 f i TriangleMeshBuilder.obj
 0001:000125a0       ?growAndPushBack@?$Array@USortedNeighbor@GrbTrimeshCookerHelper@physx@@V?$ReflectionAllocator@USortedNeighbor@GrbTrimeshCookerHelper@physx@@@shdfnd@3@@shdfnd@physx@@IEAAAEAUSortedNeighbor@GrbTrimeshCookerHelper@3@AEBU453@@Z 00000001800135a0 f i TriangleMeshBuilder.obj
 0001:000126a0       ?onMeshIndexFormatChange@TriangleMeshBuilder@physx@@UEAAXXZ 00000001800136a0 f i TriangleMeshBuilder.obj
 0001:000126b0       ?recreate@?$Array@USharpEdgeRange@GrbTrimeshCookerHelper@physx@@V?$ReflectionAllocator@USharpEdgeRange@GrbTrimeshCookerHelper@physx@@@shdfnd@3@@shdfnd@physx@@IEAAXI@Z 00000001800136b0 f i TriangleMeshBuilder.obj
 0001:000127c0       ?recreate@?$Array@USortedNeighbor@GrbTrimeshCookerHelper@physx@@V?$ReflectionAllocator@USortedNeighbor@GrbTrimeshCookerHelper@physx@@@shdfnd@3@@shdfnd@physx@@IEAAXI@Z 00000001800137c0 f i TriangleMeshBuilder.obj
 0001:00012890       ?remap@RTreeCookerRemap@physx@@UEAAXPEAIII@Z 0000000180013890 f i TriangleMeshBuilder.obj
 0001:000128b0       ?resize@?$Array@USharpEdgeRange@GrbTrimeshCookerHelper@physx@@V?$ReflectionAllocator@USharpEdgeRange@GrbTrimeshCookerHelper@physx@@@shdfnd@3@@shdfnd@physx@@QEAAXIAEBUSharpEdgeRange@GrbTrimeshCookerHelper@3@@Z 00000001800138b0 f i TriangleMeshBuilder.obj
 0001:00012970       ?resizeUninitialized@?$Array@USortedNeighbor@GrbTrimeshCookerHelper@physx@@V?$ReflectionAllocator@USortedNeighbor@GrbTrimeshCookerHelper@physx@@@shdfnd@3@@shdfnd@physx@@QEAAXI@Z 0000000180013970 f i TriangleMeshBuilder.obj
 0001:000129b0       ??0BigConvexDataBuilder@physx@@QEAA@PEBUConvexHullData@Gu@1@PEAVBigConvexData@1@PEBVPxVec3@1@@Z 00000001800139b0 f   BigConvexDataBuilder.obj
 0001:000129d0       ??1BigConvexDataBuilder@physx@@QEAA@XZ 00000001800139d0 f   BigConvexDataBuilder.obj
 0001:000129e0       ?precompute@BigConvexDataBuilder@physx@@QEAA_NI@Z 00000001800139e0 f   BigConvexDataBuilder.obj
 0001:00013630       ?initialize@BigConvexDataBuilder@physx@@QEAA_NXZ 0000000180014630 f   BigConvexDataBuilder.obj
 0001:000136e0       ?save@BigConvexDataBuilder@physx@@QEBA_NAEAVPxOutputStream@2@_N@Z 00000001800146e0 f   BigConvexDataBuilder.obj
 0001:00013920       ?computeValencies@BigConvexDataBuilder@physx@@QEAA_NAEBVConvexHullBuilder@2@@Z 0000000180014920 f   BigConvexDataBuilder.obj
 0001:00013d10       ?saveValencies@BigConvexDataBuilder@physx@@QEBA_NAEAVPxOutputStream@2@_N@Z 0000000180014d10 f   BigConvexDataBuilder.obj
 0001:00013ec0       ??0BigConvexData@physx@@QEAA@W4PxEMPTY@1@@Z 0000000180014ec0 f i BigConvexDataBuilder.obj
 0001:00013ed0       ??4BigConvexData@physx@@QEAAAEAV01@AEBV01@@Z 0000000180014ed0 f i BigConvexDataBuilder.obj
 0001:00013ef0       ?GetAdjacentVerts@BigConvexData@physx@@QEBAPEBEXZ 0000000180014ef0 f i BigConvexDataBuilder.obj
 0001:00013f00       ?GetNbNeighbors@BigConvexData@physx@@QEBAGI@Z 0000000180014f00 f i BigConvexDataBuilder.obj
 0001:00013f10       ?GetNbSamples@BigConvexData@physx@@QEBAIXZ 0000000180014f10 f i BigConvexDataBuilder.obj
 0001:00013f20       ?GetNbVerts@BigConvexData@physx@@QEBAIXZ 0000000180014f20 f i BigConvexDataBuilder.obj
 0001:00013f30       ?GetNeighbors@BigConvexData@physx@@QEBAPEBEI@Z 0000000180014f30 f i BigConvexDataBuilder.obj
 0001:00013f40       ?GetOffset@BigConvexData@physx@@QEBAGI@Z 0000000180014f40 f i BigConvexDataBuilder.obj
 0001:00013f50       ?GetSubdiv@BigConvexData@physx@@QEBAIXZ 0000000180014f50 f i BigConvexDataBuilder.obj
 0001:00013f60       ?GetValencies@BigConvexData@physx@@QEBAPEBUValency@Gu@2@XZ 0000000180014f60 f i BigConvexDataBuilder.obj
 0001:00013f70       ?GetValency@BigConvexData@physx@@QEBAGI@Z 0000000180014f70 f i BigConvexDataBuilder.obj
 0001:00013f80       ??0ConvexHullBuilder@physx@@QEAA@PEAUConvexHullData@Gu@1@_N@Z 0000000180014f80 f   ConvexHullBuilder.obj
 0001:00013fb0       ??1ConvexHullBuilder@physx@@QEAA@XZ 0000000180014fb0 f   ConvexHullBuilder.obj
 0001:000140c0       ?init@ConvexHullBuilder@physx@@QEAA_NIPEBVPxVec3@2@PEBIIIPEBUPxHullPolygon@2@_NPEAVConvexHullLib@2@@Z 00000001800150c0 f   ConvexHullBuilder.obj
 0001:00014a20       ?save@ConvexHullBuilder@physx@@QEBA_NAEAVPxOutputStream@2@_N@Z 0000000180015a20 f   ConvexHullBuilder.obj
 0001:00014d40       ?copy@ConvexHullBuilder@physx@@QEAA_NAEAUConvexHullData@Gu@2@AEAI@Z 0000000180015d40 f   ConvexHullBuilder.obj
 0001:00014fc0       ?createEdgeList@ConvexHullBuilder@physx@@QEAA_N_NI@Z 0000000180015fc0 f   ConvexHullBuilder.obj
 0001:00015840       ?checkHullPolygons@ConvexHullBuilder@physx@@QEBA_NXZ 0000000180016840 f   ConvexHullBuilder.obj
 0001:00015e30       ?calculateVertexMapTable@ConvexHullBuilder@physx@@QEAA_NI_N@Z 0000000180016e30 f   ConvexHullBuilder.obj
 0001:00016040       ?computeGeomCenter@ConvexHullBuilder@physx@@IEBA_NAEAVPxVec3@2@IPEAUHullTriangleData@2@@Z 0000000180017040 f   ConvexHullBuilder.obj
 0001:00016300       ??$?_UE@@YAPEAX_KV?$ReflectionAllocator@E@shdfnd@physx@@PEBDH@Z 0000000180017300 f i ConvexHullBuilder.obj
 0001:000163a0       ??1ConvexHullLib@physx@@UEAA@XZ 00000001800173a0 f   ConvexHullLib.obj
 0001:00016400       ?cleanupVertices@ConvexHullLib@physx@@IEAA_NIPEBVPxVec3@2@IAEAIPEAV32@AEAV32@3@Z 0000000180017400 f   ConvexHullLib.obj
 0001:00016890       ?shiftAndcleanupVertices@ConvexHullLib@physx@@IEAA_NIPEBVPxVec3@2@IAEAIPEAV32@AEAV32@3@Z 0000000180017890 f   ConvexHullLib.obj
 0001:00016d70       ?swapLargestFace@ConvexHullLib@physx@@IEAAXAEAVPxConvexMeshDesc@2@@Z 0000000180017d70 f   ConvexHullLib.obj
 0001:00016f60       ?shiftConvexMeshDesc@ConvexHullLib@physx@@IEAAXAEAVPxConvexMeshDesc@2@@Z 0000000180017f60 f   ConvexHullLib.obj
 0001:00017020       ??_EConvexHullLib@physx@@UEAAPEAXI@Z 0000000180018020 f i ConvexHullLib.obj
 0001:00017020       ??_GConvexHullLib@physx@@UEAAPEAXI@Z 0000000180018020 f i ConvexHullLib.obj
 0001:00017590       ??0ConvexHull@physx@@QEAA@AEBVPxVec3@1@0AEBV?$Array@VPxPlane@physx@@V?$ReflectionAllocator@VPxPlane@physx@@@shdfnd@2@@shdfnd@1@@Z 0000000180018590 f   ConvexHullUtils.obj
 0001:00017f50       ??0ConvexHull@physx@@QEAA@AEBVPxVec3@1@AEBVPxTransform@1@AEBV?$Array@VPxPlane@physx@@V?$ReflectionAllocator@VPxPlane@physx@@@shdfnd@2@@shdfnd@1@@Z 0000000180018f50 f   ConvexHullUtils.obj
 0001:000190b0       ?findCandidatePlane@ConvexHull@physx@@QEBAHMM@Z 000000018001a0b0 f   ConvexHullUtils.obj
 0001:00019520       ?assertIntact@ConvexHull@physx@@QEBA_NM@Z 000000018001a520 f   ConvexHullUtils.obj
 0001:00019830       ?maxNumVertsPerFace@ConvexHull@physx@@QEBAIXZ 000000018001a830 f   ConvexHullUtils.obj
 0001:000198b0       ?convexHullCrop@physx@@YAPEAVConvexHull@1@AEBV21@AEBVPxPlane@1@M@Z 000000018001a8b0 f   ConvexHullUtils.obj
 0001:0001a690       ?computeOBBFromConvex@physx@@YA_NAEBVPxConvexMeshDesc@1@AEAVPxVec3@1@AEAVPxTransform@1@@Z 000000018001b690 f   ConvexHullUtils.obj
 0001:0001ada0       ?computeOBBSIMD@local@@YAXIPEBT__m128@@AEAT2@AEBT2@1@Z 000000018001bda0 f   ConvexHullUtils.obj
 0001:0001b1b0       ??0Box@Gu@physx@@QEAA@AEBV012@@Z 000000018001c1b0 f i ConvexHullUtils.obj
 0001:0001b210       ??0Box@Gu@physx@@QEAA@AEBVPxVec3@2@0AEBVPxMat33@2@@Z 000000018001c210 f i ConvexHullUtils.obj
 0001:0001b280       ??0Box@Gu@physx@@QEAA@XZ   000000018001c280 f i ConvexHullUtils.obj
 0001:0001b290       ??0HalfEdge@ConvexHull@physx@@QEAA@XZ 000000018001c290 f i ConvexHullUtils.obj
 0001:0001b2a0       ??0PxPlane@physx@@QEAA@XZ  000000018001c2a0 f i ConvexHullUtils.obj
 0001:0001b2b0       ??0PxQuat@physx@@QEAA@AEBVPxMat33@1@@Z 000000018001c2b0 f i ConvexHullUtils.obj
 0001:0001b490       ??1Box@Gu@physx@@QEAA@XZ   000000018001c490 f i ConvexHullUtils.obj
 0001:0001b4a0       ??4Box@Gu@physx@@QEAAAEBV012@AEBV012@@Z 000000018001c4a0 f i ConvexHullUtils.obj
 0001:0001b500       ?allocate@?$Array@VHalfEdge@ConvexHull@physx@@V?$ReflectionAllocator@VHalfEdge@ConvexHull@physx@@@shdfnd@3@@shdfnd@physx@@IEAAPEAVHalfEdge@ConvexHull@3@I@Z 000000018001c500 f i ConvexHullUtils.obj
 0001:0001b5a0       ?allocate@?$Array@VPxPlane@physx@@V?$ReflectionAllocator@VPxPlane@physx@@@shdfnd@2@@shdfnd@physx@@IEAAPEAVPxPlane@3@I@Z 000000018001c5a0 f i ConvexHullUtils.obj
 0001:0001b640       ?computeAABBExtent@Box@Gu@physx@@QEBA?AVPxVec3@3@XZ 000000018001c640 f i ConvexHullUtils.obj
 0001:0001b700       ?computeBoxPoints@Box@Gu@physx@@QEBAXPEIAVPxVec3@3@@Z 000000018001c700 f i ConvexHullUtils.obj
 0001:0001b740       ?copy@?$Array@VPxPlane@physx@@V?$ReflectionAllocator@VPxPlane@physx@@@shdfnd@2@@shdfnd@physx@@KAXPEAVPxPlane@3@0PEBV43@@Z 000000018001c740 f i ConvexHullUtils.obj
 0001:0001b840       ?getInverse@PxMat33@physx@@QEBA?BV12@XZ 000000018001c840 f i ConvexHullUtils.obj
 0001:0001ba90       ?getTransform@Box@Gu@physx@@QEBA?AVPxTransform@3@XZ 000000018001ca90 f i ConvexHullUtils.obj
 0001:0001baf0       ?growAndPushBack@?$Array@VHalfEdge@ConvexHull@physx@@V?$ReflectionAllocator@VHalfEdge@ConvexHull@physx@@@shdfnd@3@@shdfnd@physx@@IEAAAEAVHalfEdge@ConvexHull@3@AEBV453@@Z 000000018001caf0 f i ConvexHullUtils.obj
 0001:0001bbb0       ?growAndPushBack@?$Array@VPxPlane@physx@@V?$ReflectionAllocator@VPxPlane@physx@@@shdfnd@2@@shdfnd@physx@@IEAAAEAVPxPlane@3@AEBV43@@Z 000000018001cbb0 f i ConvexHullUtils.obj
 0001:0001bc70       ?isValid@Box@Gu@physx@@QEBA_NXZ 000000018001cc70 f i ConvexHullUtils.obj
 0001:0001bc90       ?recreate@?$Array@VHalfEdge@ConvexHull@physx@@V?$ReflectionAllocator@VHalfEdge@ConvexHull@physx@@@shdfnd@3@@shdfnd@physx@@IEAAXI@Z 000000018001cc90 f i ConvexHullUtils.obj
 0001:0001bd30       ?recreate@?$Array@VPxPlane@physx@@V?$ReflectionAllocator@VPxPlane@physx@@@shdfnd@2@@shdfnd@physx@@IEAAXI@Z 000000018001cd30 f i ConvexHullUtils.obj
 0001:0001bdc0       ?resize@?$Array@VHalfEdge@ConvexHull@physx@@V?$ReflectionAllocator@VHalfEdge@ConvexHull@physx@@@shdfnd@3@@shdfnd@physx@@QEAAXIAEBVHalfEdge@ConvexHull@3@@Z 000000018001cdc0 f i ConvexHullUtils.obj
 0001:0001be80       ?resize@?$Array@VPxPlane@physx@@V?$ReflectionAllocator@VPxPlane@physx@@@shdfnd@2@@shdfnd@physx@@QEAAXIAEBVPxPlane@3@@Z 000000018001ce80 f i ConvexHullUtils.obj
 0001:0001bfa0       ?resize@?$Array@VPxVec3@physx@@V?$ReflectionAllocator@VPxVec3@physx@@@shdfnd@2@@shdfnd@physx@@QEAAXIAEBVPxVec3@3@@Z 000000018001cfa0 f i ConvexHullUtils.obj
 0001:0001c090       ?rotate@Box@Gu@physx@@QEBA?AVPxVec3@3@AEBV43@@Z 000000018001d090 f i ConvexHullUtils.obj
 0001:0001c120       ?rotateInv@Box@Gu@physx@@QEBA?AVPxVec3@3@AEBV43@@Z 000000018001d120 f i ConvexHullUtils.obj
 0001:0001c1b0       ?setAxes@Box@Gu@physx@@QEAAXAEBVPxVec3@3@00@Z 000000018001d1b0 f i ConvexHullUtils.obj
 0001:0001c1f0       ?setEmpty@Box@Gu@physx@@QEAAXXZ 000000018001d1f0 f i ConvexHullUtils.obj
 0001:0001c230       ?transform@Box@Gu@physx@@QEBA?AVPxVec3@3@AEBV43@@Z 000000018001d230 f i ConvexHullUtils.obj
 0001:0001c2d0       ??0ConvexMeshBuilder@physx@@QEAA@_N@Z 000000018001d2d0 f   ConvexMeshBuilder.obj
 0001:0001c340       ??1ConvexMeshBuilder@physx@@QEAA@XZ 000000018001d340 f   ConvexMeshBuilder.obj
 0001:0001c3a0       ?build@ConvexMeshBuilder@physx@@QEAA_NAEBVPxConvexMeshDesc@2@I_NPEAVConvexHullLib@2@@Z 000000018001d3a0 f   ConvexMeshBuilder.obj
 0001:0001c6c0       ?save@ConvexMeshBuilder@physx@@QEBA_NAEAVPxOutputStream@2@_N@Z 000000018001d6c0 f   ConvexMeshBuilder.obj
 0001:0001c8e0       ?copy@ConvexMeshBuilder@physx@@QEAA_NAEAUConvexHullInitData@Gu@2@@Z 000000018001d8e0 f   ConvexMeshBuilder.obj
 0001:0001ca10       ?loadConvexHull@ConvexMeshBuilder@physx@@QEAA_NAEBVPxConvexMeshDesc@2@PEAVConvexHullLib@2@@Z 000000018001da10 f   ConvexMeshBuilder.obj
 0001:0001cca0       ?computeHullPolygons@ConvexMeshBuilder@physx@@QEAA_NAEBIPEBVPxVec3@2@0PEBIAEAVPxAllocatorCallback@2@AEAIAEAPEAV32@4AEAPEAI4AEAPEAUPxHullPolygon@2@@Z 000000018001dca0 f   ConvexMeshBuilder.obj
 0001:0001cec0       ?computeGaussMaps@ConvexMeshBuilder@physx@@QEAA_NXZ 000000018001dec0 f   ConvexMeshBuilder.obj
 0001:0001cfb0       ?computeMassInfo@ConvexMeshBuilder@physx@@QEAAX_N@Z 000000018001dfb0 f   ConvexMeshBuilder.obj
 0001:0001d380       ?computeInternalObjects@ConvexMeshBuilder@physx@@QEAAXXZ 000000018001e380 f   ConvexMeshBuilder.obj
 0001:0001d800       ?isFinite@PxVec3@physx@@QEBA_NXZ 000000018001e800 f i ConvexMeshBuilder.obj
 0001:0001d860       ??0ConvexPolygonsBuilder@physx@@QEAA@PEAUConvexHullData@Gu@1@_N@Z 000000018001e860 f   ConvexPolygonsBuilder.obj
 0001:0001d890       ??1ConvexPolygonsBuilder@physx@@QEAA@XZ 000000018001e890 f   ConvexPolygonsBuilder.obj
 0001:0001d8e0       ?computeHullPolygons@ConvexPolygonsBuilder@physx@@QEAA_NAEBIPEBVPxVec3@2@0PEBI@Z 000000018001e8e0 f   ConvexPolygonsBuilder.obj
 0001:0001e990       ?createPolygonData@ConvexPolygonsBuilder@physx@@AEAA_NXZ 000000018001f990 f   ConvexPolygonsBuilder.obj
 0001:0001f570       ?createTrianglesFromPolygons@ConvexPolygonsBuilder@physx@@AEAA_NXZ 0000000180020570 f   ConvexPolygonsBuilder.obj
 0001:0001fe90       ??$copy@V?$ReflectionAllocator@VPair@@@shdfnd@physx@@@?$Array@VPair@@V?$ReflectionAllocator@VPair@@@shdfnd@physx@@@shdfnd@physx@@IEAAXAEBV012@@Z 0000000180020e90 f i ConvexPolygonsBuilder.obj
 0001:00020710       ?allocate@?$Array@IV?$ReflectionAllocator@I@shdfnd@physx@@@shdfnd@physx@@IEAAPEAII@Z 0000000180021710 f i ConvexPolygonsBuilder.obj
 0001:000207b0       ?allocate@?$Array@VPair@@V?$ReflectionAllocator@VPair@@@shdfnd@physx@@@shdfnd@physx@@IEAAPEAVPair@@I@Z 00000001800217b0 f i ConvexPolygonsBuilder.obj
 0001:00021d30       ?growAndPushBack@?$Array@VPair@@V?$ReflectionAllocator@VPair@@@shdfnd@physx@@@shdfnd@physx@@IEAAAEAVPair@@AEBV4@@Z 0000000180022d30 f i ConvexPolygonsBuilder.obj
 0001:00021df0       ??0QuickHullConvexHullLib@physx@@QEAA@AEBVPxConvexMeshDesc@1@AEBUPxCookingParams@1@@Z 0000000180022df0 f   QuickHullConvexHullLib.obj
 0001:00021ee0       ??1QuickHullConvexHullLib@physx@@UEAA@XZ 0000000180022ee0 f   QuickHullConvexHullLib.obj
 0001:00021fb0       ?createConvexHull@QuickHullConvexHullLib@physx@@UEAA?AW4Enum@PxConvexMeshCookingResult@2@XZ 0000000180022fb0 f   QuickHullConvexHullLib.obj
 0001:000223c0       ?fillConvexMeshDesc@QuickHullConvexHullLib@physx@@UEAAXAEAVPxConvexMeshDesc@2@@Z 00000001800233c0 f   QuickHullConvexHullLib.obj
 0001:00022410       ?createEdgeList@QuickHullConvexHullLib@physx@@UEAA_NIPEBEPEAPEAEPEAPEAG2@Z 0000000180023410 f   QuickHullConvexHullLib.obj
 0001:00022650       ?expandHullOBB@QuickHullConvexHullLib@physx@@IEAA?AW4Enum@PxConvexMeshCookingResult@2@XZ 0000000180023650 f   QuickHullConvexHullLib.obj
 0001:00022a70       ?expandHull@QuickHullConvexHullLib@physx@@IEAA?AW4Enum@PxConvexMeshCookingResult@2@XZ 0000000180023a70 f   QuickHullConvexHullLib.obj
 0001:00023750       ?cleanupForSimplex@QuickHullConvexHullLib@physx@@IEAA_NPEAVPxVec3@2@IPEAUQuickHullVertex@local@@1AEAM2@Z 0000000180024750 f   QuickHullConvexHullLib.obj
 0001:00024320       ?fillConvexMeshDescFromQuickHull@QuickHullConvexHullLib@physx@@IEAAXAEAVPxConvexMeshDesc@2@@Z 0000000180025320 f   QuickHullConvexHullLib.obj
 0001:000246b0       ?fillConvexMeshDescFromCroppedHull@QuickHullConvexHullLib@physx@@IEAAXAEAVPxConvexMeshDesc@2@@Z 00000001800256b0 f   QuickHullConvexHullLib.obj
 0001:000248b0       ?getOppositeFaceDistance@QuickHullHalfEdge@local@@QEBAMXZ 00000001800258b0 f   QuickHullConvexHullLib.obj
 0001:000248f0       ?mergeAdjacentFace@QuickHullFace@local@@QEAA_NPEAUQuickHullHalfEdge@2@AEAV?$Array@PEAUQuickHullFace@local@@V?$ReflectionAllocator@PEAUQuickHullFace@local@@@shdfnd@physx@@@shdfnd@physx@@@Z 00000001800258f0 f   QuickHullConvexHullLib.obj
 0001:00024d40       ?checkFaceConsistency@QuickHullFace@local@@QEAA_NXZ 0000000180025d40 f   QuickHullConvexHullLib.obj
 0001:00024d50       ?connectHalfEdges@QuickHullFace@local@@AEAAPEAU12@PEAUQuickHullHalfEdge@2@0@Z 0000000180025d50 f   QuickHullConvexHullLib.obj
 0001:000250c0       ??0QuickHull@local@@QEAA@AEBUPxCookingParams@physx@@AEBVPxConvexMeshDesc@3@@Z 00000001800260c0 f   QuickHullConvexHullLib.obj
 0001:00025170       ??1QuickHull@local@@QEAA@XZ 0000000180026170 f   QuickHullConvexHullLib.obj
 0001:000252c0       ?preallocate@QuickHull@local@@QEAAXI@Z 00000001800262c0 f   QuickHullConvexHullLib.obj
 0001:00025410       ?parseInputVertices@QuickHull@local@@QEAAXPEBVPxVec3@physx@@I@Z 0000000180026410 f   QuickHullConvexHullLib.obj
 0001:000255a0       ?releaseHull@QuickHull@local@@QEAAXXZ 00000001800265a0 f   QuickHullConvexHullLib.obj
 0001:00025600       ?setPrecomputedMinMax@QuickHull@local@@QEAAXPEBUQuickHullVertex@2@0MM@Z 0000000180026600 f   QuickHullConvexHullLib.obj
 0001:00025790       ?buildHull@QuickHull@local@@QEAA?AW4Enum@QuickHullResult@2@XZ 0000000180026790 f   QuickHullConvexHullLib.obj
 0001:000259b0       ?maxNumVertsPerFace@QuickHull@local@@QEBAIXZ 00000001800269b0 f   QuickHullConvexHullLib.obj
 0001:000259f0       ?computeMinMaxVerts@QuickHull@local@@IEAAXXZ 00000001800269f0 f   QuickHullConvexHullLib.obj
 0001:00025dd0       ?findSimplex@QuickHull@local@@IEAA_NXZ 0000000180026dd0 f   QuickHullConvexHullLib.obj
 0001:00026a80       ?addSimplex@QuickHull@local@@IEAAXPEAUQuickHullVertex@2@_N@Z 0000000180027a80 f   QuickHullConvexHullLib.obj
 0001:00026f50       ?nextPointToAdd@QuickHull@local@@IEAAPEAUQuickHullVertex@2@AEAPEAUQuickHullFace@2@@Z 0000000180027f50 f   QuickHullConvexHullLib.obj
 0001:000270d0       ?addPointToHull@QuickHull@local@@IEAA_NPEBUQuickHullVertex@2@AEAUQuickHullFace@2@AEA_N@Z 00000001800280d0 f   QuickHullConvexHullLib.obj
 0001:000273a0       ?createTriangle@QuickHull@local@@IEAAPEAUQuickHullFace@2@AEBUQuickHullVertex@2@00@Z 00000001800283a0 f   QuickHullConvexHullLib.obj
 0001:00027740       ?addPointToFace@QuickHull@local@@IEAAXAEAUQuickHullFace@2@PEAUQuickHullVertex@2@M@Z 0000000180028740 f   QuickHullConvexHullLib.obj
 0001:00027790       ?removeEyePointFromFace@QuickHull@local@@IEAAXAEAUQuickHullFace@2@PEBUQuickHullVertex@2@@Z 0000000180028790 f   QuickHullConvexHullLib.obj
 0001:000277b0       ?calculateHorizon@QuickHull@local@@IEAAXAEBVPxVec3@physx@@PEAUQuickHullHalfEdge@2@AEAUQuickHullFace@2@AEAV?$Array@PEAUQuickHullHalfEdge@local@@V?$ReflectionAllocator@PEAUQuickHullHalfEdge@local@@@shdfnd@physx@@@shdfnd@4@AEAV?$Array@PEAUQuickHullFace@local@@V?$ReflectionAllocator@PEAUQuickHullFace@local@@@shdfnd@physx@@@84@@Z 00000001800287b0 f   QuickHullConvexHullLib.obj
 0001:00027960       ?addNewFacesFromHorizon@QuickHull@local@@IEAAXPEBUQuickHullVertex@2@AEBV?$Array@PEAUQuickHullHalfEdge@local@@V?$ReflectionAllocator@PEAUQuickHullHalfEdge@local@@@shdfnd@physx@@@shdfnd@physx@@AEAV?$Array@PEAUQuickHullFace@local@@V?$ReflectionAllocator@PEAUQuickHullFace@local@@@shdfnd@physx@@@56@@Z 0000000180028960 f   QuickHullConvexHullLib.obj
 0001:00027ab0       ?doAdjacentMerge@QuickHull@local@@IEAA_NAEAUQuickHullFace@2@_NAEA_N@Z 0000000180028ab0 f   QuickHullConvexHullLib.obj
 0001:00027e00       ?doPostAdjacentMerge@QuickHull@local@@IEAA_NAEAUQuickHullFace@2@M@Z 0000000180028e00 f   QuickHullConvexHullLib.obj
 0001:00028020       ?deleteFacePoints@QuickHull@local@@IEAAXAEAUQuickHullFace@2@PEAU32@@Z 0000000180029020 f   QuickHullConvexHullLib.obj
 0001:00028130       ?resolveUnclaimedPoints@QuickHull@local@@IEAAXAEBV?$Array@PEAUQuickHullFace@local@@V?$ReflectionAllocator@PEAUQuickHullFace@local@@@shdfnd@physx@@@shdfnd@physx@@@Z 0000000180029130 f   QuickHullConvexHullLib.obj
 0001:000283b0       ?postMergeHull@QuickHull@local@@IEAAXXZ 00000001800293b0 f   QuickHullConvexHullLib.obj
 0001:00028610       ?canMergeFaces@QuickHull@local@@IEAA_NAEBUQuickHullHalfEdge@2@@Z 0000000180029610 f   QuickHullConvexHullLib.obj
 0001:00028e40       ?getExpandPoint@local@@YAXAEBUQuickHullHalfEdge@1@AEAUExpandPoint@1@PEBV?$Array@IV?$ReflectionAllocator@I@shdfnd@physx@@@shdfnd@physx@@@Z 0000000180029e40 f   QuickHullConvexHullLib.obj
 0001:00028ef0       ?addExpandPoint@local@@YAXAEBUExpandPoint@1@AEAV?$Array@UExpandPoint@local@@V?$ReflectionAllocator@UExpandPoint@local@@@shdfnd@physx@@@shdfnd@physx@@@Z 0000000180029ef0 f   QuickHullConvexHullLib.obj
 0001:00028fd0       ??0PxPlane@physx@@QEAA@AEBV01@@Z 0000000180029fd0 f i QuickHullConvexHullLib.obj
 0001:00028ff0       ??0QuickHullVertex@local@@QEAA@XZ 0000000180029ff0 f i QuickHullConvexHullLib.obj
 0001:00029000       ??1?$MemBlock@UQuickHullFace@local@@$00@local@@QEAA@XZ 000000018002a000 f i QuickHullConvexHullLib.obj
 0001:00029090       ??1?$MemBlock@UQuickHullHalfEdge@local@@$0A@@local@@QEAA@XZ 000000018002a090 f i QuickHullConvexHullLib.obj
 0001:00029120       ??_GConvexHull@physx@@QEAAPEAXI@Z 000000018002a120 f i QuickHullConvexHullLib.obj
 0001:00029200       ??_GQuickHullConvexHullLib@physx@@UEAAPEAXI@Z 000000018002a200 f i QuickHullConvexHullLib.obj
 0001:00029200       ??_EQuickHullConvexHullLib@physx@@UEAAPEAXI@Z 000000018002a200 f i QuickHullConvexHullLib.obj
 0001:00029300       ??__G@YAXPEAX0_K1P6APEAX00@Z@Z 000000018002a300 f i QuickHullConvexHullLib.obj
 0001:00029360       ?allocate@?$Array@PEAUQuickHullFace@local@@V?$ReflectionAllocator@PEAUQuickHullFace@local@@@shdfnd@physx@@@shdfnd@physx@@IEAAPEAPEAUQuickHullFace@local@@I@Z 000000018002a360 f i QuickHullConvexHullLib.obj
 0001:00029400       ?allocate@?$Array@PEAUQuickHullHalfEdge@local@@V?$ReflectionAllocator@PEAUQuickHullHalfEdge@local@@@shdfnd@physx@@@shdfnd@physx@@IEAAPEAPEAUQuickHullHalfEdge@local@@I@Z 000000018002a400 f i QuickHullConvexHullLib.obj
 0001:000294a0       ?allocate@?$Array@PEAUQuickHullVertex@local@@V?$ReflectionAllocator@PEAUQuickHullVertex@local@@@shdfnd@physx@@@shdfnd@physx@@IEAAPEAPEAUQuickHullVertex@local@@I@Z 000000018002a4a0 f i QuickHullConvexHullLib.obj
 0001:00029540       ?allocate@?$Array@UExpandPoint@local@@V?$ReflectionAllocator@UExpandPoint@local@@@shdfnd@physx@@@shdfnd@physx@@IEAAPEAUExpandPoint@local@@I@Z 000000018002a540 f i QuickHullConvexHullLib.obj
 0001:000295e0       ?copy@?$Array@UExpandPoint@local@@V?$ReflectionAllocator@UExpandPoint@local@@@shdfnd@physx@@@shdfnd@physx@@KAXPEAUExpandPoint@local@@0PEBU45@@Z 000000018002a5e0 f i QuickHullConvexHullLib.obj
 0001:00029690       ?getFreeItem@?$MemBlock@UQuickHullFace@local@@$00@local@@QEAAPEAUQuickHullFace@2@XZ 000000018002a690 f i QuickHullConvexHullLib.obj
 0001:000297c0       ?getFreeItem@?$MemBlock@UQuickHullHalfEdge@local@@$0A@@local@@QEAAPEAUQuickHullHalfEdge@2@XZ 000000018002a7c0 f i QuickHullConvexHullLib.obj
 0001:00029890       ?growAndPushBack@?$Array@PEAUQuickHullFace@local@@V?$ReflectionAllocator@PEAUQuickHullFace@local@@@shdfnd@physx@@@shdfnd@physx@@IEAAAEAPEAUQuickHullFace@local@@AEBQEAU45@@Z 000000018002a890 f i QuickHullConvexHullLib.obj
 0001:00029950       ?growAndPushBack@?$Array@PEAUQuickHullHalfEdge@local@@V?$ReflectionAllocator@PEAUQuickHullHalfEdge@local@@@shdfnd@physx@@@shdfnd@physx@@IEAAAEAPEAUQuickHullHalfEdge@local@@AEBQEAU45@@Z 000000018002a950 f i QuickHullConvexHullLib.obj
 0001:00029a10       ?growAndPushBack@?$Array@PEAUQuickHullVertex@local@@V?$ReflectionAllocator@PEAUQuickHullVertex@local@@@shdfnd@physx@@@shdfnd@physx@@IEAAAEAPEAUQuickHullVertex@local@@AEBQEAU45@@Z 000000018002aa10 f i QuickHullConvexHullLib.obj
 0001:00029ad0       ?growAndPushBack@?$Array@UExpandPoint@local@@V?$ReflectionAllocator@UExpandPoint@local@@@shdfnd@physx@@@shdfnd@physx@@IEAAAEAUExpandPoint@local@@AEBU45@@Z 000000018002aad0 f i QuickHullConvexHullLib.obj
 0001:00029bd0       ?init@?$MemBlock@UQuickHullFace@local@@$00@local@@QEAAXI@Z 000000018002abd0 f i QuickHullConvexHullLib.obj
 0001:00029cd0       ?init@?$MemBlock@UQuickHullHalfEdge@local@@$0A@@local@@QEAAXI@Z 000000018002acd0 f i QuickHullConvexHullLib.obj
 0001:00029d70       ?recreate@?$Array@PEAUQuickHullFace@local@@V?$ReflectionAllocator@PEAUQuickHullFace@local@@@shdfnd@physx@@@shdfnd@physx@@IEAAXI@Z 000000018002ad70 f i QuickHullConvexHullLib.obj
 0001:00029e10       ?recreate@?$Array@PEAUQuickHullHalfEdge@local@@V?$ReflectionAllocator@PEAUQuickHullHalfEdge@local@@@shdfnd@physx@@@shdfnd@physx@@IEAAXI@Z 000000018002ae10 f i QuickHullConvexHullLib.obj
 0001:00029eb0       ?recreate@?$Array@PEAUQuickHullVertex@local@@V?$ReflectionAllocator@PEAUQuickHullVertex@local@@@shdfnd@physx@@@shdfnd@physx@@IEAAXI@Z 000000018002aeb0 f i QuickHullConvexHullLib.obj
 0001:00029f50       ?recreate@?$Array@UExpandPoint@local@@V?$ReflectionAllocator@UExpandPoint@local@@@shdfnd@physx@@@shdfnd@physx@@IEAAXI@Z 000000018002af50 f i QuickHullConvexHullLib.obj
 0001:00029fe0       ?computeVolumeIntegrals@physx@@YA_NAEBVPxSimpleTriangleMesh@1@MAEAUPxIntegrals@1@@Z 000000018002afe0 f   VolumeIntegration.obj
 0001:0002a050       ?computeVolumeIntegralsEberly@physx@@YA_NAEBVPxConvexMeshDesc@1@MAEAUPxIntegrals@1@AEBVPxVec3@1@@Z 000000018002b050 f   VolumeIntegration.obj
 0001:0002a0a0       ?computeVolumeIntegralsEberlySIMD@physx@@YA_NAEBVPxConvexMeshDesc@1@MAEAUPxIntegrals@1@AEBVPxVec3@1@@Z 000000018002b0a0 f   VolumeIntegration.obj
 0001:0002c3a0       PxSetPhysXCookingDelayLoadHook 000000018002d3a0 f   WindowsCookingDelayLoadHook.obj
 0001:0002c3b0       ?cookingDelayHook@@YAP6A_JXZIPEAUDelayLoadInfo@@@Z 000000018002d3b0 f   WindowsCookingDelayLoadHook.obj
 0001:0002c488       __imp_load_??0RadixSortBuffered@Cm@physx@@QEAA@XZ 000000018002d488 f   PhysXCommon_64:PhysXCommon_64.dll
 0001:0002c494       ??0RadixSortBuffered@Cm@physx@@QEAA@XZ 000000018002d494 f   PhysXCommon_64:PhysXCommon_64.dll
 0001:0002c49a       __tailMerge_physxcommon_64_dll 000000018002d49a     PhysXCommon_64:PhysXCommon_64.dll
 0001:0002c513       __imp_load_??1RadixSortBuffered@Cm@physx@@UEAA@XZ 000000018002d513 f   PhysXCommon_64:PhysXCommon_64.dll
 0001:0002c51f       ??1RadixSortBuffered@Cm@physx@@UEAA@XZ 000000018002d51f f   PhysXCommon_64:PhysXCommon_64.dll
 0001:0002c525       __imp_load_?Sort@RadixSortBuffered@Cm@physx@@QEAAAEAV123@PEBIIW4RadixHint@23@@Z 000000018002d525 f   PhysXCommon_64:PhysXCommon_64.dll
 0001:0002c531       ?Sort@RadixSortBuffered@Cm@physx@@QEAAAEAV123@PEBIIW4RadixHint@23@@Z 000000018002d531 f   PhysXCommon_64:PhysXCommon_64.dll
 0001:0002c537       __imp_load_?readDword@physx@@YAI_NAEAVPxInputStream@1@@Z 000000018002d537 f   PhysXCommon_64:PhysXCommon_64.dll
 0001:0002c543       ?readDword@physx@@YAI_NAEAVPxInputStream@1@@Z 000000018002d543 f   PhysXCommon_64:PhysXCommon_64.dll
 0001:0002c549       __imp_load_?ReadHeader@Gu@physx@@YA_NEEEEAEAIAEA_NAEAVPxInputStream@2@@Z 000000018002d549 f   PhysXCommon_64:PhysXCommon_64.dll
 0001:0002c555       ?ReadHeader@Gu@physx@@YA_NEEEEAEAIAEA_NAEAVPxInputStream@2@@Z 000000018002d555 f   PhysXCommon_64:PhysXCommon_64.dll
 0001:0002c55b       __imp_load_??0HeightField@Gu@physx@@QEAA@PEAVGuMeshFactory@2@@Z 000000018002d55b f   PhysXCommon_64:PhysXCommon_64.dll
 0001:0002c567       ??0HeightField@Gu@physx@@QEAA@PEAVGuMeshFactory@2@@Z 000000018002d567 f   PhysXCommon_64:PhysXCommon_64.dll
 0001:0002c56d       __imp_load_?loadFromDesc@HeightField@Gu@physx@@QEAA_NAEBVPxHeightFieldDesc@3@@Z 000000018002d56d f   PhysXCommon_64:PhysXCommon_64.dll
 0001:0002c579       ?loadFromDesc@HeightField@Gu@physx@@QEAA_NAEBVPxHeightFieldDesc@3@@Z 000000018002d579 f   PhysXCommon_64:PhysXCommon_64.dll
 0001:0002c57f       __imp_load_?computeCellCoordinates@HeightField@Gu@physx@@QEBAIMMAEAM0@Z 000000018002d57f f   PhysXCommon_64:PhysXCommon_64.dll
 0001:0002c58b       ?computeCellCoordinates@HeightField@Gu@physx@@QEBAIMMAEAM0@Z 000000018002d58b f   PhysXCommon_64:PhysXCommon_64.dll
 0001:0002c591       __imp_load_?releaseMemory@HeightField@Gu@physx@@QEAAXXZ 000000018002d591 f   PhysXCommon_64:PhysXCommon_64.dll
 0001:0002c59d       ?releaseMemory@HeightField@Gu@physx@@QEAAXXZ 000000018002d59d f   PhysXCommon_64:PhysXCommon_64.dll
 0001:0002c5a3       __imp_load_??1HeightField@Gu@physx@@UEAA@XZ 000000018002d5a3 f   PhysXCommon_64:PhysXCommon_64.dll
 0001:0002c5af       ??1HeightField@Gu@physx@@UEAA@XZ 000000018002d5af f   PhysXCommon_64:PhysXCommon_64.dll
 0001:0002c5b5       __imp_load_??0NodeAllocator@Gu@physx@@QEAA@XZ 000000018002d5b5 f   PhysXCommon_64:PhysXCommon_64.dll
 0001:0002c5c1       ??0NodeAllocator@Gu@physx@@QEAA@XZ 000000018002d5c1 f   PhysXCommon_64:PhysXCommon_64.dll
 0001:0002c5c7       __imp_load_??1NodeAllocator@Gu@physx@@QEAA@XZ 000000018002d5c7 f   PhysXCommon_64:PhysXCommon_64.dll
 0001:0002c5d3       ??1NodeAllocator@Gu@physx@@QEAA@XZ 000000018002d5d3 f   PhysXCommon_64:PhysXCommon_64.dll
 0001:0002c5d9       __imp_load_?release@NodeAllocator@Gu@physx@@QEAAXXZ 000000018002d5d9 f   PhysXCommon_64:PhysXCommon_64.dll
 0001:0002c5e5       ?release@NodeAllocator@Gu@physx@@QEAAXXZ 000000018002d5e5 f   PhysXCommon_64:PhysXCommon_64.dll
 0001:0002c5eb       __imp_load_?buildAABBTree@Gu@physx@@YA_NAEAVAABBTreeBuildParams@12@AEAVNodeAllocator@12@AEAUBuildStats@12@AEAPEAI@Z 000000018002d5eb f   PhysXCommon_64:PhysXCommon_64.dll
 0001:0002c5f7       ?buildAABBTree@Gu@physx@@YA_NAEAVAABBTreeBuildParams@12@AEAVNodeAllocator@12@AEAUBuildStats@12@AEAPEAI@Z 000000018002d5f7 f   PhysXCommon_64:PhysXCommon_64.dll
 0001:0002c5fd       __imp_load_?writeDword@physx@@YAXI_NAEAVPxOutputStream@1@@Z 000000018002d5fd f   PhysXCommon_64:PhysXCommon_64.dll
 0001:0002c609       ?writeDword@physx@@YAXI_NAEAVPxOutputStream@1@@Z 000000018002d609 f   PhysXCommon_64:PhysXCommon_64.dll
 0001:0002c60f       __imp_load_?writeFloatBuffer@physx@@YAXPEBMI_NAEAVPxOutputStream@1@@Z 000000018002d60f f   PhysXCommon_64:PhysXCommon_64.dll
 0001:0002c61b       ?writeFloatBuffer@physx@@YAXPEBMI_NAEAVPxOutputStream@1@@Z 000000018002d61b f   PhysXCommon_64:PhysXCommon_64.dll
 0001:0002c621       __imp_load_?writeHeader@physx@@YA_NCCCCI_NAEAVPxOutputStream@1@@Z 000000018002d621 f   PhysXCommon_64:PhysXCommon_64.dll
 0001:0002c62d       ?writeHeader@physx@@YA_NCCCCI_NAEAVPxOutputStream@1@@Z 000000018002d62d f   PhysXCommon_64:PhysXCommon_64.dll
 0001:0002c633       __imp_load_?writeWord@physx@@YAXG_NAEAVPxOutputStream@1@@Z 000000018002d633 f   PhysXCommon_64:PhysXCommon_64.dll
 0001:0002c63f       ?writeWord@physx@@YAXG_NAEAVPxOutputStream@1@@Z 000000018002d63f f   PhysXCommon_64:PhysXCommon_64.dll
 0001:0002c645       __imp_load_?writeFloat@physx@@YAXM_NAEAVPxOutputStream@1@@Z 000000018002d645 f   PhysXCommon_64:PhysXCommon_64.dll
 0001:0002c651       ?writeFloat@physx@@YAXM_NAEAVPxOutputStream@1@@Z 000000018002d651 f   PhysXCommon_64:PhysXCommon_64.dll
 0001:0002c657       __imp_load_?computeBoundsAroundVertices@Gu@physx@@YAXAEAVPxBounds3@2@IPEIBVPxVec3@2@@Z 000000018002d657 f   PhysXCommon_64:PhysXCommon_64.dll
 0001:0002c663       ?computeBoundsAroundVertices@Gu@physx@@YAXAEAVPxBounds3@2@IPEIBVPxVec3@2@@Z 000000018002d663 f   PhysXCommon_64:PhysXCommon_64.dll
 0001:0002c669       __imp_load_??0SourceMesh@Gu@physx@@QEAA@XZ 000000018002d669 f   PhysXCommon_64:PhysXCommon_64.dll
 0001:0002c675       ??0SourceMesh@Gu@physx@@QEAA@XZ 000000018002d675 f   PhysXCommon_64:PhysXCommon_64.dll
 0001:0002c67b       __imp_load_??1SourceMesh@Gu@physx@@QEAA@XZ 000000018002d67b f   PhysXCommon_64:PhysXCommon_64.dll
 0001:0002c687       ??1SourceMesh@Gu@physx@@QEAA@XZ 000000018002d687 f   PhysXCommon_64:PhysXCommon_64.dll
 0001:0002c68d       __imp_load_??0BV4Tree@Gu@physx@@QEAA@XZ 000000018002d68d f   PhysXCommon_64:PhysXCommon_64.dll
 0001:0002c699       ??0BV4Tree@Gu@physx@@QEAA@XZ 000000018002d699 f   PhysXCommon_64:PhysXCommon_64.dll
 0001:0002c69f       __imp_load_??1BV4Tree@Gu@physx@@QEAA@XZ 000000018002d69f f   PhysXCommon_64:PhysXCommon_64.dll
 0001:0002c6ab       ??1BV4Tree@Gu@physx@@QEAA@XZ 000000018002d6ab f   PhysXCommon_64:PhysXCommon_64.dll
 0001:0002c6b1       __imp_load_??0BV32Tree@Gu@physx@@QEAA@XZ 000000018002d6b1 f   PhysXCommon_64:PhysXCommon_64.dll
 0001:0002c6bd       ??0BV32Tree@Gu@physx@@QEAA@XZ 000000018002d6bd f   PhysXCommon_64:PhysXCommon_64.dll
 0001:0002c6c3       __imp_load_??1BV32Tree@Gu@physx@@QEAA@XZ 000000018002d6c3 f   PhysXCommon_64:PhysXCommon_64.dll
 0001:0002c6cf       ??1BV32Tree@Gu@physx@@QEAA@XZ 000000018002d6cf f   PhysXCommon_64:PhysXCommon_64.dll
 0001:0002c6d5       __imp_load_?writeWordBuffer@physx@@YAXPEBGI_NAEAVPxOutputStream@1@@Z 000000018002d6d5 f   PhysXCommon_64:PhysXCommon_64.dll
 0001:0002c6e1       ?writeWordBuffer@physx@@YAXPEBGI_NAEAVPxOutputStream@1@@Z 000000018002d6e1 f   PhysXCommon_64:PhysXCommon_64.dll
 0001:0002c6e7       __imp_load_?computeMaxIndex@physx@@YAIPEBII@Z 000000018002d6e7 f   PhysXCommon_64:PhysXCommon_64.dll
 0001:0002c6f3       ?computeMaxIndex@physx@@YAIPEBII@Z 000000018002d6f3 f   PhysXCommon_64:PhysXCommon_64.dll
 0001:0002c6f9       __imp_load_?storeIndices@physx@@YAXIIPEBIAEAVPxOutputStream@1@_N@Z 000000018002d6f9 f   PhysXCommon_64:PhysXCommon_64.dll
 0001:0002c705       ?storeIndices@physx@@YAXIIPEBIAEAVPxOutputStream@1@_N@Z 000000018002d705 f   PhysXCommon_64:PhysXCommon_64.dll
 0001:0002c70b       __imp_load_?BuildBV4Ex@Gu@physx@@YA_NAEAVBV4Tree@12@AEAVSourceMesh@12@MI@Z 000000018002d70b f   PhysXCommon_64:PhysXCommon_64.dll
 0001:0002c717       ?BuildBV4Ex@Gu@physx@@YA_NAEAVBV4Tree@12@AEAVSourceMesh@12@MI@Z 000000018002d717 f   PhysXCommon_64:PhysXCommon_64.dll
 0001:0002c71d       __imp_load_?BuildBV32Ex@Gu@physx@@YA_NAEAVBV32Tree@12@AEAVSourceMesh@12@MI@Z 000000018002d71d f   PhysXCommon_64:PhysXCommon_64.dll
 0001:0002c729       ?BuildBV32Ex@Gu@physx@@YA_NAEAVBV32Tree@12@AEAVSourceMesh@12@MI@Z 000000018002d729 f   PhysXCommon_64:PhysXCommon_64.dll
 0001:0002c72f       __imp_load_?computeMaxIndex@physx@@YAGPEBGI@Z 000000018002d72f f   PhysXCommon_64:PhysXCommon_64.dll
 0001:0002c73b       ?computeMaxIndex@physx@@YAGPEBGI@Z 000000018002d73b f   PhysXCommon_64:PhysXCommon_64.dll
 0001:0002c741       __imp_load_?WriteHeader@Gu@physx@@YA_NEEEEI_NAEAVPxOutputStream@2@@Z 000000018002d741 f   PhysXCommon_64:PhysXCommon_64.dll
 0001:0002c74d       ?WriteHeader@Gu@physx@@YA_NEEEEI_NAEAVPxOutputStream@2@@Z 000000018002d74d f   PhysXCommon_64:PhysXCommon_64.dll
 0001:0002c753       __imp_load_?StoreIndices@Gu@physx@@YAXGIPEBGAEAVPxOutputStream@2@_N@Z 000000018002d753 f   PhysXCommon_64:PhysXCommon_64.dll
 0001:0002c75f       ?StoreIndices@Gu@physx@@YAXGIPEBGAEAVPxOutputStream@2@_N@Z 000000018002d75f f   PhysXCommon_64:PhysXCommon_64.dll
 0001:0002c765       __imp_load_?CreateOffsets@BigConvexData@physx@@IEAAXXZ 000000018002d765 f   PhysXCommon_64:PhysXCommon_64.dll
 0001:0002c771       ?CreateOffsets@BigConvexData@physx@@IEAAXXZ 000000018002d771 f   PhysXCommon_64:PhysXCommon_64.dll
 0001:0002c777       __imp_load_?computeOBBPoints@Gu@physx@@YAXPEIAVPxVec3@2@AEBV32@1111@Z 000000018002d777 f   PhysXCommon_64:PhysXCommon_64.dll
 0001:0002c783       ?computeOBBPoints@Gu@physx@@YAXPEIAVPxVec3@2@AEBV32@1111@Z 000000018002d783 f   PhysXCommon_64:PhysXCommon_64.dll
 0001:0002c789       __imp_load_??0BigConvexData@physx@@QEAA@XZ 000000018002d789 f   PhysXCommon_64:PhysXCommon_64.dll
 0001:0002c795       ??0BigConvexData@physx@@QEAA@XZ 000000018002d795 f   PhysXCommon_64:PhysXCommon_64.dll
 0001:0002c79b       __imp_load_??1BigConvexData@physx@@QEAA@XZ 000000018002d79b f   PhysXCommon_64:PhysXCommon_64.dll
 0001:0002c7a7       ??1BigConvexData@physx@@QEAA@XZ 000000018002d7a7 f   PhysXCommon_64:PhysXCommon_64.dll
 0001:0002c7ad       __imp_load_PxGetFoundation 000000018002d7ad f   PhysXFoundation_64:PhysXFoundation_64.dll
 0001:0002c7b9       PxGetFoundation            000000018002d7b9 f   PhysXFoundation_64:PhysXFoundation_64.dll
 0001:0002c7bf       __tailMerge_physxfoundation_64_dll 000000018002d7bf     PhysXFoundation_64:PhysXFoundation_64.dll
 0001:0002c838       __imp_load_?getAllocator@shdfnd@physx@@YAAEAVPxAllocatorCallback@2@XZ 000000018002d838 f   PhysXFoundation_64:PhysXFoundation_64.dll
 0001:0002c844       ?getAllocator@shdfnd@physx@@YAAEAVPxAllocatorCallback@2@XZ 000000018002d844 f   PhysXFoundation_64:PhysXFoundation_64.dll
 0001:0002c84a       __imp_load_?getInstance@Foundation@shdfnd@physx@@SAAEAV123@XZ 000000018002d84a f   PhysXFoundation_64:PhysXFoundation_64.dll
 0001:0002c856       ?getInstance@Foundation@shdfnd@physx@@SAAEAV123@XZ 000000018002d856 f   PhysXFoundation_64:PhysXFoundation_64.dll
 0001:0002c85c       __imp_load_?error@Foundation@shdfnd@physx@@QEAAXW4Enum@PxErrorCode@3@PEBDH1ZZ 000000018002d85c f   PhysXFoundation_64:PhysXFoundation_64.dll
 0001:0002c868       ?error@Foundation@shdfnd@physx@@QEAAXW4Enum@PxErrorCode@3@PEBDH1ZZ 000000018002d868 f   PhysXFoundation_64:PhysXFoundation_64.dll
 0001:0002c86e       __imp_load_?incRefCount@Foundation@shdfnd@physx@@SAXXZ 000000018002d86e f   PhysXFoundation_64:PhysXFoundation_64.dll
 0001:0002c87a       ?incRefCount@Foundation@shdfnd@physx@@SAXXZ 000000018002d87a f   PhysXFoundation_64:PhysXFoundation_64.dll
 0001:0002c880       __imp_load_?decRefCount@Foundation@shdfnd@physx@@SAXXZ 000000018002d880 f   PhysXFoundation_64:PhysXFoundation_64.dll
[...]
 0002:00007828       rgwOrd                     0000000180038828     PhysXCooking_64.exp
 0002:0000791c       szName                     000000018003891c     PhysXCooking_64.exp
 0002:00007930       $N00001                    0000000180038930     PhysXCooking_64.exp
 0002:0000795f       $N00002                    000000018003895f     PhysXCooking_64.exp
 0002:00007986       $N00003                    0000000180038986     PhysXCooking_64.exp
 0002:000079c1       $N00004                    00000001800389c1     PhysXCooking_64.exp
 0002:000079e8       $N00005                    00000001800389e8     PhysXCooking_64.exp
 0002:00007a14       $N00006                    0000000180038a14     PhysXCooking_64.exp
 0002:00007a35       $N00007                    0000000180038a35     PhysXCooking_64.exp
 0002:00007a6a       $N00008                    0000000180038a6a     PhysXCooking_64.exp
 0002:00007a83       $N00009                    0000000180038a83     PhysXCooking_64.exp
 0002:00007aa3       $N00010                    0000000180038aa3     PhysXCooking_64.exp
 0002:00007acc       $N00011                    0000000180038acc     PhysXCooking_64.exp
 0002:00007af3       $N00012                    0000000180038af3     PhysXCooking_64.exp
 0002:00007b22       $N00013                    0000000180038b22     PhysXCooking_64.exp
 0002:00007b4f       $N00014                    0000000180038b4f     PhysXCooking_64.exp
 0002:00007b80       $N00015                    0000000180038b80     PhysXCooking_64.exp
 0002:00007ba5       $N00016                    0000000180038ba5     PhysXCooking_64.exp
 0002:00007bd0       $N00017                    0000000180038bd0     PhysXCooking_64.exp
 0002:00007bf6       $N00018                    0000000180038bf6     PhysXCooking_64.exp
 0002:00007c15       $N00019                    0000000180038c15     PhysXCooking_64.exp
 0002:00007c4b       $N00020                    0000000180038c4b     PhysXCooking_64.exp
 0002:00007c75       $N00021                    0000000180038c75     PhysXCooking_64.exp
 0002:00007c9c       $N00022                    0000000180038c9c     PhysXCooking_64.exp
 0002:00007cc5       $N00023                    0000000180038cc5     PhysXCooking_64.exp
 0002:00007cde       $N00024                    0000000180038cde     PhysXCooking_64.exp
 0002:00007d03       $N00025                    0000000180038d03     PhysXCooking_64.exp
 0002:00007d22       $N00026                    0000000180038d22     PhysXCooking_64.exp
 0002:00007d41       $N00027                    0000000180038d41     PhysXCooking_64.exp
 0002:00007d61       $N00028                    0000000180038d61     PhysXCooking_64.exp
 0002:00007d97       $N00029                    0000000180038d97     PhysXCooking_64.exp
 0002:00007dcf       $N00030                    0000000180038dcf     PhysXCooking_64.exp
 0002:00007e03       $N00031                    0000000180038e03     PhysXCooking_64.exp
 0002:00007e35       $N00032                    0000000180038e35     PhysXCooking_64.exp
 0002:00007e62       $N00033                    0000000180038e62     PhysXCooking_64.exp
 0002:00007e8a       $N00034                    0000000180038e8a     PhysXCooking_64.exp
 0002:00007ebb       $N00035                    0000000180038ebb     PhysXCooking_64.exp
 0002:00007eea       $N00036                    0000000180038eea     PhysXCooking_64.exp
 0002:00007f1a       $N00037                    0000000180038f1a     PhysXCooking_64.exp
 0002:00007f48       $N00038                    0000000180038f48     PhysXCooking_64.exp
 0002:00007f79       $N00039                    0000000180038f79     PhysXCooking_64.exp
 0002:00007faf       $N00040                    0000000180038faf     PhysXCooking_64.exp
 0002:00007fe3       $N00041                    0000000180038fe3     PhysXCooking_64.exp
 0002:00008015       $N00042                    0000000180039015     PhysXCooking_64.exp
 0002:00008047       $N00043                    0000000180039047     PhysXCooking_64.exp
 0002:00008073       $N00044                    0000000180039073     PhysXCooking_64.exp
 0002:0000808f       $N00045                    000000018003908f     PhysXCooking_64.exp
 0002:000080b9       $N00046                    00000001800390b9     PhysXCooking_64.exp
 0002:000080dd       $N00047                    00000001800390dd     PhysXCooking_64.exp
 0002:0000810f       $N00048                    000000018003910f     PhysXCooking_64.exp
 0002:00008136       $N00049                    0000000180039136     PhysXCooking_64.exp
 0002:00008164       $N00050                    0000000180039164     PhysXCooking_64.exp
 0002:0000818f       $N00051                    000000018003918f     PhysXCooking_64.exp
 0002:000081bc       $N00052                    00000001800391bc     PhysXCooking_64.exp
 0002:000081e5       $N00053                    00000001800391e5     PhysXCooking_64.exp
 0002:00008214       $N00054                    0000000180039214     PhysXCooking_64.exp
 0002:0000823d       $N00055                    000000018003923d     PhysXCooking_64.exp
 0002:00008266       $N00056                    0000000180039266     PhysXCooking_64.exp
 0002:00008294       $N00057                    0000000180039294     PhysXCooking_64.exp
 0002:000082bc       $N00058                    00000001800392bc     PhysXCooking_64.exp
 0002:000082f7       $N00059                    00000001800392f7     PhysXCooking_64.exp
 0002:00008321       $N00060                    0000000180039321     PhysXCooking_64.exp
 0002:00008355       $N00061                    0000000180039355     PhysXCooking_64.exp
 0002:0000838b       $N00062                    000000018003938b     PhysXCooking_64.exp
 0002:000083c7       $N00063                    00000001800393c7     PhysXCooking_64.exp
 0002:0000840f       $N00064                    000000018003940f     PhysXCooking_64.exp
 0002:0000845f       $N00065                    000000018003945f     PhysXCooking_64.exp
 0002:00008493       $N00066                    0000000180039493     PhysXCooking_64.exp
 0002:000084c8       $N00067                    00000001800394c8     PhysXCooking_64.exp
 0002:000084fe       $N00068                    00000001800394fe     PhysXCooking_64.exp
 0002:00008525       $N00069                    0000000180039525     PhysXCooking_64.exp
 0002:0000856d       $N00070                    000000018003956d     PhysXCooking_64.exp
 0002:000085b3       $N00071                    00000001800395b3     PhysXCooking_64.exp
 0002:0000860b       $N00072                    000000018003960b     PhysXCooking_64.exp
 0002:00008652       $N00073                    0000000180039652     PhysXCooking_64.exp
 0002:0000867d       $N00074                    000000018003967d     PhysXCooking_64.exp
 0002:000086ad       $N00075                    00000001800396ad     PhysXCooking_64.exp
 0002:000086fd       $N00076                    00000001800396fd     PhysXCooking_64.exp
 0002:000087ac       $N00077                    00000001800397ac     PhysXCooking_64.exp
 0002:0000880a       $N00078                    000000018003980a     PhysXCooking_64.exp
 0002:00008836       $N00079                    0000000180039836     PhysXCooking_64.exp
 0002:00008862       $N00080                    0000000180039862     PhysXCooking_64.exp
 0002:00008897       $N00081                    0000000180039897     PhysXCooking_64.exp
 0002:000088c0       $N00082                    00000001800398c0     PhysXCooking_64.exp
 0002:000088fc       $N00083                    00000001800398fc     PhysXCooking_64.exp
 0002:00008928       $N00084                    0000000180039928     PhysXCooking_64.exp
 0002:0000895b       $N00085                    000000018003995b     PhysXCooking_64.exp
 0002:000089a8       $N00086                    00000001800399a8     PhysXCooking_64.exp
 0002:000089db       $N00087                    00000001800399db     PhysXCooking_64.exp
 0002:00008a15       $N00088                    0000000180039a15     PhysXCooking_64.exp
 0002:00008a4f       $N00089                    0000000180039a4f     PhysXCooking_64.exp
 0002:00008a8b       $N00090                    0000000180039a8b     PhysXCooking_64.exp
 0002:00008acf       $N00091                    0000000180039acf     PhysXCooking_64.exp
 0002:00008afe       $N00092                    0000000180039afe     PhysXCooking_64.exp
 0002:00008b78       $N00093                    0000000180039b78     PhysXCooking_64.exp
 0002:00008bd5       $N00094                    0000000180039bd5     PhysXCooking_64.exp
 0002:00008c01       $N00095                    0000000180039c01     PhysXCooking_64.exp
 0002:00008c35       $N00096                    0000000180039c35     PhysXCooking_64.exp
 0002:00008c6e       $N00097                    0000000180039c6e     PhysXCooking_64.exp
 0002:00008cab       $N00098                    0000000180039cab     PhysXCooking_64.exp
 0002:00008ce1       $N00099                    0000000180039ce1     PhysXCooking_64.exp
 0002:00008d0e       $N00100                    0000000180039d0e     PhysXCooking_64.exp
 0002:00008d3b       $N00101                    0000000180039d3b     PhysXCooking_64.exp
 0002:00008d66       $N00102                    0000000180039d66     PhysXCooking_64.exp
 0002:00008d92       $N00103                    0000000180039d92     PhysXCooking_64.exp
 0002:00008dbf       $N00104                    0000000180039dbf     PhysXCooking_64.exp
 0002:00008ddf       $N00105                    0000000180039ddf     PhysXCooking_64.exp
 0002:00008e1b       $N00106                    0000000180039e1b     PhysXCooking_64.exp
 0002:00008e4c       $N00107                    0000000180039e4c     PhysXCooking_64.exp
 0002:00008e7e       $N00108                    0000000180039e7e     PhysXCooking_64.exp
 0002:00008ec0       $N00109                    0000000180039ec0     PhysXCooking_64.exp
 0002:00008eed       $N00110                    0000000180039eed     PhysXCooking_64.exp
 0002:00008f11       $N00111                    0000000180039f11     PhysXCooking_64.exp
 0002:00008f41       $N00112                    0000000180039f41     PhysXCooking_64.exp
 0002:00008f74       $N00113                    0000000180039f74     PhysXCooking_64.exp
 0002:00008f99       $N00114                    0000000180039f99     PhysXCooking_64.exp
 0002:00008fc7       $N00115                    0000000180039fc7     PhysXCooking_64.exp
 0002:00008fef       $N00116                    0000000180039fef     PhysXCooking_64.exp
 0002:0000900f       $N00117                    000000018003a00f     PhysXCooking_64.exp
 0002:00009054       $N00118                    000000018003a054     PhysXCooking_64.exp
 0002:00009091       $N00119                    000000018003a091     PhysXCooking_64.exp
 0002:000090ce       $N00120                    000000018003a0ce     PhysXCooking_64.exp
 0002:00009101       $N00121                    000000018003a101     PhysXCooking_64.exp
 0002:00009111       $N00122                    000000018003a111     PhysXCooking_64.exp
 0002:00009398       .idata$6                   000000018003a398     kernel32:KERNEL32.dll
 0002:00009454       .idata$6                   000000018003a454     vcruntime:VCRUNTIME140.dll
 0002:00009590       .idata$6                   000000018003a590     ucrt:api-ms-win-crt-string-l1-1-0.dll
 0002:000095b2       .idata$6                   000000018003a5b2     ucrt:api-ms-win-crt-math-l1-1-0.dll
 0002:000095d2       .idata$6                   000000018003a5d2     ucrt:api-ms-win-crt-heap-l1-1-0.dll
 0002:000095f2       .idata$6                   000000018003a5f2     ucrt:api-ms-win-crt-runtime-l1-1-0.dll
 0003:00000000       ?MAXDOT_MINANG@local@@3MB  000000018003b000     ConvexHullUtils.obj
 0003:00000004       ?MAXDOT_MINANG@local@@3MB  000000018003b004     QuickHullConvexHullLib.obj
 0003:00000860       ?maxV3Error@_VecMathTests@aos@shdfnd@physx@@3T__m128@@B 000000018003b860     Cooking.obj
 0003:00000870       ?minFError@_VecMathTests@aos@shdfnd@physx@@3T__m128@@B 000000018003b870     Cooking.obj
 0003:00000880       ?maxV4Error@_VecMathTests@aos@shdfnd@physx@@3T__m128@@B 000000018003b880     Cooking.obj
 0003:00000890       ?minV4Error@_VecMathTests@aos@shdfnd@physx@@3T__m128@@B 000000018003b890     Cooking.obj
 0003:000008a0       ?minV3Error@_VecMathTests@aos@shdfnd@physx@@3T__m128@@B 000000018003b8a0     Cooking.obj
 0003:000008b0       ?maxFError@_VecMathTests@aos@shdfnd@physx@@3T__m128@@B 000000018003b8b0     Cooking.obj
 0003:000008c0       ?maxV3Error@_VecMathTests@aos@shdfnd@physx@@3T__m128@@B 000000018003b8c0     BVHStructureBuilder.obj
 0003:000008d0       ?minFError@_VecMathTests@aos@shdfnd@physx@@3T__m128@@B 000000018003b8d0     BVHStructureBuilder.obj
 0003:000008e0       ?maxV4Error@_VecMathTests@aos@shdfnd@physx@@3T__m128@@B 000000018003b8e0     BVHStructureBuilder.obj
 0003:000008f0       ?minV4Error@_VecMathTests@aos@shdfnd@physx@@3T__m128@@B 000000018003b8f0     BVHStructureBuilder.obj
 0003:00000900       ?minV3Error@_VecMathTests@aos@shdfnd@physx@@3T__m128@@B 000000018003b900     BVHStructureBuilder.obj
 0003:00000910       ?maxFError@_VecMathTests@aos@shdfnd@physx@@3T__m128@@B 000000018003b910     BVHStructureBuilder.obj
 0003:00000920       ?maxV3Error@_VecMathTests@aos@shdfnd@physx@@3T__m128@@B 000000018003b920     RTreeCooking.obj
 0003:00000930       ?minFError@_VecMathTests@aos@shdfnd@physx@@3T__m128@@B 000000018003b930     RTreeCooking.obj
 0003:00000940       ?maxV4Error@_VecMathTests@aos@shdfnd@physx@@3T__m128@@B 000000018003b940     RTreeCooking.obj
 0003:00000950       ?minV4Error@_VecMathTests@aos@shdfnd@physx@@3T__m128@@B 000000018003b950     RTreeCooking.obj
 0003:00000960       ?minV3Error@_VecMathTests@aos@shdfnd@physx@@3T__m128@@B 000000018003b960     RTreeCooking.obj
 0003:00000970       ?maxFError@_VecMathTests@aos@shdfnd@physx@@3T__m128@@B 000000018003b970     RTreeCooking.obj
 0003:00000980       ?maxV3Error@_VecMathTests@aos@shdfnd@physx@@3T__m128@@B 000000018003b980     MeshBuilder.obj
 0003:00000990       ?minFError@_VecMathTests@aos@shdfnd@physx@@3T__m128@@B 000000018003b990     MeshBuilder.obj
 0003:000009a0       ?maxV4Error@_VecMathTests@aos@shdfnd@physx@@3T__m128@@B 000000018003b9a0     MeshBuilder.obj
 0003:000009b0       ?minV4Error@_VecMathTests@aos@shdfnd@physx@@3T__m128@@B 000000018003b9b0     MeshBuilder.obj
 0003:000009c0       ?minV3Error@_VecMathTests@aos@shdfnd@physx@@3T__m128@@B 000000018003b9c0     MeshBuilder.obj
 0003:000009d0       ?maxFError@_VecMathTests@aos@shdfnd@physx@@3T__m128@@B 000000018003b9d0     MeshBuilder.obj
 0003:000009e0       ?maxV3Error@_VecMathTests@aos@shdfnd@physx@@3T__m128@@B 000000018003b9e0     TriangleMeshBuilder.obj
 0003:000009f0       ?minFError@_VecMathTests@aos@shdfnd@physx@@3T__m128@@B 000000018003b9f0     TriangleMeshBuilder.obj
 0003:00000a00       ?maxV4Error@_VecMathTests@aos@shdfnd@physx@@3T__m128@@B 000000018003ba00     TriangleMeshBuilder.obj
 0003:00000a10       ?minV4Error@_VecMathTests@aos@shdfnd@physx@@3T__m128@@B 000000018003ba10     TriangleMeshBuilder.obj
 0003:00000a20       ?minV3Error@_VecMathTests@aos@shdfnd@physx@@3T__m128@@B 000000018003ba20     TriangleMeshBuilder.obj
 0003:00000a30       ?maxFError@_VecMathTests@aos@shdfnd@physx@@3T__m128@@B 000000018003ba30     TriangleMeshBuilder.obj
 0003:00000a40       ?maxV3Error@_VecMathTests@aos@shdfnd@physx@@3T__m128@@B 000000018003ba40     BigConvexDataBuilder.obj
 0003:00000a50       ?minFError@_VecMathTests@aos@shdfnd@physx@@3T__m128@@B 000000018003ba50     BigConvexDataBuilder.obj
 0003:00000a60       ?maxV4Error@_VecMathTests@aos@shdfnd@physx@@3T__m128@@B 000000018003ba60     BigConvexDataBuilder.obj
 0003:00000a70       ?minV4Error@_VecMathTests@aos@shdfnd@physx@@3T__m128@@B 000000018003ba70     BigConvexDataBuilder.obj
 0003:00000a80       ?minV3Error@_VecMathTests@aos@shdfnd@physx@@3T__m128@@B 000000018003ba80     BigConvexDataBuilder.obj
 0003:00000a90       ?maxFError@_VecMathTests@aos@shdfnd@physx@@3T__m128@@B 000000018003ba90     BigConvexDataBuilder.obj
 0003:00000aa0       ?maxV3Error@_VecMathTests@aos@shdfnd@physx@@3T__m128@@B 000000018003baa0     ConvexHullBuilder.obj
 0003:00000ab0       ?minFError@_VecMathTests@aos@shdfnd@physx@@3T__m128@@B 000000018003bab0     ConvexHullBuilder.obj
 0003:00000ac0       ?maxV4Error@_VecMathTests@aos@shdfnd@physx@@3T__m128@@B 000000018003bac0     ConvexHullBuilder.obj
 0003:00000ad0       ?minV4Error@_VecMathTests@aos@shdfnd@physx@@3T__m128@@B 000000018003bad0     ConvexHullBuilder.obj
 0003:00000ae0       ?minV3Error@_VecMathTests@aos@shdfnd@physx@@3T__m128@@B 000000018003bae0     ConvexHullBuilder.obj
 0003:00000af0       ?maxFError@_VecMathTests@aos@shdfnd@physx@@3T__m128@@B 000000018003baf0     ConvexHullBuilder.obj
 0003:00000b00       ?maxV3Error@_VecMathTests@aos@shdfnd@physx@@3T__m128@@B 000000018003bb00     ConvexHullUtils.obj
 0003:00000b10       ?minFError@_VecMathTests@aos@shdfnd@physx@@3T__m128@@B 000000018003bb10     ConvexHullUtils.obj
 0003:00000b20       ?maxV4Error@_VecMathTests@aos@shdfnd@physx@@3T__m128@@B 000000018003bb20     ConvexHullUtils.obj
 0003:00000b30       ?minV4Error@_VecMathTests@aos@shdfnd@physx@@3T__m128@@B 000000018003bb30     ConvexHullUtils.obj
 0003:00000b40       ?minV3Error@_VecMathTests@aos@shdfnd@physx@@3T__m128@@B 000000018003bb40     ConvexHullUtils.obj
 0003:00000b50       ?maxFError@_VecMathTests@aos@shdfnd@physx@@3T__m128@@B 000000018003bb50     ConvexHullUtils.obj
 0003:00000b60       ?maxV3Error@_VecMathTests@aos@shdfnd@physx@@3T__m128@@B 000000018003bb60     ConvexMeshBuilder.obj
 0003:00000b70       ?minFError@_VecMathTests@aos@shdfnd@physx@@3T__m128@@B 000000018003bb70     ConvexMeshBuilder.obj
 0003:00000b80       ?maxV4Error@_VecMathTests@aos@shdfnd@physx@@3T__m128@@B 000000018003bb80     ConvexMeshBuilder.obj
 0003:00000b90       ?minV4Error@_VecMathTests@aos@shdfnd@physx@@3T__m128@@B 000000018003bb90     ConvexMeshBuilder.obj
 0003:00000ba0       ?minV3Error@_VecMathTests@aos@shdfnd@physx@@3T__m128@@B 000000018003bba0     ConvexMeshBuilder.obj
 0003:00000bb0       ?maxFError@_VecMathTests@aos@shdfnd@physx@@3T__m128@@B 000000018003bbb0     ConvexMeshBuilder.obj
 0003:00000bc0       ?maxV3Error@_VecMathTests@aos@shdfnd@physx@@3T__m128@@B 000000018003bbc0     VolumeIntegration.obj
 0003:00000bd0       ?minFError@_VecMathTests@aos@shdfnd@physx@@3T__m128@@B 000000018003bbd0     VolumeIntegration.obj
 0003:00000be0       ?maxV4Error@_VecMathTests@aos@shdfnd@physx@@3T__m128@@B 000000018003bbe0     VolumeIntegration.obj
 0003:00000bf0       ?minV4Error@_VecMathTests@aos@shdfnd@physx@@3T__m128@@B 000000018003bbf0     VolumeIntegration.obj
 0003:00000c00       ?minV3Error@_VecMathTests@aos@shdfnd@physx@@3T__m128@@B 000000018003bc00     VolumeIntegration.obj
 0003:00000c10       ?maxFError@_VecMathTests@aos@shdfnd@physx@@3T__m128@@B 000000018003bc10     VolumeIntegration.obj
 0003:00000c20       ?gCookingDelayLoadHook@@3PEBVPxDelayLoadHook@physx@@EB 000000018003bc20     WindowsCookingDelayLoadHook.obj
 0003:00000c80       ?__proc_attached@@3HA      000000018003bc80     MSVCRT:dll_dllmain.obj
 0003:00000cb8       ?is_initialized_as_dll@@3_NA 000000018003bcb8     MSVCRT:utility.obj
 0003:00000cb9       ?module_local_atexit_table_initialized@@3_NA 000000018003bcb9     MSVCRT:utility.obj
 0003:00000cc0       ?module_local_atexit_table@@3U_onexit_table_t@@A 000000018003bcc0     MSVCRT:utility.obj
 0003:00000cd8       ?module_local_at_quick_exit_table@@3U_onexit_table_t@@A 000000018003bcd8     MSVCRT:utility.obj
 0005:00000000       _2il0floatpacket$19        000000018003f000     MSVCRT:svml_ssinf4_sse2.obj
 0005:00002200       _vmlsSinHATab              0000000180041200     MSVCRT:svml_s_sin_cout.obj
 0006:000000a0       $R000000                   00000001800420a0     PhysXCooking.res
 0006:000003d0       $R000330                   00000001800423d0     PhysXCooking.res
