 PhysX3CharacterKinematicDEBUG_x64

 Timestamp is 608cebc2 (Sat May  1 14:48:50 2021)

 Preferred load address is 0000000180000000

 Start         Length     Name                   Class
 0001:00000000 00004e30H .text$di                CODE
 0001:00004e30 00043a10H .text$mn                CODE
 0001:00048840 00001020H .text$mn$00             CODE
 0001:00049860 0000112dH .text$x                 CODE
 0002:00000000 00000110H .CRT$XCA                DATA
 0002:00000110 00000140H .CRT$XCU                DATA
 0002:00000250 00000110H .CRT$XCZ                DATA
 0002:00000360 00000110H .CRT$XIA                DATA
 0002:00000470 00000110H .CRT$XIZ                DATA
 0002:00000580 00000110H .CRT$XPA                DATA
 0002:00000690 00000110H .CRT$XPZ                DATA
 0002:000007a0 00000110H .CRT$XTA                DATA
 0002:000008b0 00000110H .CRT$XTZ                DATA
 0002:000009c0 00004438H .rdata                  DATA
 0002:00004df8 00000188H .rdata$r                DATA
 0002:00004f80 000001c8H .rdata$zzzdbg           DATA
 0002:00005148 00000110H .rtc$IAA                DATA
 0002:00005258 000001d0H .rtc$IMZ                DATA
 0002:00005428 00000110H .rtc$IZZ                DATA
 0002:00005538 00000110H .rtc$TAA                DATA
 0002:00005648 000001d0H .rtc$TMZ                DATA
 0002:00005818 00000110H .rtc$TZZ                DATA
 0002:00005928 00002638H .xdata                  DATA
 0002:00007f60 00000b11H .edata                  DATA
 0003:00000000 000001e0H .data                   DATA
 0003:000001e0 000002a0H .data$r                 DATA
 0003:00000480 000008d9H .bss                    DATA
 0004:00000000 00003360H .pdata                  DATA
 0005:00000000 00000590H .idata$5                DATA
 0005:00000590 00000064H .idata$2                DATA
 0005:000005f4 00000014H .idata$3                DATA
 0005:00000608 00000590H .idata$4                DATA
 0005:00000b98 00001371H .idata$6                DATA
 0006:00000000 0000011bH .00cfg                  DATA
 0007:00000000 000001c0H .rsrc$01                DATA
 0007:000001c0 00000700H .rsrc$02                DATA

  Address         Publics by Value              Rva+Base               Lib:Object

 0000:00000000       __guard_fids_table         0000000000000000     <absolute>
 0000:00000000       __guard_iat_count          0000000000000000     <absolute>
 0000:00000000       __hybrid_code_map_count    0000000000000000     <absolute>
 0000:00000000       __dynamic_value_reloc_table 0000000000000000     <absolute>
 0000:00000000       __enclave_config           0000000000000000     <absolute>
 0000:00000000       __hybrid_code_map          0000000000000000     <absolute>
 0000:00000000       ___safe_se_handler_count   0000000000000000     <absolute>
 0000:00000000       __guard_longjmp_count      0000000000000000     <absolute>
 0000:00000000       __guard_iat_table          0000000000000000     <absolute>
 0000:00000000       __guard_longjmp_table      0000000000000000     <absolute>
 0000:00000000       ___safe_se_handler_table   0000000000000000     <absolute>
 0000:00000000       __volatile_metadata        0000000000000000     <absolute>
 0000:00000000       __hybrid_auxiliary_iat     0000000000000000     <absolute>
 0000:00000000       __guard_fids_count         0000000000000000     <absolute>
 0000:00000100       __guard_flags              0000000000000100     <absolute>
 0000:00000000       __ImageBase                0000000180000000     <linker-defined>
 0001:00004e30       ??0BoxController@Cct@physx@@QEAA@AEBVPxControllerDesc@2@AEAVPxPhysics@2@PEAVPxScene@2@@Z 0000000180005e30 f   CctBoxController.obj
 0001:00004f90       ??1BoxController@Cct@physx@@UEAA@XZ 0000000180005f90 f   CctBoxController.obj
 0001:00004fe0       ?getWorldBox@BoxController@Cct@physx@@UEBA_NAEAUPxExtendedBounds3@3@@Z 0000000180005fe0 f   CctBoxController.obj
 0001:00005050       ?setFootPosition@BoxController@Cct@physx@@UEAA_NAEBUPxExtendedVec3@3@@Z 0000000180006050 f   CctBoxController.obj
 0001:000050e0       ?getFootPosition@BoxController@Cct@physx@@UEBA?AUPxExtendedVec3@3@XZ 00000001800060e0 f   CctBoxController.obj
 0001:00005170       ?invalidateCache@BoxController@Cct@physx@@UEAAXXZ 0000000180006170 f   CctBoxController.obj
 0001:000051f0       ?resize@BoxController@Cct@physx@@UEAAXM@Z 00000001800061f0 f   CctBoxController.obj
 0001:000052c0       ?getHalfHeight@BoxController@Cct@physx@@UEBAMXZ 00000001800062c0 f   CctBoxController.obj
 0001:000052e0       ?getHalfSideExtent@BoxController@Cct@physx@@UEBAMXZ 00000001800062e0 f   CctBoxController.obj
 0001:00005300       ?getHalfForwardExtent@BoxController@Cct@physx@@UEBAMXZ 0000000180006300 f   CctBoxController.obj
 0001:00005320       ?setHalfHeight@BoxController@Cct@physx@@UEAA_NM@Z 0000000180006320 f   CctBoxController.obj
 0001:00005370       ?setHalfSideExtent@BoxController@Cct@physx@@UEAA_NM@Z 0000000180006370 f   CctBoxController.obj
 0001:000053c0       ?setHalfForwardExtent@BoxController@Cct@physx@@UEAA_NM@Z 00000001800063c0 f   CctBoxController.obj
 0001:00005410       ?updateKinematicProxy@BoxController@Cct@physx@@QEAA_NXZ 0000000180006410 f   CctBoxController.obj
 0001:00005530       ?getOBB@BoxController@Cct@physx@@QEBAXAEAVPxExtendedBox@3@@Z 0000000180006530 f   CctBoxController.obj
 0001:00005830       ??0Allocator@shdfnd@physx@@QEAA@PEBD@Z 0000000180006830 f i CctBoxController.obj
 0001:00005850       ??0NonTrackingAllocator@shdfnd@physx@@QEAA@PEBD@Z 0000000180006850 f i CctBoxController.obj
 0001:00005870       ??0PxBoxController@physx@@IEAA@XZ 0000000180006870 f i CctBoxController.obj
 0001:000058b0       ??0PxBoxGeometry@physx@@QEAA@XZ 00000001800068b0 f i CctBoxController.obj
 0001:00005900       ??0PxController@physx@@IEAA@XZ 0000000180006900 f i CctBoxController.obj
 0001:00005920       ??0PxControllerManager@physx@@IEAA@XZ 0000000180006920 f i CctBoxController.obj
 0001:00005940       ??0PxControllerManager@physx@@QEAA@AEBV01@@Z 0000000180006940 f i CctBoxController.obj
 0001:00005970       ??0PxExtendedBounds3@physx@@QEAA@XZ 0000000180006970 f i CctBoxController.obj
 0001:000059b0       ??0PxExtendedVec3@physx@@QEAA@NNN@Z 00000001800069b0 f i CctBoxController.obj
 0001:00005a10       ??0PxExtendedVec3@physx@@QEAA@XZ 0000000180006a10 f i CctBoxController.obj
 0001:00005a20       ??0PxFoundation@physx@@QEAA@AEBV01@@Z 0000000180006a20 f i CctBoxController.obj
 0001:00005a50       ??0PxFoundation@physx@@QEAA@XZ 0000000180006a50 f i CctBoxController.obj
 0001:00005a70       ??0PxGeometry@physx@@IEAA@W4Enum@PxGeometryType@1@@Z 0000000180006a70 f i CctBoxController.obj
 0001:00005a90       ??0PxVec3@physx@@QEAA@AEBV01@@Z 0000000180006a90 f i CctBoxController.obj
 0001:00005af0       ??0PxVec3@physx@@QEAA@MMM@Z 0000000180006af0 f i CctBoxController.obj
 0001:00005b50       ??1PxBoxController@physx@@MEAA@XZ 0000000180006b50 f i CctBoxController.obj
 0001:00005b80       ??1PxController@physx@@MEAA@XZ 0000000180006b80 f i CctBoxController.obj
 0001:00005ba0       ??1PxControllerManager@physx@@MEAA@XZ 0000000180006ba0 f i CctBoxController.obj
 0001:00005bc0       ??1PxFoundation@physx@@MEAA@XZ 0000000180006bc0 f i CctBoxController.obj
 0001:00005be0       ??3UserAllocated@shdfnd@physx@@SAXPEAX@Z 0000000180006be0 f i CctBoxController.obj
 0001:00005c10       ??4Allocator@shdfnd@physx@@QEAAAEAV012@$$QEAV012@@Z 0000000180006c10 f i CctBoxController.obj
 0001:00005c30       ??4Allocator@shdfnd@physx@@QEAAAEAV012@AEBV012@@Z 0000000180006c30 f i CctBoxController.obj
 0001:00005c50       ??4MutexImpl@shdfnd@physx@@QEAAAEAV012@AEBV012@@Z 0000000180006c50 f i CctBoxController.obj
 0001:00005c70       ??4PxControllerManager@physx@@QEAAAEAV01@AEBV01@@Z 0000000180006c70 f i CctBoxController.obj
 0001:00005c90       ??4PxFoundation@physx@@QEAAAEAV01@AEBV01@@Z 0000000180006c90 f i CctBoxController.obj
 0001:00005cb0       ??4PxQuat@physx@@QEAAAEAV01@AEBV01@@Z 0000000180006cb0 f i CctBoxController.obj
 0001:00005d30       ??4PxVec3@physx@@QEAAAEAV01@AEBV01@@Z 0000000180006d30 f i CctBoxController.obj
 0001:00005d90       ??DPxVec3@physx@@QEBA?AV01@M@Z 0000000180006d90 f i CctBoxController.obj
 0001:00005e20       ??GPxExtendedVec3@physx@@QEBA?AVPxVec3@1@AEBU01@@Z 0000000180006e20 f i CctBoxController.obj
 0001:00005ed0       ??HPxExtendedVec3@physx@@QEBA?AU01@AEBU01@@Z 0000000180006ed0 f i CctBoxController.obj
 0001:00005f70       ??XPxExtendedVec3@physx@@QEAAAEAU01@AEBM@Z 0000000180006f70 f i CctBoxController.obj
 0001:00006010       ??XPxVec3@physx@@QEAAAEAV01@M@Z 0000000180007010 f i CctBoxController.obj
 0001:00006090       ??YPxExtendedVec3@physx@@QEAAAEAU01@AEBVPxVec3@1@@Z 0000000180007090 f i CctBoxController.obj
 0001:00006130       ??ZPxExtendedVec3@physx@@QEAAAEAU01@AEBVPxVec3@1@@Z 0000000180007130 f i CctBoxController.obj
 0001:000061cc       ??_EBoxController@Cct@physx@@W7EAAPEAXI@Z 00000001800071cc f i CctBoxController.obj
 0001:000061e0       ??_EPxControllerManager@physx@@MEAAPEAXI@Z 00000001800071e0 f i CctBoxController.obj
 0001:000062b0       ??_EPxFoundation@physx@@MEAAPEAXI@Z 00000001800072b0 f i CctBoxController.obj
 0001:00006380       ??_FAllocator@shdfnd@physx@@QEAAXXZ 0000000180007380 f i CctBoxController.obj
 0001:000063a0       ??_FNamedAllocator@shdfnd@physx@@QEAAXXZ 00000001800073a0 f i CctBoxController.obj
 0001:000063c0       ??_EBoxController@Cct@physx@@UEAAPEAXI@Z 00000001800073c0 f i CctBoxController.obj
 0001:000063c0       ??_GBoxController@Cct@physx@@UEAAPEAXI@Z 00000001800073c0 f i CctBoxController.obj
 0001:00006430       ??_EPxBoxController@physx@@MEAAPEAXI@Z 0000000180007430 f i CctBoxController.obj
 0001:00006430       ??_GPxBoxController@physx@@MEAAPEAXI@Z 0000000180007430 f i CctBoxController.obj
 0001:00006480       ??_GPxController@physx@@MEAAPEAXI@Z 0000000180007480 f i CctBoxController.obj
 0001:00006480       ??_EPxController@physx@@MEAAPEAXI@Z 0000000180007480 f i CctBoxController.obj
 0001:000064d0       ??_GPxControllerManager@physx@@MEAAPEAXI@Z 00000001800074d0 f i CctBoxController.obj
 0001:00006520       ??_GPxFoundation@physx@@MEAAPEAXI@Z 0000000180007520 f i CctBoxController.obj
 0001:00006570       ??_H@YAXPEAX_K1P6APEAX0@Z@Z 0000000180007570 f i CctBoxController.obj
 0001:00006610       ??_I@YAXPEAX_K1P6AX0@Z@Z   0000000180007610 f i CctBoxController.obj
 0001:000066d0       ?__empty_global_delete@@YAXPEAX@Z 00000001800076d0 f i CctBoxController.obj
 0001:000066e0       ?__empty_global_delete@@YAXPEAX_K@Z 00000001800076e0 f i CctBoxController.obj
 0001:000066e0       ?__global_delete@@YAXPEAX_K@Z 00000001800076e0 f i CctBoxController.obj
 0001:000066f0       ?deallocate@NonTrackingAllocator@shdfnd@physx@@QEAAXPEAX@Z 00000001800076f0 f i CctBoxController.obj
 0001:00006740       ?getActor@BoxController@Cct@physx@@UEBAPEAVPxRigidDynamic@3@XZ 0000000180007740 f i CctBoxController.obj
 0001:00006760       ?getCenter@physx@@YAXAEBUPxExtendedBounds3@1@AEAUPxExtendedVec3@1@@Z 0000000180007760 f i CctBoxController.obj
 0001:000067e0       ?getContactOffset@BoxController@Cct@physx@@UEBAMXZ 00000001800077e0 f i CctBoxController.obj
 0001:00006800       ?getExtents@physx@@YAXAEBUPxExtendedBounds3@1@AEAVPxVec3@1@@Z 0000000180007800 f i CctBoxController.obj
 0001:00006860       ?getHalfHeightInternal@BoxController@Cct@physx@@UEBAMXZ 0000000180007860 f i CctBoxController.obj
 0001:00006880       ?getNonWalkableMode@BoxController@Cct@physx@@UEBA?AW4Enum@PxControllerNonWalkableMode@3@XZ 0000000180007880 f i CctBoxController.obj
 0001:000068a0       ?getPosition@BoxController@Cct@physx@@UEBAAEBUPxExtendedVec3@3@XZ 00000001800078a0 f i CctBoxController.obj
 0001:000068c0       ?getPxController@BoxController@Cct@physx@@UEAAPEAVPxController@3@XZ 00000001800078c0 f i CctBoxController.obj
 0001:000068e0       ?getScene@BoxController@Cct@physx@@UEAAPEAVPxScene@3@XZ 00000001800078e0 f i CctBoxController.obj
 0001:00006900       ?getSlopeLimit@BoxController@Cct@physx@@UEBAMXZ 0000000180007900 f i CctBoxController.obj
 0001:00006920       ?getState@BoxController@Cct@physx@@UEBAXAEAUPxControllerState@3@@Z 0000000180007920 f i CctBoxController.obj
 0001:00006960       ?getStats@BoxController@Cct@physx@@UEBAXAEAUPxControllerStats@3@@Z 0000000180007960 f i CctBoxController.obj
 0001:000069a0       ?getStepOffset@BoxController@Cct@physx@@UEBAMXZ 00000001800079a0 f i CctBoxController.obj
 0001:000069c0       ?getType@BoxController@Cct@physx@@UEBA?AW4Enum@PxControllerShapeType@3@XZ 00000001800079c0 f i CctBoxController.obj
 0001:000069e0       ?getUpDirection@BoxController@Cct@physx@@UEBA?AVPxVec3@3@XZ 00000001800079e0 f i CctBoxController.obj
 0001:00006a20       ?getUserData@BoxController@Cct@physx@@UEBAPEAXXZ 0000000180007a20 f i CctBoxController.obj
 0001:00006a40       ?lock@?$MutexT@V?$ReflectionAllocator@VMutexImpl@shdfnd@physx@@@shdfnd@physx@@@shdfnd@physx@@QEBAXXZ 0000000180007a40 f i CctBoxController.obj
 0001:00006a70       ?release@BoxController@Cct@physx@@UEAAXXZ 0000000180007a70 f i CctBoxController.obj
 0001:00006aa0       ?setCenterExtents@physx@@YAXAEAUPxExtendedBounds3@1@AEBUPxExtendedVec3@1@AEBVPxVec3@1@@Z 0000000180007aa0 f i CctBoxController.obj
 0001:00006b30       ?setContactOffset@BoxController@Cct@physx@@UEAAXM@Z 0000000180007b30 f i CctBoxController.obj
 0001:00006b70       ?setNonWalkableMode@BoxController@Cct@physx@@UEAAXW4Enum@PxControllerNonWalkableMode@3@@Z 0000000180007b70 f i CctBoxController.obj
 0001:00006b90       ?setPosition@BoxController@Cct@physx@@UEAA_NAEBUPxExtendedVec3@3@@Z 0000000180007b90 f i CctBoxController.obj
 0001:00006bd0       ?setSlopeLimit@BoxController@Cct@physx@@UEAAXM@Z 0000000180007bd0 f i CctBoxController.obj
 0001:00006c10       ?setStepOffset@BoxController@Cct@physx@@UEAAXM@Z 0000000180007c10 f i CctBoxController.obj
 0001:00006c50       ?setUpDirection@BoxController@Cct@physx@@UEAAXAEBVPxVec3@3@@Z 0000000180007c50 f i CctBoxController.obj
 0001:00006c90       ?setUserData@BoxController@Cct@physx@@UEAAXPEAX@Z 0000000180007c90 f i CctBoxController.obj
 0001:00006cb0       ?unlock@?$MutexT@V?$ReflectionAllocator@VMutexImpl@shdfnd@physx@@@shdfnd@physx@@@shdfnd@physx@@QEBAXXZ 0000000180007cb0 f i CctBoxController.obj
 0001:00006ce0       ??0CapsuleController@Cct@physx@@QEAA@AEBVPxControllerDesc@2@AEAVPxPhysics@2@PEAVPxScene@2@@Z 0000000180007ce0 f   CctCapsuleController.obj
 0001:00006e30       ??1CapsuleController@Cct@physx@@UEAA@XZ 0000000180007e30 f   CctCapsuleController.obj
 0001:00006e80       ?getWorldBox@CapsuleController@Cct@physx@@UEBA_NAEAUPxExtendedBounds3@3@@Z 0000000180007e80 f   CctCapsuleController.obj
 0001:00006f10       ?setFootPosition@CapsuleController@Cct@physx@@UEAA_NAEBUPxExtendedVec3@3@@Z 0000000180007f10 f   CctCapsuleController.obj
 0001:00006fb0       ?getFootPosition@CapsuleController@Cct@physx@@UEBA?AUPxExtendedVec3@3@XZ 0000000180007fb0 f   CctCapsuleController.obj
 0001:00007060       ?invalidateCache@CapsuleController@Cct@physx@@UEAAXXZ 0000000180008060 f   CctCapsuleController.obj
 0001:000070e0       ?resize@CapsuleController@Cct@physx@@UEAAXM@Z 00000001800080e0 f   CctCapsuleController.obj
 0001:000071e0       ?getClimbingMode@CapsuleController@Cct@physx@@UEBA?AW4Enum@PxCapsuleClimbingMode@3@XZ 00000001800081e0 f   CctCapsuleController.obj
 0001:00007200       ?setRadius@CapsuleController@Cct@physx@@UEAA_NM@Z 0000000180008200 f   CctCapsuleController.obj
 0001:00007310       ?setHeight@CapsuleController@Cct@physx@@UEAA_NM@Z 0000000180008310 f   CctCapsuleController.obj
 0001:00007420       ?setClimbingMode@CapsuleController@Cct@physx@@UEAA_NW4Enum@PxCapsuleClimbingMode@3@@Z 0000000180008420 f   CctCapsuleController.obj
 0001:00007450       ?getCapsule@CapsuleController@Cct@physx@@QEBAXAEAUPxExtendedCapsule@3@@Z 0000000180008450 f   CctCapsuleController.obj
 0001:000077e0       ??0PxCapsuleController@physx@@IEAA@XZ 00000001800087e0 f i CctCapsuleController.obj
 0001:00007820       ??0PxCapsuleGeometry@physx@@QEAA@XZ 0000000180008820 f i CctCapsuleController.obj
 0001:00007870       ??1PxCapsuleController@physx@@MEAA@XZ 0000000180008870 f i CctCapsuleController.obj
 0001:000078a0       ??_ECapsuleController@Cct@physx@@W7EAAPEAXI@Z 00000001800088a0 f i CctCapsuleController.obj
 0001:000078b0       ??_ECapsuleController@Cct@physx@@UEAAPEAXI@Z 00000001800088b0 f i CctCapsuleController.obj
 0001:000078b0       ??_GCapsuleController@Cct@physx@@UEAAPEAXI@Z 00000001800088b0 f i CctCapsuleController.obj
 0001:00007920       ??_GPxCapsuleController@physx@@MEAAPEAXI@Z 0000000180008920 f i CctCapsuleController.obj
 0001:00007920       ??_EPxCapsuleController@physx@@MEAAPEAXI@Z 0000000180008920 f i CctCapsuleController.obj
 0001:00007970       ?getActor@CapsuleController@Cct@physx@@UEBAPEAVPxRigidDynamic@3@XZ 0000000180008970 f i CctCapsuleController.obj
 0001:00007990       ?getContactOffset@CapsuleController@Cct@physx@@UEBAMXZ 0000000180008990 f i CctCapsuleController.obj
 0001:000079b0       ?getHalfHeightInternal@CapsuleController@Cct@physx@@UEBAMXZ 00000001800089b0 f i CctCapsuleController.obj
 0001:000079f0       ?getHeight@CapsuleController@Cct@physx@@UEBAMXZ 00000001800089f0 f i CctCapsuleController.obj
 0001:00007a10       ?getNonWalkableMode@CapsuleController@Cct@physx@@UEBA?AW4Enum@PxControllerNonWalkableMode@3@XZ 0000000180008a10 f i CctCapsuleController.obj
 0001:00007a30       ?getPosition@CapsuleController@Cct@physx@@UEBAAEBUPxExtendedVec3@3@XZ 0000000180008a30 f i CctCapsuleController.obj
 0001:00007a50       ?getPxController@CapsuleController@Cct@physx@@UEAAPEAVPxController@3@XZ 0000000180008a50 f i CctCapsuleController.obj
 0001:00007a70       ?getRadius@CapsuleController@Cct@physx@@UEBAMXZ 0000000180008a70 f i CctCapsuleController.obj
 0001:00007a90       ?getScene@CapsuleController@Cct@physx@@UEAAPEAVPxScene@3@XZ 0000000180008a90 f i CctCapsuleController.obj
 0001:00007ab0       ?getSlopeLimit@CapsuleController@Cct@physx@@UEBAMXZ 0000000180008ab0 f i CctCapsuleController.obj
 0001:00007ad0       ?getState@CapsuleController@Cct@physx@@UEBAXAEAUPxControllerState@3@@Z 0000000180008ad0 f i CctCapsuleController.obj
 0001:00007b10       ?getStats@CapsuleController@Cct@physx@@UEBAXAEAUPxControllerStats@3@@Z 0000000180008b10 f i CctCapsuleController.obj
 0001:00007b50       ?getStepOffset@CapsuleController@Cct@physx@@UEBAMXZ 0000000180008b50 f i CctCapsuleController.obj
 0001:00007b70       ?getType@CapsuleController@Cct@physx@@UEBA?AW4Enum@PxControllerShapeType@3@XZ 0000000180008b70 f i CctCapsuleController.obj
 0001:00007b90       ?getUpDirection@CapsuleController@Cct@physx@@UEBA?AVPxVec3@3@XZ 0000000180008b90 f i CctCapsuleController.obj
 0001:00007bd0       ?getUserData@CapsuleController@Cct@physx@@UEBAPEAXXZ 0000000180008bd0 f i CctCapsuleController.obj
 0001:00007bf0       ?release@CapsuleController@Cct@physx@@UEAAXXZ 0000000180008bf0 f i CctCapsuleController.obj
 0001:00007c20       ?setContactOffset@CapsuleController@Cct@physx@@UEAAXM@Z 0000000180008c20 f i CctCapsuleController.obj
 0001:00007c60       ?setNonWalkableMode@CapsuleController@Cct@physx@@UEAAXW4Enum@PxControllerNonWalkableMode@3@@Z 0000000180008c60 f i CctCapsuleController.obj
 0001:00007c80       ?setPosition@CapsuleController@Cct@physx@@UEAA_NAEBUPxExtendedVec3@3@@Z 0000000180008c80 f i CctCapsuleController.obj
 0001:00007cc0       ?setSlopeLimit@CapsuleController@Cct@physx@@UEAAXM@Z 0000000180008cc0 f i CctCapsuleController.obj
 0001:00007d00       ?setStepOffset@CapsuleController@Cct@physx@@UEAAXM@Z 0000000180008d00 f i CctCapsuleController.obj
 0001:00007d40       ?setUpDirection@CapsuleController@Cct@physx@@UEAAXAEBVPxVec3@3@@Z 0000000180008d40 f i CctCapsuleController.obj
 0001:00007d80       ?setUserData@CapsuleController@Cct@physx@@UEAAXPEAX@Z 0000000180008d80 f i CctCapsuleController.obj
 0001:00007da0       ??0CCTParams@Cct@physx@@QEAA@XZ 0000000180008da0 f   CctCharacterController.obj
 0001:00007e70       ??0SweepTest@Cct@physx@@QEAA@_N@Z 0000000180008e70 f   CctCharacterController.obj
 0001:000082a0       ??1SweepTest@Cct@physx@@QEAA@XZ 00000001800092a0 f   CctCharacterController.obj
 0001:00008320       ?moveCharacter@SweepTest@Cct@physx@@QEAA?AV?$PxFlags@W4Enum@PxControllerCollisionFlag@physx@@E@3@PEBUInternalCBData_FindTouchedGeom@23@PEAUInternalCBData_OnHit@23@AEAVSweptVolume@23@AEBVPxVec3@3@AEBUUserObstacles@23@MAEBVPxControllerFilters@3@_N6AEAPEBVPxRigidActor@3@AEAPEBVPxShape@3@_K@Z 0000000180009320 f   CctCharacterController.obj
 0001:00009260       ?doSweepTest@SweepTest@Cct@physx@@QEAA_NPEBUInternalCBData_FindTouchedGeom@23@PEAUInternalCBData_OnHit@23@AEBUUserObstacles@23@AEAVSweptVolume@23@AEBVPxVec3@3@4IPEAIMAEBVPxControllerFilters@3@W4SweepPass@23@AEAPEBVPxRigidActor@3@AEAPEBVPxShape@3@_K@Z 000000018000a260 f   CctCharacterController.obj
 0001:0000a070       ?findTouchedObstacles@SweepTest@Cct@physx@@QEAAXAEBUUserObstacles@23@AEBUPxExtendedBounds3@3@@Z 000000018000b070 f   CctCharacterController.obj
 0001:0000a6d0       ?voidTestCache@SweepTest@Cct@physx@@QEAAXXZ 000000018000b6d0 f   CctCharacterController.obj
 0001:0000a730       ?onRelease@SweepTest@Cct@physx@@QEAAXAEBVPxBase@3@@Z 000000018000b730 f   CctCharacterController.obj
 0001:0000a800       ?updateCachedShapesRegistration@SweepTest@Cct@physx@@QEAAXI_N@Z 000000018000b800 f   CctCharacterController.obj
 0001:0000a9a0       ?onObstacleRemoved@SweepTest@Cct@physx@@QEAAXI@Z 000000018000b9a0 f   CctCharacterController.obj
 0001:0000a9d0       ?onObstacleUpdated@SweepTest@Cct@physx@@QEAAXIPEBVPxObstacleContext@3@AEBVPxVec3@3@1M@Z 000000018000b9d0 f   CctCharacterController.obj
 0001:0000abc0       ?onObstacleAdded@SweepTest@Cct@physx@@QEAAXIPEBVPxObstacleContext@3@AEBVPxVec3@3@1M@Z 000000018000bbc0 f   CctCharacterController.obj
 0001:0000ade0       ?onOriginShift@SweepTest@Cct@physx@@QEAAXAEBVPxVec3@3@@Z 000000018000bde0 f   CctCharacterController.obj
 0001:0000af60       ?updateTouchedGeoms@SweepTest@Cct@physx@@AEAAXPEBUInternalCBData_FindTouchedGeom@23@AEBUUserObstacles@23@AEBUPxExtendedBounds3@3@AEBVPxControllerFilters@3@AEBVPxVec3@3@@Z 000000018000bf60 f   CctCharacterController.obj
 0001:0000b900       ?findTouchedObject@Controller@Cct@physx@@IEAAXAEBVPxControllerFilters@3@PEBVPxObstacleContext@3@AEBVPxVec3@3@@Z 000000018000c900 f   CctCharacterController.obj
 0001:0000c170       ?rideOnTouchedObject@Controller@Cct@physx@@IEAA_NAEAVSweptVolume@23@AEBVPxVec3@3@AEAV53@PEBVPxObstacleContext@3@@Z 000000018000d170 f   CctCharacterController.obj
 0001:0000c7f0       ?move@Controller@Cct@physx@@IEAA?AV?$PxFlags@W4Enum@PxControllerCollisionFlag@physx@@E@3@AEAVSweptVolume@23@AEBVPxVec3@3@MMAEBVPxControllerFilters@3@PEBVPxObstacleContext@3@_N@Z 000000018000d7f0 f   CctCharacterController.obj
 0001:0000df30       ?filterTouchedShape@Controller@Cct@physx@@IEAA_NAEBVPxControllerFilters@3@@Z 000000018000ef30 f   CctCharacterController.obj
 0001:000115f0       ?move@BoxController@Cct@physx@@UEAA?AV?$PxFlags@W4Enum@PxControllerCollisionFlag@physx@@E@3@AEBVPxVec3@3@MMAEBVPxControllerFilters@3@PEBVPxObstacleContext@3@@Z 00000001800125f0 f   CctCharacterController.obj
 0001:00011770       ?move@CapsuleController@Cct@physx@@UEAA?AV?$PxFlags@W4Enum@PxControllerCollisionFlag@physx@@E@3@AEBVPxVec3@3@MMAEBVPxControllerFilters@3@PEBVPxObstacleContext@3@@Z 0000000180012770 f   CctCharacterController.obj
 0001:00013ff0       ??$PX_UNUSED@I@@YAXAEBI@Z  0000000180014ff0 f i CctCharacterController.obj
 0001:00014000       ??$PX_UNUSED@PEBUPxRaycastHit@physx@@@@YAXAEBQEBUPxRaycastHit@physx@@@Z 0000000180015000 f i CctCharacterController.obj
 0001:00014010       ??$PX_UNUSED@W4PxIDENTITY@physx@@@@YAXAEBW4PxIDENTITY@physx@@@Z 0000000180015010 f i CctCharacterController.obj
 0001:00014020       ??$PX_UNUSED@_K@@YAXAEB_K@Z 0000000180015020 f i CctCharacterController.obj
 0001:00014030       ??$PxMax@I@physx@@YAIII@Z  0000000180015030 f i CctCharacterController.obj
 0001:00014070       ??$PxMax@N@physx@@YANNN@Z  0000000180015070 f i CctCharacterController.obj
 0001:000140c0       ??$PxMin@N@physx@@YANNN@Z  00000001800150c0 f i CctCharacterController.obj
 0001:00014110       ??$PxUnionCast@PEBVPxGeometry@physx@@PEAY03$$CBE@physx@@YAPEBVPxGeometry@0@PEAY03$$CBE@Z 0000000180015110 f i CctCharacterController.obj
 0001:00014140       ??0?$Array@IVNamedAllocator@shdfnd@physx@@@shdfnd@physx@@QEAA@AEBVNamedAllocator@12@@Z 0000000180015140 f i CctCharacterController.obj
 0001:000141a0       ??0?$Array@VPxTriangle@physx@@VNamedAllocator@shdfnd@2@@shdfnd@physx@@QEAA@AEBVNamedAllocator@12@@Z 00000001800151a0 f i CctCharacterController.obj
 0001:00014200       ??0?$PxFlags@W4Enum@PxControllerCollisionFlag@physx@@E@physx@@QEAA@AEBV01@@Z 0000000180015200 f i CctCharacterController.obj
 0001:00014230       ??0?$PxFlags@W4Enum@PxControllerCollisionFlag@physx@@E@physx@@QEAA@E@Z 0000000180015230 f i CctCharacterController.obj
 0001:00014260       ??0?$PxFlags@W4Enum@PxHitFlag@physx@@G@physx@@QEAA@AEBV01@@Z 0000000180015260 f i CctCharacterController.obj
 0001:00014290       ??0?$PxFlags@W4Enum@PxHitFlag@physx@@G@physx@@QEAA@G@Z 0000000180015290 f i CctCharacterController.obj
 0001:000142c0       ??0?$PxFlags@W4Enum@PxHitFlag@physx@@G@physx@@QEAA@W4Enum@PxHitFlag@1@@Z 00000001800152c0 f i CctCharacterController.obj
 0001:000142f0       ??0?$PxFlags@W4Enum@PxQueryFlag@physx@@G@physx@@QEAA@AEBV01@@Z 00000001800152f0 f i CctCharacterController.obj
 0001:00014320       ??0?$PxFlags@W4Enum@PxQueryFlag@physx@@G@physx@@QEAA@W4Enum@PxQueryFlag@1@@Z 0000000180015320 f i CctCharacterController.obj
 0001:00014350       ??0?$PxFlags@W4Enum@PxQueryFlag@physx@@G@physx@@QEAA@XZ 0000000180015350 f i CctCharacterController.obj
 0001:00014370       ??0?$PxFlags@W4Enum@PxRigidBodyFlag@physx@@E@physx@@QEAA@AEBV01@@Z 0000000180015370 f i CctCharacterController.obj
 0001:000143a0       ??0?$PxFlags@W4Enum@PxShapeFlag@physx@@E@physx@@QEAA@AEBV01@@Z 00000001800153a0 f i CctCharacterController.obj
 0001:000143d0       ??0?$PxHitBuffer@UPxRaycastHit@physx@@@physx@@QEAA@PEAUPxRaycastHit@1@I@Z 00000001800153d0 f i CctCharacterController.obj
 0001:00014420       ??0?$PxHitCallback@UPxRaycastHit@physx@@@physx@@QEAA@PEAUPxRaycastHit@1@I@Z 0000000180015420 f i CctCharacterController.obj
 0001:000144b0       ??0?$TouchedObject@VPxRigidActor@physx@@@Cct@physx@@QEAA@_N@Z 00000001800154b0 f i CctCharacterController.obj
 0001:00014500       ??0?$TouchedObject@VPxShape@physx@@@Cct@physx@@QEAA@_N@Z 0000000180015500 f i CctCharacterController.obj
 0001:00014550       ??0AB@?1???$PxUnionCast@PEBVPxGeometry@physx@@PEAY03$$CBE@physx@@YAPEBVPxGeometry@1@PEAY03$$CBE@Z@QEAA@0@Z 0000000180015550 f i CctCharacterController.obj
 0001:00014580       ??0CCTFilter@Cct@physx@@QEAA@XZ 0000000180015580 f i CctCharacterController.obj
 0001:000145f0       ??0ControllerFilter@@QEAA@XZ 00000001800155f0 f i CctCharacterController.obj
 0001:00014640       ??0DebugBox@Cm@physx@@QEAA@AEBVPxBounds3@2@_N@Z 0000000180015640 f i CctCharacterController.obj
 0001:000146b0       ??0DebugBox@Cm@physx@@QEAA@AEBVPxVec3@2@_N@Z 00000001800156b0 f i CctCharacterController.obj
 0001:00014720       ??0PxActorShape@physx@@QEAA@XZ 0000000180015720 f i CctCharacterController.obj
 0001:00014750       ??0PxBounds3@physx@@QEAA@AEBVPxVec3@1@0@Z 0000000180015750 f i CctCharacterController.obj
 0001:000147b0       ??0PxBoxGeometry@physx@@QEAA@VPxVec3@1@@Z 00000001800157b0 f i CctCharacterController.obj
 0001:00014800       ??0PxCapsuleGeometry@physx@@QEAA@MM@Z 0000000180015800 f i CctCharacterController.obj
 0001:00014870       ??0PxExtendedBox@physx@@QEAA@AEBV01@@Z 0000000180015870 f i CctCharacterController.obj
 0001:000148f0       ??0PxExtendedBox@physx@@QEAA@XZ 00000001800158f0 f i CctCharacterController.obj
 0001:00014950       ??0PxExtendedCapsule@physx@@QEAA@XZ 0000000180015950 f i CctCharacterController.obj
 0001:00014980       ??0PxExtendedSegment@physx@@QEAA@XZ 0000000180015980 f i CctCharacterController.obj
 0001:000149c0       ??0PxFilterData@physx@@QEAA@AEBU01@@Z 00000001800159c0 f i CctCharacterController.obj
 0001:00014a30       ??0PxFilterData@physx@@QEAA@XZ 0000000180015a30 f i CctCharacterController.obj
 0001:00014a80       ??0PxLocationHit@physx@@QEAA@XZ 0000000180015a80 f i CctCharacterController.obj
 0001:00014b10       ??0PxMat33@physx@@QEAA@AEBVPxQuat@1@@Z 0000000180015b10 f i CctCharacterController.obj
 0001:00014e50       ??0PxMat33@physx@@QEAA@W4PxIDENTITY@1@@Z 0000000180015e50 f i CctCharacterController.obj
 0001:00014ef0       ??0PxMat44@physx@@QEAA@AEBVPxMat33@1@AEBVPxVec3@1@@Z 0000000180015ef0 f i CctCharacterController.obj
 0001:00014fa0       ??0PxMat44@physx@@QEAA@AEBVPxTransform@1@@Z 0000000180015fa0 f i CctCharacterController.obj
 0001:00015090       ??0PxProfileScoped@physx@@QEAA@PEBD_N_K@Z 0000000180016090 f i CctCharacterController.obj
 0001:00015160       ??0PxQuat@physx@@QEAA@AEBV01@@Z 0000000180016160 f i CctCharacterController.obj
 0001:000151e0       ??0PxQuat@physx@@QEAA@MMMM@Z 00000001800161e0 f i CctCharacterController.obj
 0001:00015260       ??0PxQuat@physx@@QEAA@W4PxIDENTITY@1@@Z 0000000180016260 f i CctCharacterController.obj
 0001:000152d0       ??0PxQuat@physx@@QEAA@XZ   00000001800162d0 f i CctCharacterController.obj
 0001:000152e0       ??0PxQueryFilterCallback@physx@@QEAA@XZ 00000001800162e0 f i CctCharacterController.obj
 0001:00015300       ??0PxQueryFilterData@physx@@QEAA@AEBUPxFilterData@1@V?$PxFlags@W4Enum@PxQueryFlag@physx@@G@1@@Z 0000000180016300 f i CctCharacterController.obj
 0001:00015370       ??0PxQueryHit@physx@@QEAA@XZ 0000000180016370 f i CctCharacterController.obj
 0001:000153b0       ??0PxRaycastHit@physx@@QEAA@XZ 00000001800163b0 f i CctCharacterController.obj
 0001:00015400       ??0PxSphereGeometry@physx@@QEAA@XZ 0000000180016400 f i CctCharacterController.obj
 0001:00015440       ??0PxSweepHit@physx@@QEAA@XZ 0000000180016440 f i CctCharacterController.obj
 0001:00015470       ??0PxTransform@physx@@QEAA@AEBVPxVec3@1@AEBVPxQuat@1@@Z 0000000180016470 f i CctCharacterController.obj
 0001:00015540       ??0PxTransform@physx@@QEAA@XZ 0000000180016540 f i CctCharacterController.obj
 0001:00015580       ??0PxVec3@physx@@QEAA@M@Z  0000000180016580 f i CctCharacterController.obj
 0001:000155d0       ??0PxVec3@physx@@QEAA@XZ   00000001800165d0 f i CctCharacterController.obj
 0001:000155e0       ??0PxVec4@physx@@QEAA@AEBVPxVec3@1@M@Z 00000001800165e0 f i CctCharacterController.obj
 0001:00015660       ??0PxVec4@physx@@QEAA@XZ   0000000180016660 f i CctCharacterController.obj
 0001:00015670       ??0SIMDGuard@shdfnd@physx@@QEAA@XZ 0000000180016670 f i CctCharacterController.obj
 0001:000156b0       ??0SweptContact@Cct@physx@@QEAA@XZ 00000001800166b0 f i CctCharacterController.obj
 0001:000156f0       ??0TriArray@Cct@physx@@QEAA@XZ 00000001800166f0 f i CctCharacterController.obj
 0001:00015740       ??1?$Array@IVNamedAllocator@shdfnd@physx@@@shdfnd@physx@@QEAA@XZ 0000000180016740 f i CctCharacterController.obj
 0001:000157d0       ??1?$Array@VPxTriangle@physx@@VNamedAllocator@shdfnd@2@@shdfnd@physx@@QEAA@XZ 00000001800167d0 f i CctCharacterController.obj
 0001:00015860       ??1?$PxHitBuffer@UPxRaycastHit@physx@@@physx@@UEAA@XZ 0000000180016860 f i CctCharacterController.obj
 0001:00015890       ??1?$PxHitCallback@UPxRaycastHit@physx@@@physx@@UEAA@XZ 0000000180016890 f i CctCharacterController.obj
 0001:000158b0       ??1ControllerFilter@@UEAA@XZ 00000001800168b0 f i CctCharacterController.obj
 0001:000158d0       ??1PxExtendedBox@physx@@QEAA@XZ 00000001800168d0 f i CctCharacterController.obj
 0001:000158e0       ??1PxProfileScoped@physx@@QEAA@XZ 00000001800168e0 f i CctCharacterController.obj
 0001:00015950       ??1PxQueryFilterCallback@physx@@UEAA@XZ 0000000180016950 f i CctCharacterController.obj
 0001:00015970       ??1PxTriangle@physx@@QEAA@XZ 0000000180016970 f i CctCharacterController.obj
 0001:00015980       ??1SIMDGuard@shdfnd@physx@@QEAA@XZ 0000000180016980 f i CctCharacterController.obj
 0001:000159b0       ??1TriArray@Cct@physx@@QEAA@XZ 00000001800169b0 f i CctCharacterController.obj
 0001:000159d0       ??2@YAPEAX_KPEAX@Z         00000001800169d0 f i CctCharacterController.obj
 0001:000159f0       ??4?$PxFlags@W4Enum@PxControllerCollisionFlag@physx@@E@physx@@QEAAAEAV01@AEBV01@@Z 00000001800169f0 f i CctCharacterController.obj
 0001:00015a20       ??4?$PxFlags@W4Enum@PxHitFlag@physx@@G@physx@@QEAAAEAV01@AEBV01@@Z 0000000180016a20 f i CctCharacterController.obj
 0001:00015a50       ??4?$PxFlags@W4Enum@PxQueryFlag@physx@@G@physx@@QEAAAEAV01@AEBV01@@Z 0000000180016a50 f i CctCharacterController.obj
 0001:00015a80       ??4?$TouchedObject@VPxRigidActor@physx@@@Cct@physx@@QEAAAEAU012@PEBVPxRigidActor@2@@Z 0000000180016a80 f i CctCharacterController.obj
 0001:00015b20       ??4?$TouchedObject@VPxShape@physx@@@Cct@physx@@QEAAAEAU012@PEBVPxShape@2@@Z 0000000180016b20 f i CctCharacterController.obj
 0001:00015bc0       ??4CCTParams@Cct@physx@@QEAAAEAU012@AEBU012@@Z 0000000180016bc0 f i CctCharacterController.obj
 0001:00015d30       ??4FPUGuard@shdfnd@physx@@QEAAAEAV012@AEBV012@@Z 0000000180016d30 f i CctCharacterController.obj
 0001:00015d60       ??4PxExtendedBox@physx@@QEAAAEAV01@AEBV01@@Z 0000000180016d60 f i CctCharacterController.obj
 0001:00015de0       ??4PxLocationHit@physx@@QEAAAEAU01@AEBU01@@Z 0000000180016de0 f i CctCharacterController.obj
 0001:00015ea0       ??4PxMat44@physx@@QEAAAEAV01@AEBV01@@Z 0000000180016ea0 f i CctCharacterController.obj
 0001:00015f40       ??4PxRaycastHit@physx@@QEAAAEAU01@AEBU01@@Z 0000000180016f40 f i CctCharacterController.obj
 0001:00015fb0       ??4PxTransform@physx@@QEAAAEAV01@$$QEAV01@@Z 0000000180016fb0 f i CctCharacterController.obj
 0001:00016010       ??4PxVec4@physx@@QEAAAEAV01@AEBV01@@Z 0000000180017010 f i CctCharacterController.obj
 0001:00016090       ??4SweptContact@Cct@physx@@QEAAAEAU012@AEBU012@@Z 0000000180017090 f i CctCharacterController.obj
 0001:00016140       ??8?$TouchedObject@VPxRigidActor@physx@@@Cct@physx@@QEAA_NPEBVPxBase@2@@Z 0000000180017140 f i CctCharacterController.obj
 0001:00016190       ??8?$TouchedObject@VPxShape@physx@@@Cct@physx@@QEAA_NPEBVPxBase@2@@Z 0000000180017190 f i CctCharacterController.obj
 0001:000161e0       ??8?$TouchedObject@VPxShape@physx@@@Cct@physx@@QEAA_NPEBVPxShape@2@@Z 00000001800171e0 f i CctCharacterController.obj
 0001:00016230       ??A?$Array@IVNamedAllocator@shdfnd@physx@@@shdfnd@physx@@QEAAAEAII@Z 0000000180017230 f i CctCharacterController.obj
 0001:000162d0       ??A?$Array@IVNamedAllocator@shdfnd@physx@@@shdfnd@physx@@QEBAAEBII@Z 00000001800172d0 f i CctCharacterController.obj
 0001:00016370       ??A?$Array@UInternalBoxObstacle@ObstacleContext@Cct@physx@@VNamedAllocator@shdfnd@4@@shdfnd@physx@@QEBAAEBUInternalBoxObstacle@ObstacleContext@Cct@2@I@Z 0000000180017370 f i CctCharacterController.obj
 0001:00016410       ??A?$Array@UInternalCapsuleObstacle@ObstacleContext@Cct@physx@@VNamedAllocator@shdfnd@4@@shdfnd@physx@@QEBAAEBUInternalCapsuleObstacle@ObstacleContext@Cct@2@I@Z 0000000180017410 f i CctCharacterController.obj
 0001:000164b0       ??A?$Array@VPxTriangle@physx@@VNamedAllocator@shdfnd@2@@shdfnd@physx@@QEBAAEBVPxTriangle@2@I@Z 00000001800174b0 f i CctCharacterController.obj
 0001:00016550       ??B?$PxFlags@W4Enum@PxControllerBehaviorFlag@physx@@E@physx@@QEBAIXZ 0000000180017550 f i CctCharacterController.obj
 0001:00016570       ??B?$PxFlags@W4Enum@PxControllerDebugRenderFlag@physx@@I@physx@@QEBAIXZ 0000000180017570 f i CctCharacterController.obj
 0001:00016580       ??B?$PxFlags@W4Enum@PxQueryFlag@physx@@G@physx@@QEBA_NXZ 0000000180017580 f i CctCharacterController.obj
 0001:000165c0       ??B?$PxFlags@W4Enum@PxRigidBodyFlag@physx@@E@physx@@QEBA_NXZ 00000001800175c0 f i CctCharacterController.obj
 0001:00016600       ??B?$PxFlags@W4Enum@PxShapeFlag@physx@@E@physx@@QEBA_NXZ 0000000180017600 f i CctCharacterController.obj
 0001:00016640       ??B?$TouchedObject@VPxRigidActor@physx@@@Cct@physx@@QEBA_NXZ 0000000180017640 f i CctCharacterController.obj
 0001:00016680       ??B?$TouchedObject@VPxShape@physx@@@Cct@physx@@QEBA_NXZ 0000000180017680 f i CctCharacterController.obj
 0001:000166c0       ??C?$TouchedObject@VPxRigidActor@physx@@@Cct@physx@@QEBAPEBVPxRigidActor@2@XZ 00000001800176c0 f i CctCharacterController.obj
 0001:000166e0       ??C?$TouchedObject@VPxShape@physx@@@Cct@physx@@QEBAPEBVPxShape@2@XZ 00000001800176e0 f i CctCharacterController.obj
 0001:00016700       ??DPxQuat@physx@@QEBA?AV01@AEBV01@@Z 0000000180017700 f i CctCharacterController.obj
 0001:00016910       ??DPxTransform@physx@@QEBA?AV01@AEBV01@@Z 0000000180017910 f i CctCharacterController.obj
 0001:000169c0       ??GPxVec3@physx@@QEBA?AV01@AEBV01@@Z 00000001800179c0 f i CctCharacterController.obj
 0001:00016a60       ??GPxVec3@physx@@QEBA?AV01@XZ 0000000180017a60 f i CctCharacterController.obj
 0001:00016af0       ??HPxVec3@physx@@QEBA?AV01@AEBV01@@Z 0000000180017af0 f i CctCharacterController.obj
 0001:00016b90       ??I?$PxFlags@W4Enum@PxQueryFlag@physx@@G@physx@@QEBA?AV01@W4Enum@PxQueryFlag@1@@Z 0000000180017b90 f i CctCharacterController.obj
 0001:00016c00       ??I?$PxFlags@W4Enum@PxRigidBodyFlag@physx@@E@physx@@QEBA?AV01@W4Enum@PxRigidBodyFlag@1@@Z 0000000180017c00 f i CctCharacterController.obj
 0001:00016c60       ??I?$PxFlags@W4Enum@PxShapeFlag@physx@@E@physx@@QEBA?AV01@W4Enum@PxShapeFlag@1@@Z 0000000180017c60 f i CctCharacterController.obj
 0001:00016cc0       ??R?$Hash@PEAVPxShape@physx@@@shdfnd@physx@@QEBAIAEBQEAVPxShape@2@@Z 0000000180017cc0 f i CctCharacterController.obj
 0001:00016cf0       ??RGetKey@?$HashSetBase@PEAVPxShape@physx@@U?$Hash@PEAVPxShape@physx@@@shdfnd@2@VNonTrackingAllocator@42@$0A@@internal@shdfnd@physx@@QEAAAEBQEAVPxShape@4@AEBQEAV54@@Z 0000000180017cf0 f i CctCharacterController.obj
 0001:00016d10       ??U?$PxFlags@W4Enum@PxQueryFlag@physx@@G@physx@@QEBA?AV01@W4Enum@PxQueryFlag@1@@Z 0000000180017d10 f i CctCharacterController.obj
 0001:00016d70       ??Uphysx@@YA?AV?$PxFlags@W4Enum@PxQueryFlag@physx@@G@0@W4Enum@PxQueryFlag@0@0@Z 0000000180017d70 f i CctCharacterController.obj
 0001:00016dd0       ??YPxVec3@physx@@QEAAAEAV01@AEBV01@@Z 0000000180017dd0 f i CctCharacterController.obj
 0001:00016e50       ??ZPxVec3@physx@@QEAAAEAV01@AEBV01@@Z 0000000180017e50 f i CctCharacterController.obj
 0001:00016ed0       ??_0PxVec3@physx@@QEAAAEAV01@M@Z 0000000180017ed0 f i CctCharacterController.obj
 0001:00016f60       ??_5?$PxFlags@W4Enum@PxControllerCollisionFlag@physx@@E@physx@@QEAAAEAV01@W4Enum@PxControllerCollisionFlag@1@@Z 0000000180017f60 f i CctCharacterController.obj
 0001:00016f90       ??_5?$PxFlags@W4Enum@PxHitFlag@physx@@G@physx@@QEAAAEAV01@W4Enum@PxHitFlag@1@@Z 0000000180017f90 f i CctCharacterController.obj
 0001:00016fd0       ??_5?$PxFlags@W4Enum@PxQueryFlag@physx@@G@physx@@QEAAAEAV01@W4Enum@PxQueryFlag@1@@Z 0000000180017fd0 f i CctCharacterController.obj
 0001:00017010       ??_E?$PxHitBuffer@UPxRaycastHit@physx@@@physx@@UEAAPEAXI@Z 0000000180018010 f i CctCharacterController.obj
 0001:00017010       ??_G?$PxHitBuffer@UPxRaycastHit@physx@@@physx@@UEAAPEAXI@Z 0000000180018010 f i CctCharacterController.obj
 0001:00017060       ??_G?$PxHitCallback@UPxRaycastHit@physx@@@physx@@UEAAPEAXI@Z 0000000180018060 f i CctCharacterController.obj
 0001:00017060       ??_E?$PxHitCallback@UPxRaycastHit@physx@@@physx@@UEAAPEAXI@Z 0000000180018060 f i CctCharacterController.obj
 0001:000170b0       ??_EControllerFilter@@UEAAPEAXI@Z 00000001800180b0 f i CctCharacterController.obj
 0001:000170b0       ??_GControllerFilter@@UEAAPEAXI@Z 00000001800180b0 f i CctCharacterController.obj
 0001:00017100       ??_GPxExtendedBox@physx@@QEAAPEAXI@Z 0000000180018100 f i CctCharacterController.obj
 0001:00017150       ??_EPxQueryFilterCallback@physx@@UEAAPEAXI@Z 0000000180018150 f i CctCharacterController.obj
 0001:00017150       ??_GPxQueryFilterCallback@physx@@UEAAPEAXI@Z 0000000180018150 f i CctCharacterController.obj
 0001:000171a0       ??_GPxTriangle@physx@@QEAAPEAXI@Z 00000001800181a0 f i CctCharacterController.obj
 0001:000171f0       ?PxAbs@physx@@YAMM@Z       00000001800181f0 f i CctCharacterController.obj
 0001:00017210       ?PxIsFinite@physx@@YA_NM@Z 0000000180018210 f i CctCharacterController.obj
 0001:00017230       ?PxRecipSqrt@physx@@YAMM@Z 0000000180018230 f i CctCharacterController.obj
 0001:00017250       ?PxSqrt@physx@@YAMM@Z      0000000180018250 f i CctCharacterController.obj
 0001:00017270       ?abs@intrinsics@physx@@YAMM@Z 0000000180018270 f i CctCharacterController.obj
 0001:00017290       ?add@physx@@YAXAEAUPxExtendedBounds3@1@AEBU21@@Z 0000000180018290 f i CctCharacterController.obj
 0001:000172e0       ?allocate@?$Array@IVNamedAllocator@shdfnd@physx@@@shdfnd@physx@@IEAAPEAII@Z 00000001800182e0 f i CctCharacterController.obj
 0001:00017390       ?allocate@?$Array@PEBXVNamedAllocator@shdfnd@physx@@@shdfnd@physx@@IEAAPEAPEBXI@Z 0000000180018390 f i CctCharacterController.obj
 0001:00017440       ?allocate@?$Array@UPxExtendedCapsule@physx@@VNamedAllocator@shdfnd@2@@shdfnd@physx@@IEAAPEAUPxExtendedCapsule@3@I@Z 0000000180018440 f i CctCharacterController.obj
 0001:000174f0       ?allocate@?$Array@VPxExtendedBox@physx@@VNamedAllocator@shdfnd@2@@shdfnd@physx@@IEAAPEAVPxExtendedBox@3@I@Z 00000001800184f0 f i CctCharacterController.obj
 0001:000175a0       ?any@PxGeometryHolder@physx@@QEBAAEBVPxGeometry@2@XZ 00000001800185a0 f i CctCharacterController.obj
 0001:000175d0       ?begin@?$Array@IVNamedAllocator@shdfnd@physx@@@shdfnd@physx@@QEAAPEAIXZ 00000001800185d0 f i CctCharacterController.obj
 0001:000175f0       ?begin@?$Array@IVNamedAllocator@shdfnd@physx@@@shdfnd@physx@@QEBAPEBIXZ 00000001800185f0 f i CctCharacterController.obj
 0001:00017610       ?begin@?$Array@PEBXVNamedAllocator@shdfnd@physx@@@shdfnd@physx@@QEAAPEAPEBXXZ 0000000180018610 f i CctCharacterController.obj
 0001:00017630       ?begin@?$Array@UPxExtendedCapsule@physx@@VNamedAllocator@shdfnd@2@@shdfnd@physx@@QEAAPEAUPxExtendedCapsule@3@XZ 0000000180018630 f i CctCharacterController.obj
 0001:00017650       ?begin@?$Array@VPxExtendedBox@physx@@VNamedAllocator@shdfnd@2@@shdfnd@physx@@QEAAPEAVPxExtendedBox@3@XZ 0000000180018650 f i CctCharacterController.obj
 0001:00017670       ?capacity@?$Array@IVNamedAllocator@shdfnd@physx@@@shdfnd@physx@@QEBAIXZ 0000000180018670 f i CctCharacterController.obj
 0001:00017690       ?capacity@?$Array@PEBXVNamedAllocator@shdfnd@physx@@@shdfnd@physx@@QEBAIXZ 0000000180018690 f i CctCharacterController.obj
 0001:000176b0       ?capacity@?$Array@UPxExtendedCapsule@physx@@VNamedAllocator@shdfnd@2@@shdfnd@physx@@QEBAIXZ 00000001800186b0 f i CctCharacterController.obj
 0001:000176d0       ?capacity@?$Array@VPxExtendedBox@physx@@VNamedAllocator@shdfnd@2@@shdfnd@physx@@QEBAIXZ 00000001800186d0 f i CctCharacterController.obj
 0001:000176f0       ?capacity@?$Array@VPxTriangle@physx@@VNamedAllocator@shdfnd@2@@shdfnd@physx@@QEBAIXZ 00000001800186f0 f i CctCharacterController.obj
 0001:00017710       ?capacityIncrement@?$Array@PEBXVNamedAllocator@shdfnd@physx@@@shdfnd@physx@@IEBAIXZ 0000000180018710 f i CctCharacterController.obj
 0001:00017760       ?capacityIncrement@?$Array@UPxExtendedCapsule@physx@@VNamedAllocator@shdfnd@2@@shdfnd@physx@@IEBAIXZ 0000000180018760 f i CctCharacterController.obj
 0001:000177b0       ?capacityIncrement@?$Array@VPxExtendedBox@physx@@VNamedAllocator@shdfnd@2@@shdfnd@physx@@IEBAIXZ 00000001800187b0 f i CctCharacterController.obj
 0001:00017800       ?clear@?$Array@IVNamedAllocator@shdfnd@physx@@@shdfnd@physx@@QEAAXXZ 0000000180018800 f i CctCharacterController.obj
 0001:00017850       ?clear@?$Array@VPxTriangle@physx@@VNamedAllocator@shdfnd@2@@shdfnd@physx@@QEAAXXZ 0000000180018850 f i CctCharacterController.obj
 0001:000178a0       ?clear@TriArray@Cct@physx@@QEAAXXZ 00000001800188a0 f i CctCharacterController.obj
 0001:000178c0       ?computeTimeCoeff@Controller@Cct@physx@@IEAAMXZ 00000001800188c0 f i CctCharacterController.obj
 0001:00017930       ?contains@?$HashSetBase@PEAVPxShape@physx@@U?$Hash@PEAVPxShape@physx@@@shdfnd@2@VNonTrackingAllocator@42@$0A@@internal@shdfnd@physx@@QEBA_NAEBQEAVPxShape@4@@Z 0000000180018930 f i CctCharacterController.obj
 0001:00017990       ?copy@?$Array@IVNamedAllocator@shdfnd@physx@@@shdfnd@physx@@KAXPEAI0PEBI@Z 0000000180018990 f i CctCharacterController.obj
 0001:00017a30       ?copy@?$Array@PEBXVNamedAllocator@shdfnd@physx@@@shdfnd@physx@@KAXPEAPEBX0PEBQEBX@Z 0000000180018a30 f i CctCharacterController.obj
 0001:00017ad0       ?copy@?$Array@UPxExtendedCapsule@physx@@VNamedAllocator@shdfnd@2@@shdfnd@physx@@KAXPEAUPxExtendedCapsule@3@0PEBU43@@Z 0000000180018ad0 f i CctCharacterController.obj
 0001:00017b70       ?copy@?$Array@VPxExtendedBox@physx@@VNamedAllocator@shdfnd@2@@shdfnd@physx@@KAXPEAVPxExtendedBox@3@0PEBV43@@Z 0000000180018b70 f i CctCharacterController.obj
 0001:00017c10       ?cross@PxVec3@physx@@QEBA?AV12@AEBV12@@Z 0000000180018c10 f i CctCharacterController.obj
 0001:00017d00       ?deallocate@?$Array@IVNamedAllocator@shdfnd@physx@@@shdfnd@physx@@IEAAXPEAX@Z 0000000180018d00 f i CctCharacterController.obj
 0001:00017d30       ?deallocate@?$Array@PEBXVNamedAllocator@shdfnd@physx@@@shdfnd@physx@@IEAAXPEAX@Z 0000000180018d30 f i CctCharacterController.obj
 0001:00017d60       ?deallocate@?$Array@UPxExtendedCapsule@physx@@VNamedAllocator@shdfnd@2@@shdfnd@physx@@IEAAXPEAX@Z 0000000180018d60 f i CctCharacterController.obj
 0001:00017d90       ?deallocate@?$Array@VPxExtendedBox@physx@@VNamedAllocator@shdfnd@2@@shdfnd@physx@@IEAAXPEAX@Z 0000000180018d90 f i CctCharacterController.obj
 0001:00017dc0       ?deallocate@?$Array@VPxTriangle@physx@@VNamedAllocator@shdfnd@2@@shdfnd@physx@@IEAAXPEAX@Z 0000000180018dc0 f i CctCharacterController.obj
 0001:00017df0       ?decomposeVector@shdfnd@physx@@YAXAEAVPxVec3@2@0AEBV32@1@Z 0000000180018df0 f i CctCharacterController.obj
 0001:00017e80       ?destroy@?$Array@IVNamedAllocator@shdfnd@physx@@@shdfnd@physx@@KAXPEAI0@Z 0000000180018e80 f i CctCharacterController.obj
 0001:00017ec0       ?destroy@?$Array@PEBXVNamedAllocator@shdfnd@physx@@@shdfnd@physx@@KAXPEAPEBX0@Z 0000000180018ec0 f i CctCharacterController.obj
 0001:00017f00       ?destroy@?$Array@UPxExtendedCapsule@physx@@VNamedAllocator@shdfnd@2@@shdfnd@physx@@KAXPEAUPxExtendedCapsule@3@0@Z 0000000180018f00 f i CctCharacterController.obj
 0001:00017f40       ?destroy@?$Array@VPxExtendedBox@physx@@VNamedAllocator@shdfnd@2@@shdfnd@physx@@KAXPEAVPxExtendedBox@3@0@Z 0000000180018f40 f i CctCharacterController.obj
 0001:00017f90       ?destroy@?$Array@VPxTriangle@physx@@VNamedAllocator@shdfnd@2@@shdfnd@physx@@KAXPEAVPxTriangle@3@0@Z 0000000180018f90 f i CctCharacterController.obj
 0001:00017fe0       ?dot@PxExtendedVec3@physx@@QEBANAEBVPxVec3@2@@Z 0000000180018fe0 f i CctCharacterController.obj
 0001:00018060       ?dot@PxVec3@physx@@QEBAMAEBV12@@Z 0000000180019060 f i CctCharacterController.obj
 0001:000180c0       ?encodeUserObject@Cct@physx@@YAIIW4UserObjectType@12@@Z 00000001800190c0 f i CctCharacterController.obj
 0001:000181b0       ?end@?$Array@IVNamedAllocator@shdfnd@physx@@@shdfnd@physx@@QEAAPEAIXZ 00000001800191b0 f i CctCharacterController.obj
 0001:000181d0       ?end@?$Array@IVNamedAllocator@shdfnd@physx@@@shdfnd@physx@@QEBAPEBIXZ 00000001800191d0 f i CctCharacterController.obj
 0001:000181f0       ?equal@?$Hash@PEAVPxShape@physx@@@shdfnd@physx@@QEBA_NAEBQEAVPxShape@3@0@Z 00000001800191f0 f i CctCharacterController.obj
 0001:00018240       ?finalizeQuery@?$PxHitCallback@UPxRaycastHit@physx@@@physx@@UEAAXXZ 0000000180019240 f i CctCharacterController.obj
 0001:00018250       ?find@?$HashBase@PEAVPxShape@physx@@PEAV12@U?$Hash@PEAVPxShape@physx@@@shdfnd@2@UGetKey@?$HashSetBase@PEAVPxShape@physx@@U?$Hash@PEAVPxShape@physx@@@shdfnd@2@VNonTrackingAllocator@42@$0A@@internal@42@VNonTrackingAllocator@42@$0A@@internal@shdfnd@physx@@QEBAPEBQEAVPxShape@4@AEBQEAV54@@Z 0000000180019250 f i CctCharacterController.obj
 0001:00018350       ?forceSize_Unsafe@?$Array@IVNamedAllocator@shdfnd@physx@@@shdfnd@physx@@QEAAXI@Z 0000000180019350 f i CctCharacterController.obj
 0001:000183e0       ?forceSize_Unsafe@?$Array@VPxTriangle@physx@@VNamedAllocator@shdfnd@2@@shdfnd@physx@@QEAAXI@Z 00000001800193e0 f i CctCharacterController.obj
 0001:00018470       ?forceSize_Unsafe@TriArray@Cct@physx@@QEAAXI@Z 0000000180019470 f i CctCharacterController.obj
 0001:000184a0       ?get@?$TouchedObject@VPxRigidActor@physx@@@Cct@physx@@QEBAPEBVPxRigidActor@3@XZ 00000001800194a0 f i CctCharacterController.obj
 0001:000184c0       ?get@?$TouchedObject@VPxShape@physx@@@Cct@physx@@QEBAPEBVPxShape@3@XZ 00000001800194c0 f i CctCharacterController.obj
 0001:000184e0       ?getAnyHit@?$PxHitBuffer@UPxRaycastHit@physx@@@physx@@QEBAAEBUPxRaycastHit@2@I@Z 00000001800194e0 f i CctCharacterController.obj
 0001:000185d0       ?getBasisVector0@PxQuat@physx@@QEBA?AVPxVec3@2@XZ 00000001800195d0 f i CctCharacterController.obj
 0001:000186f0       ?getCenter@PxBounds3@physx@@QEBA?AVPxVec3@2@XZ 00000001800196f0 f i CctCharacterController.obj
 0001:000187c0       ?getConcreteType@PxBase@physx@@QEBAGXZ 00000001800197c0 f i CctCharacterController.obj
 0001:000187e0       ?getContextId@Controller@Cct@physx@@QEBA_KXZ 00000001800197e0 f i CctCharacterController.obj
 0001:00018800       ?getDimensions@PxBounds3@physx@@QEBA?AVPxVec3@2@XZ 0000000180019800 f i CctCharacterController.obj
 0001:000188b0       ?getExtents@PxBounds3@physx@@QEBA?AVPxVec3@2@XZ 00000001800198b0 f i CctCharacterController.obj
 0001:00018970       ?getGlobalPose@PxShapeExt@physx@@SA?AVPxTransform@2@AEBVPxShape@2@AEBVPxRigidActor@2@@Z 0000000180019970 f i CctCharacterController.obj
 0001:00018a20       ?getNbTouches@?$PxHitBuffer@UPxRaycastHit@physx@@@physx@@QEBAIXZ 0000000180019a20 f i CctCharacterController.obj
 0001:00018a40       ?getNormalized@PxVec3@physx@@QEBA?AV12@XZ 0000000180019a40 f i CctCharacterController.obj
 0001:00018af0       ?getShapeGlobalPose@physx@@YA?AVPxTransform@1@AEBVPxShape@1@AEBVPxRigidActor@1@@Z 0000000180019af0 f i CctCharacterController.obj
 0001:00018b30       ?getTouches@?$PxHitBuffer@UPxRaycastHit@physx@@@physx@@QEBAPEBUPxRaycastHit@2@XZ 0000000180019b30 f i CctCharacterController.obj
 0001:00018b50       ?getTriangle@TriArray@Cct@physx@@QEBAAEBVPxTriangle@3@I@Z 0000000180019b50 f i CctCharacterController.obj
 0001:00018b80       ?getType@SweptVolume@Cct@physx@@QEBA?AW4Enum@SweptVolumeType@23@XZ 0000000180019b80 f i CctCharacterController.obj
 0001:00018ba0       ?grow@?$Array@IVNamedAllocator@shdfnd@physx@@@shdfnd@physx@@IEAAXI@Z 0000000180019ba0 f i CctCharacterController.obj
 0001:00018c40       ?growAndPushBack@?$Array@PEBXVNamedAllocator@shdfnd@physx@@@shdfnd@physx@@IEAAAEAPEBXAEBQEBX@Z 0000000180019c40 f i CctCharacterController.obj
 0001:00018e20       ?growAndPushBack@?$Array@UPxExtendedCapsule@physx@@VNamedAllocator@shdfnd@2@@shdfnd@physx@@IEAAAEAUPxExtendedCapsule@3@AEBU43@@Z 0000000180019e20 f i CctCharacterController.obj
 0001:00019060       ?growAndPushBack@?$Array@VPxExtendedBox@physx@@VNamedAllocator@shdfnd@2@@shdfnd@physx@@IEAAAEAVPxExtendedBox@3@AEBV43@@Z 000000018001a060 f i CctCharacterController.obj
 0001:00019250       ?hash@?$HashBase@PEAVPxShape@physx@@PEAV12@U?$Hash@PEAVPxShape@physx@@@shdfnd@2@UGetKey@?$HashSetBase@PEAVPxShape@physx@@U?$Hash@PEAVPxShape@physx@@@shdfnd@2@VNonTrackingAllocator@42@$0A@@internal@42@VNonTrackingAllocator@42@$0A@@internal@shdfnd@physx@@AEBAIAEBQEAVPxShape@4@@Z 000000018001a250 f i CctCharacterController.obj
 0001:00019290       ?hash@?$HashBase@PEAVPxShape@physx@@PEAV12@U?$Hash@PEAVPxShape@physx@@@shdfnd@2@UGetKey@?$HashSetBase@PEAVPxShape@physx@@U?$Hash@PEAVPxShape@physx@@@shdfnd@2@VNonTrackingAllocator@42@$0A@@internal@42@VNonTrackingAllocator@42@$0A@@internal@shdfnd@physx@@AEBAIAEBQEAVPxShape@4@I@Z 000000018001a290 f i CctCharacterController.obj
 0001:000192d0       ?hash@shdfnd@physx@@YAIPEBX@Z 000000018001a2d0 f i CctCharacterController.obj
 0001:000192f0       ?hash@shdfnd@physx@@YAI_K@Z 000000018001a2f0 f i CctCharacterController.obj
 0001:00019400       ?intersectOBBAABB@Gu@physx@@YA_NAEBVBox@12@AEBVPxBounds3@2@@Z 000000018001a400 f i CctCharacterController.obj
 0001:000194c0       ?isAlmostZero@shdfnd@physx@@YA_NAEBVPxVec3@2@@Z 000000018001a4c0 f i CctCharacterController.obj
 0001:00019540       ?isFinite@PxBounds3@physx@@QEBA_NXZ 000000018001a540 f i CctCharacterController.obj
 0001:000195b0       ?isFinite@PxQuat@physx@@QEBA_NXZ 000000018001a5b0 f i CctCharacterController.obj
 0001:00019650       ?isFinite@PxTransform@physx@@QEBA_NXZ 000000018001a650 f i CctCharacterController.obj
 0001:000196c0       ?isFinite@PxVec3@physx@@QEBA_NXZ 000000018001a6c0 f i CctCharacterController.obj
 0001:00019740       ?isFinite@intrinsics@physx@@YA_NM@Z 000000018001a740 f i CctCharacterController.obj
 0001:00019790       ?isInUserMemory@?$Array@IVNamedAllocator@shdfnd@physx@@@shdfnd@physx@@QEBAIXZ 000000018001a790 f i CctCharacterController.obj
 0001:000197b0       ?isInUserMemory@?$Array@PEBXVNamedAllocator@shdfnd@physx@@@shdfnd@physx@@QEBAIXZ 000000018001a7b0 f i CctCharacterController.obj
 0001:000197d0       ?isInUserMemory@?$Array@UPxExtendedCapsule@physx@@VNamedAllocator@shdfnd@2@@shdfnd@physx@@QEBAIXZ 000000018001a7d0 f i CctCharacterController.obj
 0001:000197f0       ?isInUserMemory@?$Array@VPxExtendedBox@physx@@VNamedAllocator@shdfnd@2@@shdfnd@physx@@QEBAIXZ 000000018001a7f0 f i CctCharacterController.obj
 0001:00019810       ?isInUserMemory@?$Array@VPxTriangle@physx@@VNamedAllocator@shdfnd@2@@shdfnd@physx@@QEBAIXZ 000000018001a810 f i CctCharacterController.obj
 0001:00019830       ?isInside@PxExtendedBounds3@physx@@QEBA_NAEBU12@@Z 000000018001a830 f i CctCharacterController.obj
 0001:00019910       ?isSane@PxQuat@physx@@QEBA_NXZ 000000018001a910 f i CctCharacterController.obj
 0001:00019990       ?isSane@PxTransform@physx@@QEBA_NXZ 000000018001a990 f i CctCharacterController.obj
 0001:000199f0       ?isValid@PxBounds3@physx@@QEBA_NXZ 000000018001a9f0 f i CctCharacterController.obj
 0001:00019b20       ?isZero@PxVec3@physx@@QEBA_NXZ 000000018001ab20 f i CctCharacterController.obj
 0001:00019b80       ?magnitude@PxQuat@physx@@QEBAMXZ 000000018001ab80 f i CctCharacterController.obj
 0001:00019bb0       ?magnitude@PxVec3@physx@@QEBAMXZ 000000018001abb0 f i CctCharacterController.obj
 0001:00019be0       ?magnitudeSquared@PxQuat@physx@@QEBAMXZ 000000018001abe0 f i CctCharacterController.obj
 0001:00019c60       ?magnitudeSquared@PxVec3@physx@@QEBAMXZ 000000018001ac60 f i CctCharacterController.obj
 0001:00019cc0       ?maximum@PxExtendedVec3@physx@@QEAAXAEBU12@@Z 000000018001acc0 f i CctCharacterController.obj
 0001:00019d70       ?minimum@PxExtendedVec3@physx@@QEAAXAEBU12@@Z 000000018001ad70 f i CctCharacterController.obj
 0001:00019e20       ?normal@PxTriangle@physx@@QEBAXAEAVPxVec3@2@@Z 000000018001ae20 f i CctCharacterController.obj
 0001:00019f10       ?normalize@PxVec3@physx@@QEAAMXZ 000000018001af10 f i CctCharacterController.obj
 0001:00019f70       ?postFilter@ControllerFilter@@UEAA?AW4Enum@PxQueryHitType@physx@@AEBUPxFilterData@4@AEBUPxQueryHit@4@@Z 000000018001af70 f i CctCharacterController.obj
 0001:0001a070       ?preFilter@ControllerFilter@@UEAA?AW4Enum@PxQueryHitType@physx@@AEBUPxFilterData@4@PEBVPxShape@4@PEBVPxRigidActor@4@AEAV?$PxFlags@W4Enum@PxHitFlag@physx@@G@4@@Z 000000018001b070 f i CctCharacterController.obj
 0001:0001a1b0       ?processTouches@?$PxHitBuffer@UPxRaycastHit@physx@@@physx@@MEAA_NPEBUPxRaycastHit@2@I@Z 000000018001b1b0 f i CctCharacterController.obj
 0001:0001a1f0       ?pushBack@?$Array@PEBXVNamedAllocator@shdfnd@physx@@@shdfnd@physx@@QEAAAEAPEBXAEBQEBX@Z 000000018001b1f0 f i CctCharacterController.obj
 0001:0001a2c0       ?pushBack@?$Array@UPxExtendedCapsule@physx@@VNamedAllocator@shdfnd@2@@shdfnd@physx@@QEAAAEAUPxExtendedCapsule@3@AEBU43@@Z 000000018001b2c0 f i CctCharacterController.obj
 0001:0001a390       ?pushBack@?$Array@VPxExtendedBox@physx@@VNamedAllocator@shdfnd@2@@shdfnd@physx@@QEAAAEAVPxExtendedBox@3@AEBV43@@Z 000000018001b390 f i CctCharacterController.obj
 0001:0001a460       ?recipSqrt@intrinsics@physx@@YAMM@Z 000000018001b460 f i CctCharacterController.obj
 0001:0001a4a0       ?recreate@?$Array@IVNamedAllocator@shdfnd@physx@@@shdfnd@physx@@IEAAXI@Z 000000018001b4a0 f i CctCharacterController.obj
 0001:0001a5f0       ?reserve@?$Array@IVNamedAllocator@shdfnd@physx@@@shdfnd@physx@@QEAAXI@Z 000000018001b5f0 f i CctCharacterController.obj
 0001:0001a630       ?resetStats@SweepTest@Cct@physx@@QEAAXXZ 000000018001b630 f i CctCharacterController.obj
 0001:0001a680       ?rotate@PxQuat@physx@@QEBA?BVPxVec3@2@AEBV32@@Z 000000018001b680 f i CctCharacterController.obj
 0001:0001a8d0       ?rotateInv@PxQuat@physx@@QEBA?BVPxVec3@2@AEBV32@@Z 000000018001b8d0 f i CctCharacterController.obj
 0001:0001ab20       ?selectMax@intrinsics@physx@@YAMMM@Z 000000018001bb20 f i CctCharacterController.obj
 0001:0001ab70       ?selectMin@intrinsics@physx@@YAMMM@Z 000000018001bb70 f i CctCharacterController.obj
 0001:0001abc0       ?set@PxExtendedBounds3@physx@@QEAAXNNNNNN@Z 000000018001bbc0 f i CctCharacterController.obj
 0001:0001ac40       ?set@PxExtendedVec3@physx@@QEAAXNNN@Z 000000018001bc40 f i CctCharacterController.obj
 0001:0001aca0       ?setEmpty@PxExtendedBounds3@physx@@QEAAXXZ 000000018001bca0 f i CctCharacterController.obj
 0001:0001ad10       ?setWorldPos@SweptContact@Cct@physx@@QEAAXAEBVPxVec3@3@AEBUPxExtendedVec3@3@@Z 000000018001bd10 f i CctCharacterController.obj
 0001:0001ad90       ?size@?$Array@IVNamedAllocator@shdfnd@physx@@@shdfnd@physx@@QEBAIXZ 000000018001bd90 f i CctCharacterController.obj
 0001:0001adb0       ?size@?$Array@PEBXVNamedAllocator@shdfnd@physx@@@shdfnd@physx@@QEBAIXZ 000000018001bdb0 f i CctCharacterController.obj
 0001:0001add0       ?size@?$Array@UInternalBoxObstacle@ObstacleContext@Cct@physx@@VNamedAllocator@shdfnd@4@@shdfnd@physx@@QEBAIXZ 000000018001bdd0 f i CctCharacterController.obj
 0001:0001adf0       ?size@?$Array@UInternalCapsuleObstacle@ObstacleContext@Cct@physx@@VNamedAllocator@shdfnd@4@@shdfnd@physx@@QEBAIXZ 000000018001bdf0 f i CctCharacterController.obj
 0001:0001ae10       ?size@?$Array@UPxExtendedCapsule@physx@@VNamedAllocator@shdfnd@2@@shdfnd@physx@@QEBAIXZ 000000018001be10 f i CctCharacterController.obj
 0001:0001ae30       ?size@?$Array@VPxExtendedBox@physx@@VNamedAllocator@shdfnd@2@@shdfnd@physx@@QEBAIXZ 000000018001be30 f i CctCharacterController.obj
 0001:0001ae50       ?size@?$Array@VPxTriangle@physx@@VNamedAllocator@shdfnd@2@@shdfnd@physx@@QEBAIXZ 000000018001be50 f i CctCharacterController.obj
 0001:0001ae70       ?size@TriArray@Cct@physx@@QEBAIXZ 000000018001be70 f i CctCharacterController.obj
 0001:0001ae90       ?sqrt@intrinsics@physx@@YAMM@Z 000000018001be90 f i CctCharacterController.obj
 0001:0001aec0       ?testSlope@physx@@YA_NAEBVPxVec3@1@0M@Z 000000018001bec0 f i CctCharacterController.obj
 0001:0001af40       ?toVec3@physx@@YA?AVPxVec3@1@AEBUPxExtendedVec3@1@@Z 000000018001bf40 f i CctCharacterController.obj
 0001:0001afb0       ?transform@PxTransform@physx@@QEBA?AV12@AEBV12@@Z 000000018001bfb0 f i CctCharacterController.obj
 0001:0001b180       ?transform@PxTransform@physx@@QEBA?AVPxVec3@2@AEBV32@@Z 000000018001c180 f i CctCharacterController.obj
 0001:0001b260       ?transformInv@PxTransform@physx@@QEBA?AVPxVec3@2@AEBV32@@Z 000000018001c260 f i CctCharacterController.obj
 0001:0001b330       fabsf                      000000018001c330 f i CctCharacterController.obj
 0001:0001b3e0       ?getSceneTimestamp@Cct@physx@@YAIPEBUInternalCBData_FindTouchedGeom@12@@Z 000000018001c3e0 f   CctCharacterControllerCallbacks.obj
 0001:0001b470       ?findTouchedGeometry@Cct@physx@@YAXPEBUInternalCBData_FindTouchedGeom@12@AEBUPxExtendedBounds3@2@AEAVTriArray@12@AEAV?$Array@IVNamedAllocator@shdfnd@physx@@@shdfnd@2@3AEBVCCTFilter@12@AEBUCCTParams@12@AEAG@Z 000000018001c470 f   CctCharacterControllerCallbacks.obj
 0001:0001bc60       ?shapeHitCallback@Cct@physx@@YAIPEBUInternalCBData_OnHit@12@AEBUSweptContact@12@AEBVPxVec3@2@M@Z 000000018001cc60 f   CctCharacterControllerCallbacks.obj
 0001:0001bd90       ?userHitCallback@Cct@physx@@YAIPEBUInternalCBData_OnHit@12@AEBUSweptContact@12@AEBVPxVec3@2@M@Z 000000018001cd90 f   CctCharacterControllerCallbacks.obj
 0001:00021500       ??$PX_UNUSED@PEBUPxOverlapHit@physx@@@@YAXAEBQEBUPxOverlapHit@physx@@@Z 0000000180022500 f i CctCharacterControllerCallbacks.obj
 0001:00021510       ??0?$PxFlags@W4Enum@PxConvexMeshGeometryFlag@physx@@E@physx@@QEAA@XZ 0000000180022510 f i CctCharacterControllerCallbacks.obj
 0001:00021530       ??0?$PxFlags@W4Enum@PxMeshGeometryFlag@physx@@E@physx@@QEAA@E@Z 0000000180022530 f i CctCharacterControllerCallbacks.obj
 0001:00021560       ??0?$PxFlags@W4Enum@PxMeshGeometryFlag@physx@@E@physx@@QEAA@XZ 0000000180022560 f i CctCharacterControllerCallbacks.obj
 0001:00021580       ??0?$PxHitBuffer@UPxOverlapHit@physx@@@physx@@QEAA@PEAUPxOverlapHit@1@I@Z 0000000180022580 f i CctCharacterControllerCallbacks.obj
 0001:000215d0       ??0?$PxHitCallback@UPxOverlapHit@physx@@@physx@@QEAA@PEAUPxOverlapHit@1@I@Z 00000001800225d0 f i CctCharacterControllerCallbacks.obj
 0001:00021660       ??0?$PxPadding@$02@physx@@QEAA@XZ 0000000180022660 f i CctCharacterControllerCallbacks.obj
 0001:000216b0       ??0PxControllerHit@physx@@QEAA@XZ 00000001800226b0 f i CctCharacterControllerCallbacks.obj
 0001:00021710       ??0PxControllerObstacleHit@physx@@QEAA@XZ 0000000180022710 f i CctCharacterControllerCallbacks.obj
 0001:00021740       ??0PxControllerShapeHit@physx@@QEAA@XZ 0000000180022740 f i CctCharacterControllerCallbacks.obj
 0001:00021770       ??0PxControllersHit@physx@@QEAA@XZ 0000000180022770 f i CctCharacterControllerCallbacks.obj
 0001:000217a0       ??0PxConvexMeshGeometry@physx@@QEAA@XZ 00000001800227a0 f i CctCharacterControllerCallbacks.obj
 0001:00021840       ??0PxExtendedSphere@physx@@QEAA@XZ 0000000180022840 f i CctCharacterControllerCallbacks.obj
 0001:00021870       ??0PxHeightFieldGeometry@physx@@QEAA@XZ 0000000180022870 f i CctCharacterControllerCallbacks.obj
 0001:00021920       ??0PxMat33@physx@@QEAA@AEBVPxVec3@1@00@Z 0000000180022920 f i CctCharacterControllerCallbacks.obj
 0001:000219a0       ??0PxMeshScale@physx@@QEAA@M@Z 00000001800229a0 f i CctCharacterControllerCallbacks.obj
 0001:000219f0       ??0PxMeshScale@physx@@QEAA@XZ 00000001800229f0 f i CctCharacterControllerCallbacks.obj
 0001:00021a40       ??0PxOverlapHit@physx@@QEAA@XZ 0000000180022a40 f i CctCharacterControllerCallbacks.obj
 0001:00021a70       ??0PxPlane@physx@@QEAA@AEBVPxVec3@1@M@Z 0000000180022a70 f i CctCharacterControllerCallbacks.obj
 0001:00021ac0       ??0PxPlane@physx@@QEAA@MMMM@Z 0000000180022ac0 f i CctCharacterControllerCallbacks.obj
 0001:00021b30       ??0PxQueryFilterData@physx@@QEAA@$$QEAU01@@Z 0000000180022b30 f i CctCharacterControllerCallbacks.obj
 0001:00021ba0       ??0PxQueryFilterData@physx@@QEAA@V?$PxFlags@W4Enum@PxQueryFlag@physx@@G@1@@Z 0000000180022ba0 f i CctCharacterControllerCallbacks.obj
 0001:00021c00       ??0PxTransform@physx@@QEAA@AEBVPxVec3@1@@Z 0000000180022c00 f i CctCharacterControllerCallbacks.obj
 0001:00021c50       ??0PxTriangle@physx@@QEAA@AEBV01@@Z 0000000180022c50 f i CctCharacterControllerCallbacks.obj
 0001:00021d50       ??0PxTriangle@physx@@QEAA@AEBVPxVec3@1@00@Z 0000000180022d50 f i CctCharacterControllerCallbacks.obj
 0001:00021e20       ??0PxTriangle@physx@@QEAA@XZ 0000000180022e20 f i CctCharacterControllerCallbacks.obj
 0001:00021e60       ??0PxTriangleMeshGeometry@physx@@QEAA@XZ 0000000180022e60 f i CctCharacterControllerCallbacks.obj
 0001:00021ee0       ??0PxVec4@physx@@QEAA@MMMM@Z 0000000180022ee0 f i CctCharacterControllerCallbacks.obj
 0001:00021f60       ??0TessParams@@QEAA@XZ     0000000180022f60 f i CctCharacterControllerCallbacks.obj
 0001:00021fb0       ??0TrianglePadded@Gu@physx@@QEAA@XZ 0000000180022fb0 f i CctCharacterControllerCallbacks.obj
 0001:00021fe0       ??0Vec3p@Gu@physx@@QEAA@AEBVPxVec3@2@@Z 0000000180022fe0 f i CctCharacterControllerCallbacks.obj
 0001:00022010       ??1?$PxHitBuffer@UPxOverlapHit@physx@@@physx@@UEAA@XZ 0000000180023010 f i CctCharacterControllerCallbacks.obj
 0001:00022040       ??1?$PxHitCallback@UPxOverlapHit@physx@@@physx@@UEAA@XZ 0000000180023040 f i CctCharacterControllerCallbacks.obj
 0001:00022060       ??1PxExtendedSphere@physx@@QEAA@XZ 0000000180023060 f i CctCharacterControllerCallbacks.obj
 0001:00022070       ??1TrianglePadded@Gu@physx@@QEAA@XZ 0000000180023070 f i CctCharacterControllerCallbacks.obj
 0001:00022090       ??1Vec3p@Gu@physx@@QEAA@XZ 0000000180023090 f i CctCharacterControllerCallbacks.obj
 0001:000220a0       ??APxVec3@physx@@QEBAAEBMI@Z 00000001800230a0 f i CctCharacterControllerCallbacks.obj
 0001:00022130       ??DPxMat33@physx@@QEBA?BV01@AEBV01@@Z 0000000180023130 f i CctCharacterControllerCallbacks.obj
 0001:000221f0       ??DPxVec4@physx@@QEBA?AV01@M@Z 00000001800231f0 f i CctCharacterControllerCallbacks.obj
 0001:00022290       ??HPxVec4@physx@@QEBA?AV01@AEBV01@@Z 0000000180023290 f i CctCharacterControllerCallbacks.obj
 0001:00022340       ??_E?$PxHitBuffer@UPxOverlapHit@physx@@@physx@@UEAAPEAXI@Z 0000000180023340 f i CctCharacterControllerCallbacks.obj
 0001:00022340       ??_G?$PxHitBuffer@UPxOverlapHit@physx@@@physx@@UEAAPEAXI@Z 0000000180023340 f i CctCharacterControllerCallbacks.obj
 0001:00022390       ??_G?$PxHitCallback@UPxOverlapHit@physx@@@physx@@UEAAPEAXI@Z 0000000180023390 f i CctCharacterControllerCallbacks.obj
 0001:00022390       ??_E?$PxHitCallback@UPxOverlapHit@physx@@@physx@@UEAAPEAXI@Z 0000000180023390 f i CctCharacterControllerCallbacks.obj
 0001:000223e0       ?FLoad@aos@shdfnd@physx@@YA?AT__m128@@M@Z 00000001800233e0 f i CctCharacterControllerCallbacks.obj
 0001:00022410       ?PxPlaneEquationFromTransform@physx@@YA?AVPxPlane@1@AEBVPxTransform@1@@Z 0000000180023410 f i CctCharacterControllerCallbacks.obj
 0001:00022470       ?V3Load@aos@shdfnd@physx@@YA?AT__m128@@M@Z 0000000180023470 f i CctCharacterControllerCallbacks.obj
 0001:000224c0       ?V4Load@aos@shdfnd@physx@@YA?AT__m128@@M@Z 00000001800234c0 f i CctCharacterControllerCallbacks.obj
 0001:000224f0       ?allocate@?$Array@VPxTriangle@physx@@VNamedAllocator@shdfnd@2@@shdfnd@physx@@IEAAPEAVPxTriangle@3@I@Z 00000001800234f0 f i CctCharacterControllerCallbacks.obj
 0001:000225a0       ?begin@?$Array@VPxTriangle@physx@@VNamedAllocator@shdfnd@2@@shdfnd@physx@@QEBAPEBVPxTriangle@3@XZ 00000001800235a0 f i CctCharacterControllerCallbacks.obj
 0001:000225c0       ?begin@TriArray@Cct@physx@@QEBAPEBVPxTriangle@3@XZ 00000001800235c0 f i CctCharacterControllerCallbacks.obj
 0001:000225e0       ?capacityIncrement@?$Array@IVNamedAllocator@shdfnd@physx@@@shdfnd@physx@@IEBAIXZ 00000001800235e0 f i CctCharacterControllerCallbacks.obj
 0001:00022630       ?centerExtents@PxBounds3@physx@@SA?AV12@AEBVPxVec3@2@0@Z 0000000180023630 f i CctCharacterControllerCallbacks.obj
 0001:000226b0       ?computeBasis@shdfnd@physx@@YAXAEBVPxVec3@2@AEAV32@1@Z 00000001800236b0 f i CctCharacterControllerCallbacks.obj
 0001:00022880       ?copy@?$Array@VPxTriangle@physx@@VNamedAllocator@shdfnd@2@@shdfnd@physx@@KAXPEAVPxTriangle@3@0PEBV43@@Z 0000000180023880 f i CctCharacterControllerCallbacks.obj
 0001:00022920       ?decodeIndex@Cct@physx@@YAII@Z 0000000180023920 f i CctCharacterControllerCallbacks.obj
 0001:00022930       ?decodeType@Cct@physx@@YA?AW4UserObjectType@12@I@Z 0000000180023930 f i CctCharacterControllerCallbacks.obj
 0001:00022950       ?distance@PxPlane@physx@@QEBAMAEBVPxVec3@2@@Z 0000000180023950 f i CctCharacterControllerCallbacks.obj
 0001:00022990       ?end@?$Array@VPxTriangle@physx@@VNamedAllocator@shdfnd@2@@shdfnd@physx@@QEAAPEAVPxTriangle@3@XZ 0000000180023990 f i CctCharacterControllerCallbacks.obj
 0001:000229b0       ?finalizeQuery@?$PxHitCallback@UPxOverlapHit@physx@@@physx@@UEAAXXZ 00000001800239b0 f i CctCharacterControllerCallbacks.obj
 0001:000229c0       ?getAnyHit@?$PxHitBuffer@UPxOverlapHit@physx@@@physx@@QEBAAEBUPxOverlapHit@2@I@Z 00000001800239c0 f i CctCharacterControllerCallbacks.obj
 0001:00022ab0       ?getCctManager@Controller@Cct@physx@@QEAAPEAVCharacterControllerManager@23@XZ 0000000180023ab0 f i CctCharacterControllerCallbacks.obj
 0001:00022ad0       ?getNbAnyHits@?$PxHitBuffer@UPxOverlapHit@physx@@@physx@@QEBAIXZ 0000000180023ad0 f i CctCharacterControllerCallbacks.obj
 0001:00022b00       ?getNbTouches@?$PxHitBuffer@UPxOverlapHit@physx@@@physx@@QEBAIXZ 0000000180023b00 f i CctCharacterControllerCallbacks.obj
 0001:00022b20       ?getPosition@PxMat44@physx@@QEBA?BVPxVec3@2@XZ 0000000180023b20 f i CctCharacterControllerCallbacks.obj
 0001:00022b60       ?getResults@PxMeshOverlapUtil@physx@@QEBAPEBIXZ 0000000180023b60 f i CctCharacterControllerCallbacks.obj
 0001:00022b80       ?getTouches@?$PxHitBuffer@UPxOverlapHit@physx@@@physx@@QEBAPEBUPxOverlapHit@2@XZ 0000000180023b80 f i CctCharacterControllerCallbacks.obj
 0001:00022ba0       ?getTranspose@PxMat33@physx@@QEBA?BV12@XZ 0000000180023ba0 f i CctCharacterControllerCallbacks.obj
 0001:00022c80       ?getXYZ@PxVec4@physx@@QEBA?AVPxVec3@2@XZ 0000000180023c80 f i CctCharacterControllerCallbacks.obj
 0001:00022cd0       ?grow@?$Array@VPxTriangle@physx@@VNamedAllocator@shdfnd@2@@shdfnd@physx@@IEAAXI@Z 0000000180023cd0 f i CctCharacterControllerCallbacks.obj
 0001:00022d70       ?growAndPushBack@?$Array@IVNamedAllocator@shdfnd@physx@@@shdfnd@physx@@IEAAAEAIAEBI@Z 0000000180023d70 f i CctCharacterControllerCallbacks.obj
 0001:00022f50       ?processTouches@?$PxHitBuffer@UPxOverlapHit@physx@@@physx@@MEAA_NPEBUPxOverlapHit@2@I@Z 0000000180023f50 f i CctCharacterControllerCallbacks.obj
 0001:00022f90       ?project@PxPlane@physx@@QEBA?AVPxVec3@2@AEBV32@@Z 0000000180023f90 f i CctCharacterControllerCallbacks.obj
 0001:00023000       ?pushBack@?$Array@IVNamedAllocator@shdfnd@physx@@@shdfnd@physx@@QEAAAEAIAEBI@Z 0000000180024000 f i CctCharacterControllerCallbacks.obj
 0001:000230d0       ?pushBack@TriArray@Cct@physx@@QEAAXAEBVPxTriangle@3@@Z 00000001800240d0 f i CctCharacterControllerCallbacks.obj
 0001:000231c0       ?recreate@?$Array@VPxTriangle@physx@@VNamedAllocator@shdfnd@2@@shdfnd@physx@@IEAAXI@Z 00000001800241c0 f i CctCharacterControllerCallbacks.obj
 0001:00023320       ?reserve@?$Array@VPxTriangle@physx@@VNamedAllocator@shdfnd@2@@shdfnd@physx@@QEAAXI@Z 0000000180024320 f i CctCharacterControllerCallbacks.obj
 0001:00023360       ?reserve@TriArray@Cct@physx@@QEAAPEAVPxTriangle@3@I@Z 0000000180024360 f i CctCharacterControllerCallbacks.obj
 0001:00023440       ?rotate@PxMat44@physx@@QEBA?BVPxVec3@2@AEBV32@@Z 0000000180024440 f i CctCharacterControllerCallbacks.obj
 0001:000234b0       ?rotate@PxMat44@physx@@QEBA?BVPxVec4@2@AEBV32@@Z 00000001800244b0 f i CctCharacterControllerCallbacks.obj
 0001:000235a0       ?rotate@PxTransform@physx@@QEBA?AVPxVec3@2@AEBV32@@Z 00000001800245a0 f i CctCharacterControllerCallbacks.obj
 0001:00023650       ?toMat33@PxMeshScale@physx@@QEBA?AVPxMat33@2@XZ 0000000180024650 f i CctCharacterControllerCallbacks.obj
 0001:00023740       ?transform@PxMat33@physx@@QEBA?BVPxVec3@2@AEBV32@@Z 0000000180024740 f i CctCharacterControllerCallbacks.obj
 0001:00023820       ?transform@PxTransform@physx@@QEBA?AVPxPlane@2@AEBV32@@Z 0000000180024820 f i CctCharacterControllerCallbacks.obj
 0001:00023930       PxCreateControllerManager  0000000180024930 f   CctCharacterControllerManager.obj
 0001:000239c0       ??0CharacterControllerManager@Cct@physx@@QEAA@AEAVPxScene@2@_N@Z 00000001800249c0 f   CctCharacterControllerManager.obj
 0001:00023c40       ??1CharacterControllerManager@Cct@physx@@UEAA@XZ 0000000180024c40 f   CctCharacterControllerManager.obj
 0001:00023d90       ?release@CharacterControllerManager@Cct@physx@@UEAAXXZ 0000000180024d90 f   CctCharacterControllerManager.obj
 0001:00023eb0       ?getScene@CharacterControllerManager@Cct@physx@@UEBAAEAVPxScene@3@XZ 0000000180024eb0 f   CctCharacterControllerManager.obj
 0001:00023ed0       ?getNbControllers@CharacterControllerManager@Cct@physx@@UEBAIXZ 0000000180024ed0 f   CctCharacterControllerManager.obj
 0001:00023f00       ?getController@CharacterControllerManager@Cct@physx@@UEAAPEAVPxController@3@I@Z 0000000180024f00 f   CctCharacterControllerManager.obj
 0001:00023ff0       ?createController@CharacterControllerManager@Cct@physx@@UEAAPEAVPxController@3@AEBVPxControllerDesc@3@@Z 0000000180024ff0 f   CctCharacterControllerManager.obj
 0001:00024380       ?purgeControllers@CharacterControllerManager@Cct@physx@@UEAAXXZ 0000000180025380 f   CctCharacterControllerManager.obj
 0001:000243f0       ?getRenderBuffer@CharacterControllerManager@Cct@physx@@UEAAAEAVPxRenderBuffer@3@XZ 00000001800253f0 f   CctCharacterControllerManager.obj
 0001:00024480       ?setDebugRenderingFlags@CharacterControllerManager@Cct@physx@@UEAAXV?$PxFlags@W4Enum@PxControllerDebugRenderFlag@physx@@I@3@@Z 0000000180025480 f   CctCharacterControllerManager.obj
 0001:00024520       ?getNbObstacleContexts@CharacterControllerManager@Cct@physx@@UEBAIXZ 0000000180025520 f   CctCharacterControllerManager.obj
 0001:00024550       ?getObstacleContext@CharacterControllerManager@Cct@physx@@UEAAPEAVPxObstacleContext@3@I@Z 0000000180025550 f   CctCharacterControllerManager.obj
 0001:00024630       ?createObstacleContext@CharacterControllerManager@Cct@physx@@UEAAPEAVPxObstacleContext@3@XZ 0000000180025630 f   CctCharacterControllerManager.obj
 0001:000246d0       ?computeInteractions@CharacterControllerManager@Cct@physx@@UEAAXMPEAVPxControllerFilterCallback@3@@Z 00000001800256d0 f   CctCharacterControllerManager.obj
 0001:00024a60       ?setTessellation@CharacterControllerManager@Cct@physx@@UEAAX_NM@Z 0000000180025a60 f   CctCharacterControllerManager.obj
 0001:00024aa0       ?setOverlapRecoveryModule@CharacterControllerManager@Cct@physx@@UEAAX_N@Z 0000000180025aa0 f   CctCharacterControllerManager.obj
 0001:00024ac0       ?setPreciseSweeps@CharacterControllerManager@Cct@physx@@UEAAX_N@Z 0000000180025ac0 f   CctCharacterControllerManager.obj
 0001:00024ae0       ?setPreventVerticalSlidingAgainstCeiling@CharacterControllerManager@Cct@physx@@UEAAX_N@Z 0000000180025ae0 f   CctCharacterControllerManager.obj
 0001:00024b00       ?shiftOrigin@CharacterControllerManager@Cct@physx@@UEAAXAEBVPxVec3@3@@Z 0000000180025b00 f   CctCharacterControllerManager.obj
 0001:00024ca0       ?onRelease@CharacterControllerManager@Cct@physx@@UEAAXPEBVPxBase@3@PEAXW4Enum@PxDeletionEventFlag@3@@Z 0000000180025ca0 f   CctCharacterControllerManager.obj
 0001:00024e70       ?registerObservedObject@CharacterControllerManager@Cct@physx@@QEAAXPEBVPxBase@3@@Z 0000000180025e70 f   CctCharacterControllerManager.obj
 0001:00024f00       ?unregisterObservedObject@CharacterControllerManager@Cct@physx@@QEAAXPEBVPxBase@3@@Z 0000000180025f00 f   CctCharacterControllerManager.obj
 0001:00025000       ?onObstacleRemoved@CharacterControllerManager@Cct@physx@@QEBAXI@Z 0000000180026000 f   CctCharacterControllerManager.obj
 0001:00025070       ?onObstacleUpdated@CharacterControllerManager@Cct@physx@@QEBAXIPEBVPxObstacleContext@3@@Z 0000000180026070 f   CctCharacterControllerManager.obj
 0001:000251b0       ?onObstacleAdded@CharacterControllerManager@Cct@physx@@QEBAXIPEBVPxObstacleContext@3@@Z 00000001800261b0 f   CctCharacterControllerManager.obj
 0001:000252f0       ?releaseController@CharacterControllerManager@Cct@physx@@QEAAXAEAVPxController@3@@Z 00000001800262f0 f   CctCharacterControllerManager.obj
 0001:00025590       ?getControllers@CharacterControllerManager@Cct@physx@@QEAAPEAPEAVController@23@XZ 0000000180026590 f   CctCharacterControllerManager.obj
 0001:000255c0       ?releaseObstacleContext@CharacterControllerManager@Cct@physx@@QEAAXAEAVObstacleContext@23@@Z 00000001800265c0 f   CctCharacterControllerManager.obj
 0001:000256e0       ?resetObstaclesBuffers@CharacterControllerManager@Cct@physx@@QEAAXXZ 00000001800266e0 f   CctCharacterControllerManager.obj
 0001:00027580       ??$?2V?$ReflectionAllocator@VBoxController@Cct@physx@@@shdfnd@physx@@@UserAllocated@shdfnd@physx@@SAPEAX_KV?$ReflectionAllocator@VBoxController@Cct@physx@@@12@PEBDH@Z 0000000180028580 f i CctCharacterControllerManager.obj
 0001:000275d0       ??$?2V?$ReflectionAllocator@VCapsuleController@Cct@physx@@@shdfnd@physx@@@UserAllocated@shdfnd@physx@@SAPEAX_KV?$ReflectionAllocator@VCapsuleController@Cct@physx@@@12@PEBDH@Z 00000001800285d0 f i CctCharacterControllerManager.obj
 0001:00027620       ??$?2V?$ReflectionAllocator@VCharacterControllerManager@Cct@physx@@@shdfnd@physx@@@UserAllocated@shdfnd@physx@@SAPEAX_KV?$ReflectionAllocator@VCharacterControllerManager@Cct@physx@@@12@PEBDH@Z 0000000180028620 f i CctCharacterControllerManager.obj
 0001:00027670       ??$?2V?$ReflectionAllocator@VObstacleContext@Cct@physx@@@shdfnd@physx@@@UserAllocated@shdfnd@physx@@SAPEAX_KV?$ReflectionAllocator@VObstacleContext@Cct@physx@@@12@PEBDH@Z 0000000180028670 f i CctCharacterControllerManager.obj
 0001:000276c0       ??$?2V?$ReflectionAllocator@VRenderBuffer@Cm@physx@@@shdfnd@physx@@@UserAllocated@shdfnd@physx@@SAPEAX_KV?$ReflectionAllocator@VRenderBuffer@Cm@physx@@@12@PEBDH@Z 00000001800286c0 f i CctCharacterControllerManager.obj
 0001:00027710       ??$PX_UNUSED@W4Enum@PxDeletionEventFlag@physx@@@@YAXAEBW4Enum@PxDeletionEventFlag@physx@@@Z 0000000180028710 f i CctCharacterControllerManager.obj
 0001:00027720       ??$append@UPxDebugLine@physx@@@RenderBuffer@Cm@physx@@AEAAXAEAV?$Array@UPxDebugLine@physx@@VNamedAllocator@shdfnd@2@@shdfnd@2@PEBUPxDebugLine@2@I@Z 0000000180028720 f i CctCharacterControllerManager.obj
 0001:000277c0       ??$append@UPxDebugPoint@physx@@@RenderBuffer@Cm@physx@@AEAAXAEAV?$Array@UPxDebugPoint@physx@@VNamedAllocator@shdfnd@2@@shdfnd@2@PEBUPxDebugPoint@2@I@Z 00000001800287c0 f i CctCharacterControllerManager.obj
 0001:00027860       ??$append@UPxDebugText@physx@@@RenderBuffer@Cm@physx@@AEAAXAEAV?$Array@UPxDebugText@physx@@VNamedAllocator@shdfnd@2@@shdfnd@2@PEBUPxDebugText@2@I@Z 0000000180028860 f i CctCharacterControllerManager.obj
 0001:00027900       ??$append@UPxDebugTriangle@physx@@@RenderBuffer@Cm@physx@@AEAAXAEAV?$Array@UPxDebugTriangle@physx@@VNamedAllocator@shdfnd@2@@shdfnd@2@PEBUPxDebugTriangle@2@I@Z 0000000180028900 f i CctCharacterControllerManager.obj
 0001:000279a0       ??$resetOrClear@V?$Array@PEBXVNamedAllocator@shdfnd@physx@@@shdfnd@physx@@@@YAXAEAV?$Array@PEBXVNamedAllocator@shdfnd@physx@@@shdfnd@physx@@@Z 00000001800289a0 f i CctCharacterControllerManager.obj
 0001:00027a20       ??$resetOrClear@V?$Array@UPxExtendedCapsule@physx@@VNamedAllocator@shdfnd@2@@shdfnd@physx@@@@YAXAEAV?$Array@UPxExtendedCapsule@physx@@VNamedAllocator@shdfnd@2@@shdfnd@physx@@@Z 0000000180028a20 f i CctCharacterControllerManager.obj
 0001:00027aa0       ??$resetOrClear@V?$Array@VPxExtendedBox@physx@@VNamedAllocator@shdfnd@2@@shdfnd@physx@@@@YAXAEAV?$Array@VPxExtendedBox@physx@@VNamedAllocator@shdfnd@2@@shdfnd@physx@@@Z 0000000180028aa0 f i CctCharacterControllerManager.obj
 0001:00027b20       ??$swap@PEAVController@Cct@physx@@@shdfnd@physx@@YAXAEAPEAVController@Cct@1@0@Z 0000000180028b20 f i CctCharacterControllerManager.obj
 0001:00027b70       ??0?$Array@DVNamedAllocator@shdfnd@physx@@@shdfnd@physx@@QEAA@AEBVNamedAllocator@12@@Z 0000000180028b70 f i CctCharacterControllerManager.obj
 0001:00027bd0       ??0?$Array@PEAVController@Cct@physx@@VNamedAllocator@shdfnd@3@@shdfnd@physx@@QEAA@AEBVNamedAllocator@12@@Z 0000000180028bd0 f i CctCharacterControllerManager.obj
 0001:00027c30       ??0?$Array@PEAVObstacleContext@Cct@physx@@VNamedAllocator@shdfnd@3@@shdfnd@physx@@QEAA@AEBVNamedAllocator@12@@Z 0000000180028c30 f i CctCharacterControllerManager.obj
 0001:00027c90       ??0?$Array@PEBXVNamedAllocator@shdfnd@physx@@@shdfnd@physx@@QEAA@AEBVNamedAllocator@12@@Z 0000000180028c90 f i CctCharacterControllerManager.obj
[...]
 0004:0000273c       $pdata$?reserve@?$Array@PEAVPxShape@physx@@V?$InlineAllocator@$0IA@VNamedAllocator@shdfnd@physx@@@shdfnd@2@@shdfnd@physx@@QEAAXI@Z 000000018005873c     PhysX3ExtensionsDEBUG:ExtRigidBodyExt.obj
 0004:00002748       $pdata$?allocate@?$Array@PEAVPxShape@physx@@V?$InlineAllocator@$0IA@VNamedAllocator@shdfnd@physx@@@shdfnd@2@@shdfnd@physx@@IEAAPEAPEAVPxShape@3@I@Z 0000000180058748     PhysX3ExtensionsDEBUG:ExtRigidBodyExt.obj
 0004:00002754       $pdata$?deallocate@?$Array@PEAVPxShape@physx@@V?$InlineAllocator@$0IA@VNamedAllocator@shdfnd@physx@@@shdfnd@2@@shdfnd@physx@@IEAAXPEAX@Z 0000000180058754     PhysX3ExtensionsDEBUG:ExtRigidBodyExt.obj
 0004:00002760       $pdata$?create@?$Array@PEAVPxShape@physx@@V?$InlineAllocator@$0IA@VNamedAllocator@shdfnd@physx@@@shdfnd@2@@shdfnd@physx@@KAXPEAPEAVPxShape@3@0AEBQEAV43@@Z 0000000180058760     PhysX3ExtensionsDEBUG:ExtRigidBodyExt.obj
 0004:0000276c       $pdata$?copy@?$Array@PEAVPxShape@physx@@V?$InlineAllocator@$0IA@VNamedAllocator@shdfnd@physx@@@shdfnd@2@@shdfnd@physx@@KAXPEAPEAVPxShape@3@0PEBQEAV43@@Z 000000018005876c     PhysX3ExtensionsDEBUG:ExtRigidBodyExt.obj
 0004:00002778       $pdata$?grow@?$Array@PEAVPxShape@physx@@V?$InlineAllocator@$0IA@VNamedAllocator@shdfnd@physx@@@shdfnd@2@@shdfnd@physx@@IEAAXI@Z 0000000180058778     PhysX3ExtensionsDEBUG:ExtRigidBodyExt.obj
 0004:00002784       $pdata$?recreate@?$Array@PEAVPxShape@physx@@V?$InlineAllocator@$0IA@VNamedAllocator@shdfnd@physx@@@shdfnd@2@@shdfnd@physx@@IEAAXI@Z 0000000180058784     PhysX3ExtensionsDEBUG:ExtRigidBodyExt.obj
 0004:00002790       $pdata$??0?$InlineArray@PEAVPxShape@physx@@$0BA@VNamedAllocator@shdfnd@2@@shdfnd@physx@@QEAA@AEBVNamedAllocator@12@@Z 0000000180058790     PhysX3ExtensionsDEBUG:ExtRigidBodyExt.obj
 0004:0000279c       $pdata$??1?$InlineArray@PEAVPxShape@physx@@$0BA@VNamedAllocator@shdfnd@2@@shdfnd@physx@@QEAA@XZ 000000018005879c     PhysX3ExtensionsDEBUG:ExtRigidBodyExt.obj
 0004:000027a8       $pdata$??0?$InlineAllocator@$0DEA@VNamedAllocator@shdfnd@physx@@@shdfnd@physx@@QEAA@AEBVNamedAllocator@12@@Z 00000001800587a8     PhysX3ExtensionsDEBUG:ExtRigidBodyExt.obj
 0004:000027b4       $pdata$??0?$InlineAllocator@$0DEA@VNamedAllocator@shdfnd@physx@@@shdfnd@physx@@QEAA@AEBV012@@Z 00000001800587b4     PhysX3ExtensionsDEBUG:ExtRigidBodyExt.obj
 0004:000027c0       $pdata$?allocate@?$InlineAllocator@$0DEA@VNamedAllocator@shdfnd@physx@@@shdfnd@physx@@QEAAPEAXIPEBDH@Z 00000001800587c0     PhysX3ExtensionsDEBUG:ExtRigidBodyExt.obj
 0004:000027cc       $pdata$?deallocate@?$InlineAllocator@$0DEA@VNamedAllocator@shdfnd@physx@@@shdfnd@physx@@QEAAXPEAX@Z 00000001800587cc     PhysX3ExtensionsDEBUG:ExtRigidBodyExt.obj
 0004:000027d8       $pdata$??1?$InlineAllocator@$0DEA@VNamedAllocator@shdfnd@physx@@@shdfnd@physx@@QEAA@XZ 00000001800587d8     PhysX3ExtensionsDEBUG:ExtRigidBodyExt.obj
 0004:000027e4       $pdata$??0?$Array@VPxMassProperties@physx@@V?$InlineAllocator@$0DEA@VNamedAllocator@shdfnd@physx@@@shdfnd@2@@shdfnd@physx@@QEAA@AEBV?$InlineAllocator@$0DEA@VNamedAllocator@shdfnd@physx@@@12@@Z 00000001800587e4     PhysX3ExtensionsDEBUG:ExtRigidBodyExt.obj
 0004:000027f0       $pdata$??1?$Array@VPxMassProperties@physx@@V?$InlineAllocator@$0DEA@VNamedAllocator@shdfnd@physx@@@shdfnd@2@@shdfnd@physx@@QEAA@XZ 00000001800587f0     PhysX3ExtensionsDEBUG:ExtRigidBodyExt.obj
 0004:000027fc       $pdata$?pushBack@?$Array@VPxMassProperties@physx@@V?$InlineAllocator@$0DEA@VNamedAllocator@shdfnd@physx@@@shdfnd@2@@shdfnd@physx@@QEAAAEAVPxMassProperties@3@AEBV43@@Z 00000001800587fc     PhysX3ExtensionsDEBUG:ExtRigidBodyExt.obj
 0004:00002808       $pdata$?reserve@?$Array@VPxMassProperties@physx@@V?$InlineAllocator@$0DEA@VNamedAllocator@shdfnd@physx@@@shdfnd@2@@shdfnd@physx@@QEAAXI@Z 0000000180058808     PhysX3ExtensionsDEBUG:ExtRigidBodyExt.obj
 0004:00002814       $pdata$?allocate@?$Array@VPxMassProperties@physx@@V?$InlineAllocator@$0DEA@VNamedAllocator@shdfnd@physx@@@shdfnd@2@@shdfnd@physx@@IEAAPEAVPxMassProperties@3@I@Z 0000000180058814     PhysX3ExtensionsDEBUG:ExtRigidBodyExt.obj
 0004:00002820       $pdata$?deallocate@?$Array@VPxMassProperties@physx@@V?$InlineAllocator@$0DEA@VNamedAllocator@shdfnd@physx@@@shdfnd@2@@shdfnd@physx@@IEAAXPEAX@Z 0000000180058820     PhysX3ExtensionsDEBUG:ExtRigidBodyExt.obj
 0004:0000282c       $pdata$?copy@?$Array@VPxMassProperties@physx@@V?$InlineAllocator@$0DEA@VNamedAllocator@shdfnd@physx@@@shdfnd@2@@shdfnd@physx@@KAXPEAVPxMassProperties@3@0PEBV43@@Z 000000018005882c     PhysX3ExtensionsDEBUG:ExtRigidBodyExt.obj
 0004:00002838       $pdata$?growAndPushBack@?$Array@VPxMassProperties@physx@@V?$InlineAllocator@$0DEA@VNamedAllocator@shdfnd@physx@@@shdfnd@2@@shdfnd@physx@@IEAAAEAVPxMassProperties@3@AEBV43@@Z 0000000180058838     PhysX3ExtensionsDEBUG:ExtRigidBodyExt.obj
 0004:00002844       $pdata$?grow@?$Array@VPxMassProperties@physx@@V?$InlineAllocator@$0DEA@VNamedAllocator@shdfnd@physx@@@shdfnd@2@@shdfnd@physx@@IEAAXI@Z 0000000180058844     PhysX3ExtensionsDEBUG:ExtRigidBodyExt.obj
 0004:00002850       $pdata$?recreate@?$Array@VPxMassProperties@physx@@V?$InlineAllocator@$0DEA@VNamedAllocator@shdfnd@physx@@@shdfnd@2@@shdfnd@physx@@IEAAXI@Z 0000000180058850     PhysX3ExtensionsDEBUG:ExtRigidBodyExt.obj
 0004:0000285c       $pdata$?capacityIncrement@?$Array@VPxMassProperties@physx@@V?$InlineAllocator@$0DEA@VNamedAllocator@shdfnd@physx@@@shdfnd@2@@shdfnd@physx@@IEBAIXZ 000000018005885c     PhysX3ExtensionsDEBUG:ExtRigidBodyExt.obj
 0004:00002868       $pdata$??0?$InlineArray@VPxMassProperties@physx@@$0BA@VNamedAllocator@shdfnd@2@@shdfnd@physx@@QEAA@AEBVNamedAllocator@12@@Z 0000000180058868     PhysX3ExtensionsDEBUG:ExtRigidBodyExt.obj
 0004:00002874       $pdata$??1?$InlineArray@VPxMassProperties@physx@@$0BA@VNamedAllocator@shdfnd@2@@shdfnd@physx@@QEAA@XZ 0000000180058874     PhysX3ExtensionsDEBUG:ExtRigidBodyExt.obj
 0004:00002880       $pdata$??0?$InlineAllocator@$0BMA@VNamedAllocator@shdfnd@physx@@@shdfnd@physx@@QEAA@AEBVNamedAllocator@12@@Z 0000000180058880     PhysX3ExtensionsDEBUG:ExtRigidBodyExt.obj
 0004:0000288c       $pdata$??0?$InlineAllocator@$0BMA@VNamedAllocator@shdfnd@physx@@@shdfnd@physx@@QEAA@AEBV012@@Z 000000018005888c     PhysX3ExtensionsDEBUG:ExtRigidBodyExt.obj
 0004:00002898       $pdata$?allocate@?$InlineAllocator@$0BMA@VNamedAllocator@shdfnd@physx@@@shdfnd@physx@@QEAAPEAXIPEBDH@Z 0000000180058898     PhysX3ExtensionsDEBUG:ExtRigidBodyExt.obj
 0004:000028a4       $pdata$?deallocate@?$InlineAllocator@$0BMA@VNamedAllocator@shdfnd@physx@@@shdfnd@physx@@QEAAXPEAX@Z 00000001800588a4     PhysX3ExtensionsDEBUG:ExtRigidBodyExt.obj
 0004:000028b0       $pdata$??1?$InlineAllocator@$0BMA@VNamedAllocator@shdfnd@physx@@@shdfnd@physx@@QEAA@XZ 00000001800588b0     PhysX3ExtensionsDEBUG:ExtRigidBodyExt.obj
 0004:000028bc       $pdata$??0?$Array@VPxTransform@physx@@V?$InlineAllocator@$0BMA@VNamedAllocator@shdfnd@physx@@@shdfnd@2@@shdfnd@physx@@QEAA@AEBV?$InlineAllocator@$0BMA@VNamedAllocator@shdfnd@physx@@@12@@Z 00000001800588bc     PhysX3ExtensionsDEBUG:ExtRigidBodyExt.obj
 0004:000028c8       $pdata$??1?$Array@VPxTransform@physx@@V?$InlineAllocator@$0BMA@VNamedAllocator@shdfnd@physx@@@shdfnd@2@@shdfnd@physx@@QEAA@XZ 00000001800588c8     PhysX3ExtensionsDEBUG:ExtRigidBodyExt.obj
 0004:000028d4       $pdata$?pushBack@?$Array@VPxTransform@physx@@V?$InlineAllocator@$0BMA@VNamedAllocator@shdfnd@physx@@@shdfnd@2@@shdfnd@physx@@QEAAAEAVPxTransform@3@AEBV43@@Z 00000001800588d4     PhysX3ExtensionsDEBUG:ExtRigidBodyExt.obj
 0004:000028e0       $pdata$?reserve@?$Array@VPxTransform@physx@@V?$InlineAllocator@$0BMA@VNamedAllocator@shdfnd@physx@@@shdfnd@2@@shdfnd@physx@@QEAAXI@Z 00000001800588e0     PhysX3ExtensionsDEBUG:ExtRigidBodyExt.obj
 0004:000028ec       $pdata$?allocate@?$Array@VPxTransform@physx@@V?$InlineAllocator@$0BMA@VNamedAllocator@shdfnd@physx@@@shdfnd@2@@shdfnd@physx@@IEAAPEAVPxTransform@3@I@Z 00000001800588ec     PhysX3ExtensionsDEBUG:ExtRigidBodyExt.obj
 0004:000028f8       $pdata$?deallocate@?$Array@VPxTransform@physx@@V?$InlineAllocator@$0BMA@VNamedAllocator@shdfnd@physx@@@shdfnd@2@@shdfnd@physx@@IEAAXPEAX@Z 00000001800588f8     PhysX3ExtensionsDEBUG:ExtRigidBodyExt.obj
 0004:00002904       $pdata$?copy@?$Array@VPxTransform@physx@@V?$InlineAllocator@$0BMA@VNamedAllocator@shdfnd@physx@@@shdfnd@2@@shdfnd@physx@@KAXPEAVPxTransform@3@0PEBV43@@Z 0000000180058904     PhysX3ExtensionsDEBUG:ExtRigidBodyExt.obj
 0004:00002910       $pdata$?growAndPushBack@?$Array@VPxTransform@physx@@V?$InlineAllocator@$0BMA@VNamedAllocator@shdfnd@physx@@@shdfnd@2@@shdfnd@physx@@IEAAAEAVPxTransform@3@AEBV43@@Z 0000000180058910     PhysX3ExtensionsDEBUG:ExtRigidBodyExt.obj
 0004:0000291c       $pdata$?grow@?$Array@VPxTransform@physx@@V?$InlineAllocator@$0BMA@VNamedAllocator@shdfnd@physx@@@shdfnd@2@@shdfnd@physx@@IEAAXI@Z 000000018005891c     PhysX3ExtensionsDEBUG:ExtRigidBodyExt.obj
 0004:00002928       $pdata$?recreate@?$Array@VPxTransform@physx@@V?$InlineAllocator@$0BMA@VNamedAllocator@shdfnd@physx@@@shdfnd@2@@shdfnd@physx@@IEAAXI@Z 0000000180058928     PhysX3ExtensionsDEBUG:ExtRigidBodyExt.obj
 0004:00002934       $pdata$?capacityIncrement@?$Array@VPxTransform@physx@@V?$InlineAllocator@$0BMA@VNamedAllocator@shdfnd@physx@@@shdfnd@2@@shdfnd@physx@@IEBAIXZ 0000000180058934     PhysX3ExtensionsDEBUG:ExtRigidBodyExt.obj
 0004:00002940       $pdata$??0?$InlineArray@VPxTransform@physx@@$0BA@VNamedAllocator@shdfnd@2@@shdfnd@physx@@QEAA@AEBVNamedAllocator@12@@Z 0000000180058940     PhysX3ExtensionsDEBUG:ExtRigidBodyExt.obj
 0004:0000294c       $pdata$??1?$InlineArray@VPxTransform@physx@@$0BA@VNamedAllocator@shdfnd@2@@shdfnd@physx@@QEAA@XZ 000000018005894c     PhysX3ExtensionsDEBUG:ExtRigidBodyExt.obj
 0004:00002958       $pdata$?addForceAtPosInternal@@YAXAEAVPxRigidBody@physx@@AEBVPxVec3@2@1W4Enum@PxForceMode@2@_N@Z 0000000180058958     PhysX3ExtensionsDEBUG:ExtRigidBodyExt.obj
 0004:00002964       $pdata$?getVelocityAtPosInternal@@YA?AVPxVec3@physx@@AEBVPxRigidBody@2@AEBV12@@Z 0000000180058964     PhysX3ExtensionsDEBUG:ExtRigidBodyExt.obj
 0004:00002970       $pdata$??3@YAXPEAX_K@Z     0000000180058970     MSVCRTD:delete_scalar_size.obj
 0004:0000297c       $pdata$??_V@YAXPEAX_K@Z    000000018005897c     MSVCRTD:delete_array_size.obj
 0004:00002988       $pdata$_RTC_Shutdown       0000000180058988     MSVCRTD:init.obj
 0004:00002994       $pdata$_RTC_InitBase       0000000180058994     MSVCRTD:init.obj
 0004:000029ac       $pdata$?__scrt_initialize_type_info@@YAXXZ 00000001800589ac     MSVCRTD:tncleanup.obj
 0004:000029b8       $pdata$?__scrt_uninitialize_type_info@@YAXXZ 00000001800589b8     MSVCRTD:tncleanup.obj
 0004:000029c4       $pdata$??_Gtype_info@@UEAAPEAXI@Z 00000001800589c4     MSVCRTD:std_type_info_static.obj
 0004:000029d0       $pdata$?dllmain_crt_process_attach@@YAHQEAUHINSTANCE__@@QEAX@Z 00000001800589d0     MSVCRTD:dll_dllmain.obj
 0004:000029dc       $pdata$?fin$0@?0??dllmain_crt_process_attach@@YAHQEAUHINSTANCE__@@QEAX@Z@4HA 00000001800589dc     MSVCRTD:dll_dllmain.obj
 0004:000029e8       $pdata$?dllmain_crt_process_detach@@YAH_N@Z 00000001800589e8     MSVCRTD:dll_dllmain.obj
 0004:000029f4       $pdata$?fin$0@?0??dllmain_crt_process_detach@@YAH_N@Z@4HA 00000001800589f4     MSVCRTD:dll_dllmain.obj
 0004:00002a00       $pdata$?dllmain_crt_dispatch@@YAHQEAUHINSTANCE__@@KQEAX@Z 0000000180058a00     MSVCRTD:dll_dllmain.obj
 0004:00002a0c       $pdata$_CRT_INIT           0000000180058a0c     MSVCRTD:dll_dllmain.obj
 0004:00002a18       $pdata$?dllmain_raw@@YAHQEAUHINSTANCE__@@KQEAX@Z 0000000180058a18     MSVCRTD:dll_dllmain.obj
 0004:00002a24       $pdata$?dllmain_dispatch@@YAHQEAUHINSTANCE__@@KQEAX@Z 0000000180058a24     MSVCRTD:dll_dllmain.obj
 0004:00002a30       $pdata$?filt$0@?0??dllmain_dispatch@@YAHQEAUHINSTANCE__@@KQEAX@Z@4HA 0000000180058a30     MSVCRTD:dll_dllmain.obj
 0004:00002a3c       $pdata$_DllMainCRTStartup  0000000180058a3c     MSVCRTD:dll_dllmain.obj
 0004:00002a48       $pdata$??3@YAXPEAX@Z       0000000180058a48     MSVCRTD:delete_scalar.obj
 0004:00002a54       $pdata$??_V@YAXPEAX@Z      0000000180058a54     MSVCRTD:delete_array.obj
 0004:00002a60       $pdata$__security_init_cookie 0000000180058a60     MSVCRTD:gs_support.obj
 0004:00002a6c       $pdata$__get_entropy       0000000180058a6c     MSVCRTD:gs_support.obj
 0004:00002a78       $pdata$DllMain             0000000180058a78     MSVCRTD:dll_dllmain_stub.obj
 0004:00002a84       $pdata$__scrt_initialize_default_local_stdio_options 0000000180058a84     MSVCRTD:default_local_stdio_options.obj
 0004:00002a90       $pdata$atexit              0000000180058a90     MSVCRTD:utility.obj
 0004:00002a9c       $pdata$_onexit             0000000180058a9c     MSVCRTD:utility.obj
 0004:00002aa8       $pdata$at_quick_exit       0000000180058aa8     MSVCRTD:utility.obj
 0004:00002ab4       $pdata$__scrt_is_nonwritable_in_current_image 0000000180058ab4     MSVCRTD:utility.obj
 0004:00002ac0       $pdata$__scrt_is_nonwritable_in_current_image$filt$0 0000000180058ac0     MSVCRTD:utility.obj
 0004:00002acc       $pdata$__scrt_acquire_startup_lock 0000000180058acc     MSVCRTD:utility.obj
 0004:00002ad8       $pdata$__scrt_release_startup_lock 0000000180058ad8     MSVCRTD:utility.obj
 0004:00002ae4       $pdata$__scrt_initialize_crt 0000000180058ae4     MSVCRTD:utility.obj
 0004:00002af0       $pdata$__scrt_uninitialize_crt 0000000180058af0     MSVCRTD:utility.obj
 0004:00002afc       $pdata$__scrt_initialize_onexit_tables 0000000180058afc     MSVCRTD:utility.obj
 0004:00002b08       $pdata$__scrt_dllmain_exception_filter 0000000180058b08     MSVCRTD:utility.obj
 0004:00002b14       $pdata$__scrt_dllmain_before_initialize_c 0000000180058b14     MSVCRTD:utility.obj
 0004:00002b20       $pdata$__scrt_dllmain_after_initialize_c 0000000180058b20     MSVCRTD:utility.obj
 0004:00002b2c       $pdata$__scrt_dllmain_uninitialize_c 0000000180058b2c     MSVCRTD:utility.obj
 0004:00002b38       $pdata$__scrt_dllmain_uninitialize_critical 0000000180058b38     MSVCRTD:utility.obj
 0004:00002b44       $pdata$__scrt_dllmain_crt_thread_attach 0000000180058b44     MSVCRTD:utility.obj
 0004:00002b50       $pdata$__scrt_dllmain_crt_thread_detach 0000000180058b50     MSVCRTD:utility.obj
 0004:00002b5c       $pdata$?configure_argv@__scrt_narrow_argv_policy@@SAHXZ 0000000180058b5c     MSVCRTD:utility.obj
 0004:00002b68       $pdata$?initialize_environment@__scrt_narrow_environment_policy@@SAHXZ 0000000180058b68     MSVCRTD:utility.obj
 0004:00002b74       $pdata$?is_potentially_valid_image_base@@YA_NQEAX@Z 0000000180058b74     MSVCRTD:utility.obj
 0004:00002b80       $pdata$?find_pe_section@@YAPEAU_IMAGE_SECTION_HEADER@@QEAE_K@Z 0000000180058b80     MSVCRTD:utility.obj
 0004:00002b8c       $pdata$??$__crt_fast_decode_pointer@PEAP6AXXZ@@YAPEAP6AXXZQEAP6AXXZ@Z 0000000180058b8c     MSVCRTD:utility.obj
 0004:00002b98       $pdata$??$__crt_fast_encode_pointer@PEAP6AXXZ@@YAPEAP6AXXZQEAP6AXXZ@Z 0000000180058b98     MSVCRTD:utility.obj
 0004:00002ba4       $pdata$__scrt_get_show_window_mode 0000000180058ba4     MSVCRTD:utility_desktop.obj
 0004:00002bb0       $pdata$__scrt_is_managed_app 0000000180058bb0     MSVCRTD:utility_desktop.obj
 0004:00002bbc       $pdata$__scrt_initialize_mta 0000000180058bbc     MSVCRTD:utility_desktop.obj
 0004:00002bc8       $pdata$__scrt_set_unhandled_exception_filter 0000000180058bc8     MSVCRTD:utility_desktop.obj
 0004:00002bd4       $pdata$__scrt_fastfail     0000000180058bd4     MSVCRTD:utility_desktop.obj
 0004:00002be0       $pdata$__scrt_unhandled_exception_filter 0000000180058be0     MSVCRTD:utility_desktop.obj
 0004:00002bec       $pdata$_RTC_Initialize     0000000180058bec     MSVCRTD:initsect.obj
 0004:00002bf8       $pdata$_RTC_Terminate      0000000180058bf8     MSVCRTD:initsect.obj
 0004:00002c04       $pdata$ReadNoFence64       0000000180058c04     MSVCRTD:guard_support.obj
 0004:00002c10       $pdata$ReadPointerNoFence  0000000180058c10     MSVCRTD:guard_support.obj
 0004:00002c1c       $pdata$_guard_icall_checks_enforced 0000000180058c1c     MSVCRTD:guard_support.obj
 0004:00002c28       $pdata$_RTC_UninitUse      0000000180058c28     MSVCRTD:error.obj
 0004:00002c34       $pdata$?_RTC_StackFailure@@YAXPEAXPEBD@Z 0000000180058c34     MSVCRTD:error.obj
 0004:00002c40       $pdata$?_RTC_AllocaFailure@@YAXPEAXPEAU_RTC_ALLOCA_NODE@@H@Z 0000000180058c40     MSVCRTD:error.obj
 0004:00002c4c       $pdata$0$?_RTC_AllocaFailure@@YAXPEAXPEAU_RTC_ALLOCA_NODE@@H@Z 0000000180058c4c     MSVCRTD:error.obj
 0004:00002c58       $pdata$1$?_RTC_AllocaFailure@@YAXPEAXPEAU_RTC_ALLOCA_NODE@@H@Z 0000000180058c58     MSVCRTD:error.obj
 0004:00002c64       $pdata$_vsprintf_s_l       0000000180058c64     MSVCRTD:error.obj
 0004:00002c70       $pdata$sprintf_s           0000000180058c70     MSVCRTD:error.obj
 0004:00002c7c       $pdata$?notify_debugger@@YAXAEBUtagEXCEPTION_VISUALCPP_DEBUG_INFO@@@Z 0000000180058c7c     MSVCRTD:error.obj
 0004:00002c88       $pdata$?filt$0@?0??notify_debugger@@YAXAEBUtagEXCEPTION_VISUALCPP_DEBUG_INFO@@@Z@4HA 0000000180058c88     MSVCRTD:error.obj
 0004:00002c94       $pdata$?DebuggerProbe@@YA_NK@Z 0000000180058c94     MSVCRTD:error.obj
 0004:00002ca0       $pdata$?DebuggerRuntime@@YA_NKHPEAXPEB_W@Z 0000000180058ca0     MSVCRTD:error.obj
 0004:00002cac       $pdata$?failwithmessage@@YAXPEAXHHPEBD@Z 0000000180058cac     MSVCRTD:error.obj
 0004:00002cb8       $pdata$?_getMemBlockDataString@@YAXPEAD0PEBD_K@Z 0000000180058cb8     MSVCRTD:error.obj
 0004:00002cc4       $pdata$3$?_getMemBlockDataString@@YAXPEAD0PEBD_K@Z 0000000180058cc4     MSVCRTD:error.obj
 0004:00002cd0       $pdata$4$?_getMemBlockDataString@@YAXPEAD0PEBD_K@Z 0000000180058cd0     MSVCRTD:error.obj
 0004:00002cdc       $pdata$__isa_available_init 0000000180058cdc     MSVCRTD:cpu_disp.obj
 0004:00002ce8       $pdata$__scrt_is_ucrt_dll_in_use 0000000180058ce8     MSVCRTD:ucrt_detection.obj
 0004:00002d00       $pdata$?_RTC_GetSrcLine@@YAHPEAEPEA_WKPEAH1K@Z 0000000180058d00     MSVCRTD:pdblkup.obj
 0004:00002d0c       $pdata$?GetPdbDllFromInstallPath@@YAPEAUHINSTANCE__@@XZ 0000000180058d0c     MSVCRTD:pdblkup.obj
 0004:00002d18       $pdata$?GetPdbDllPathFromFilePath@@YAHPEB_WPEA_W_K@Z 0000000180058d18     MSVCRTD:pdblkup.obj
 0004:00002d24       $pdata$?GetPdbDll@@YAPEAUHINSTANCE__@@XZ 0000000180058d24     MSVCRTD:pdblkup.obj
 0004:00002d30       $pdata$__GSHandlerCheckCommon 0000000180058d30     MSVCRTD:gshandler.obj
 0004:00002d3c       $pdata$__GSHandlerCheck    0000000180058d3c     MSVCRTD:gshandler.obj
 0004:00002d54       $pdata$__report_securityfailure 0000000180058d54     MSVCRTD:gs_report.obj
 0004:00002d60       $pdata$__report_securityfailureEx 0000000180058d60     MSVCRTD:gs_report.obj
 0004:00002d6c       $pdata$__report_rangecheckfailure 0000000180058d6c     MSVCRTD:gs_report.obj
 0004:00002d78       $pdata$__report_gsfailure  0000000180058d78     MSVCRTD:gs_report.obj
 0004:00002d84       $pdata$capture_current_context 0000000180058d84     MSVCRTD:gs_report.obj
 0004:00002d90       $pdata$capture_previous_context 0000000180058d90     MSVCRTD:gs_report.obj
 0004:00002d9c       $pdata$__raise_securityfailure 0000000180058d9c     MSVCRTD:gs_report.obj
 0005:00000f56       .idata$6                   000000018005af56     PxFoundationDEBUG_x64:PxFoundationDEBUG_x64.dll
 0005:00001766       .idata$6                   000000018005b766     PhysX3CommonDEBUG_x64:PhysX3CommonDEBUG_x64.dll
 0005:0000185e       .idata$6                   000000018005b85e     vcruntimed:VCRUNTIME140D.dll
 0005:00001a0c       .idata$6                   000000018005ba0c     ucrtd:ucrtbased.dll
 0005:00001c4e       .idata$6                   000000018005bc4e     kernel32:KERNEL32.dll
 0007:000001c0       $R000000                   000000018005d1c0     PhysX3CharacterKinematic.res
 0007:00000540       $R000380                   000000018005d540     PhysX3CharacterKinematic.res
